{
  "commit": "7166534a9f47a201e5ab580a843c14ba2a910891",
  "course_boundary": 270,
  "full_links": 44907,
  "null_exponents": 11915,
  "evidence_headwords": 7073,
  "evidence_pairs": 15452,
  "sha256": {
    "data/hgm_dictionary_v27_2.json.gz": "3a99603cd9428f0d04e67c7d2790cc093f272162e7bf6278906a4b635f962253",
    "data/full_parallel_corpus_v32.json.gz": "1a1d8764a960c119d227c3cb7a7b0cb03073f9dc54116a3ec4e585c40323ddf8",
    "data/alignment/alignment_full_v1.json": "f336e42b01d66862203e5af50374b4142c25551c1c7a8866ad32a70942dcb917",
    "data/alignment/alignment_evidence_v1.json": "46b63bebb98563a80d02c2048046dd1bcfa95286cb35173d38bd9e3d278fc19f",
    "docs/geshe_michael_roach_dictionary.html": "9f6aca24326f4807f9edf7fa99fe88a6dc73e74e13e87f7dd6d5f89b37603dcf",
    "docs/geshe_michael_roach_dictionary.csv": "105f869bbc7f04032e083e637c32d10837029c6428b512b89a0458d6ef54bf5b",
    "docs/geshe_michael_roach_dictionary_reverse.csv": "9dd8efae0676ae199dd9c90116045d2b206f20fa31ba60e33727702763db2ae8",
    "docs/geshe_michael_roach_dictionary_by_course.csv": "5f38ffceaf3b1b23393285b36ccc485cd996742800b265fe917aeb9651aace97",
    "docs/geshe_michael_roach_dictionary_changes.csv": "0f362c6b6d662cd761367a4f79dbc4ab422ce09fa76793476e9e91b1bf0bc390"
  },
  "required_reference_paths_readable": 8,
  "source_snapshot_matches_spine": true,
  "source_snapshot_fields": [
    "id",
    "course",
    "seq",
    "acip",
    "wylie",
    "english"
  ]
}
