{
  "baseline_commit": "81942cfc6022a785894d3cc2a20de81dc4c6f599",
  "page": "c5p92",
  "segments": [
    274,
    275,
    276
  ],
  "prior_links_retained": 45011,
  "added_links": 115,
  "added_by_segment": {
    "274": 43,
    "275": 60,
    "276": 12
  },
  "reviewed_analyst_spans": 112,
  "full_links": 45126,
  "null_exponents": 11926,
  "evidence_headwords": 7083,
  "evidence_pairs": 15500,
  "prior_notes_trees_evidence_and_acip_retained": true,
  "prior_csv_rows_retained": 22413,
  "current_csv_rows": 22457,
  "prior_csv_content_and_references_retained": true,
  "csv_acip_enrichments_from_newly_banked_source": [],
  "source_hashes_unchanged": true,
  "review_tuples_and_source_ranges_match": true,
  "navigation_targets_exist": true,
  "rendering_verified": false
}
