{
  "checked_at": "2026-09-13T15:40:53.190744+00:00",
  "head": "81942cfc6022a785894d3cc2a20de81dc4c6f599",
  "page": 92,
  "segments": [
    274,
    275,
    276
  ],
  "totals": {
    "spans": 112,
    "nulls": 3,
    "word_pairs": 81
  },
  "exact_final_hashes_counts_and_ranges": true,
  "manifest_records": 3234,
  "historical_git_records": 14,
  "original_review_bytes_identical": true,
  "landed_bytes_checked": false,
  "review_sha256": "ba2c96b8a0ee4e623348e358522d042e74bf559a8be17f27d6d7558d4ab4c236",
  "review_json_sha256": "29b297996a7588fb8ad5557af27665001d3c2368b70baef16be8136cc7579623"
}
