{
  "checks": {
    "spine": {
      "bytes": 249167872,
      "sha256": "5e69b42905428f10b20462e57cd0f07a4e5aa0568aa6cdd5c619456c4ce9c6dc",
      "matches": true
    },
    "master": {
      "bytes": 13393560,
      "sha256": "3a99603cd9428f0d04e67c7d2790cc093f272162e7bf6278906a4b635f962253",
      "matches": true
    },
    "corpus": {
      "bytes": 8965675,
      "sha256": "1a1d8764a960c119d227c3cb7a7b0cb03073f9dc54116a3ec4e585c40323ddf8",
      "matches": true
    },
    "source": {
      "bytes": 3949,
      "sha256": "94444a0f32c1a668e91d77e643cb933dea774ee05a072d72d9ae04641ddb2fad",
      "matches": true
    },
    "context": {
      "bytes": 20853,
      "sha256": "25a03c8a27deaba60b1d1e5999e305dc82a9d0bed1f7b73cabc0b7385f3ae07d",
      "matches": true
    },
    "physical": {
      "bytes": 329826,
      "sha256": "5db16c3a4f28314f6359dcdb371b6488250cdff5048bbd6d345813204333a9fb",
      "matches": true
    }
  },
  "summary": {
    "lcags sreg": [
      [
        "burning steel"
      ],
      [
        "burning steel"
      ]
    ],
    "sreg": [
      [
        "cooking",
        "burning",
        "parched",
        "dry"
      ],
      [
        "cooking",
        "burning",
        "parched",
        "dry"
      ]
    ],
    "gtub": [],
    "dngos gnas": [
      [
        "real",
        "actual"
      ],
      [
        "real",
        "actual"
      ]
    ],
    "dngos gnas pa": [
      [
        "actual",
        "real?",
        "real",
        "actual objects",
        "perform any real actions"
      ],
      [
        "actual",
        "real?",
        "real",
        "actual objects",
        "perform any real actions"
      ]
    ],
    "sdug bsngal": [
      [
        "suffering",
        "sufferings"
      ],
      [
        "suffering",
        "sufferings"
      ],
      [
        "sufferings",
        "suffering",
        "pain",
        "the suffering",
        "suffering ... suffering ... suffering",
        "suffer",
        "pains",
        "every kind of pain",
        "all the pain",
        "the sufferings",
        "all pain",
        "torments",
        "suffering ... suffering ... suffering ... suffering",
        "torment",
        "experience of suffering",
        "painful",
        "suffering)",
        "unwantables"
      ]
    ],
    "mig shes": [
      [
        "visual consciousness",
        "visual consciousnesses",
        "consciousness of the eye",
        "eye consciousness",
        "sees"
      ],
      [
        "visual consciousness",
        "visual consciousnesses",
        "consciousness of the eye",
        "eye consciousness",
        "sees"
      ]
    ],
    "tshad ma": [
      [
        "valid perception",
        "authoritative",
        "valid",
        "authentic",
        "logic",
        "correct methods of perception",
        "valid form of perception",
        "totally correct",
        "correct perceptions",
        "credible",
        "perceptions",
        "see",
        "genuine",
        "perception ... genuine",
        "sees ... genuine",
        "valid perceptions",
        "correct",
        "correct perception",
        "perfectly correct",
        "total correctness",
        "t perception",
        "genuinely",
        "accurate belief"
      ],
      [
        "valid perception",
        "authoritative",
        "valid",
        "authentic",
        "logic",
        "correct methods of perception",
        "valid form of perception",
        "totally correct",
        "correct perceptions",
        "credible",
        "perceptions",
        "see",
        "genuine",
        "perception ... genuine",
        "sees ... genuine",
        "valid perceptions",
        "correct",
        "correct perception",
        "perfectly correct",
        "total correctness",
        "t perception",
        "genuinely",
        "accurate belief"
      ]
    ],
    "tshad mar song ba": [],
    "rnag khrag": [
      [
        "pus and blood",
        "blood and pus"
      ],
      [
        "pus and blood",
        "blood and pus"
      ]
    ],
    "rnag": [
      [
        "blood and pus",
        "pus",
        "blood",
        "pus?"
      ],
      [
        "blood and pus",
        "pus",
        "blood",
        "pus?"
      ]
    ],
    "khrag": [
      [
        "blood",
        "pus"
      ],
      [
        "blood",
        "pus"
      ]
    ],
    "'dod": [
      [
        "interest",
        "want",
        "that you could",
        "desire",
        "wish",
        "say",
        "claim",
        "craving",
        "accept",
        "believe",
        "desiring",
        "resolve",
        "assert",
        "meant",
        "agree",
        "asserting",
        "hopes",
        "claim ... say",
        "hope",
        "said",
        "seek",
        "are",
        "establish",
        "view",
        "agreeing",
        "held",
        "admit",
        "desire realm",
        "accepted",
        "true",
        "intent"
      ],
      [
        "interest",
        "want",
        "that you could",
        "desire",
        "wish",
        "say",
        "claim",
        "craving",
        "accept",
        "believe",
        "desiring",
        "resolve",
        "assert",
        "meant",
        "agree",
        "asserting",
        "hopes",
        "claim ... say",
        "hope",
        "said",
        "seek",
        "are",
        "establish",
        "view",
        "agreeing",
        "held",
        "admit",
        "desire realm",
        "accepted",
        "true",
        "intent"
      ]
    ],
    "'dod pa": [
      [
        "intention",
        "desire",
        "someone who wants",
        "who wish",
        "wish",
        "those who wish",
        "the wish",
        "wants",
        "desire realm",
        "desire?",
        "attracted",
        "assert",
        "position",
        "accepted",
        "hoped",
        "hope",
        "accept",
        "say",
        "believe",
        "accepts",
        "fact",
        "think",
        "posit",
        "propose",
        "believed",
        "agreed",
        "agree",
        "hold ... hold",
        "meaning",
        "believes",
        "admission",
        "to assert",
        "aspirations",
        "believed ... believed",
        "belief",
        "asserting",
        "wishes",
        "desirable",
        "desires",
        "we say",
        "according to",
        "desire-realm",
        "view",
        "want",
        "said to",
        "realm of desire",
        "wanting"
      ],
      [
        "intention",
        "desire",
        "someone who wants",
        "who wish",
        "wish",
        "those who wish",
        "the wish",
        "wants",
        "desire realm",
        "desire?",
        "attracted",
        "assert",
        "position",
        "accepted",
        "hoped",
        "hope",
        "accept",
        "say",
        "believe",
        "accepts",
        "fact",
        "think",
        "posit",
        "propose",
        "believed",
        "agreed",
        "agree",
        "hold ... hold",
        "meaning",
        "believes",
        "admission",
        "to assert",
        "aspirations",
        "believed ... believed",
        "belief",
        "asserting",
        "wishes",
        "desirable",
        "desires",
        "we say",
        "according to",
        "desire-realm",
        "view",
        "want",
        "said to",
        "realm of desire",
        "wanting"
      ]
    ],
    "dmyal ba": [
      [
        "the hells",
        "hellbeings",
        "hells",
        "hell being",
        "hell beings",
        "the hell",
        "hell",
        "hell-beings",
        "hell beings [sanskrit: naraka]",
        "hell realms",
        "born into the hells",
        "hellbeing"
      ],
      [
        "the hells",
        "hellbeings",
        "hells",
        "hell being",
        "hell beings",
        "the hell",
        "hell",
        "hell-beings",
        "hell beings [sanskrit: naraka]",
        "hell realms",
        "born into the hells",
        "hellbeing"
      ]
    ],
    "yi dvags": [
      [
        "craving spirit",
        "craving spirits",
        "craving spirits [preta]",
        "spirits",
        "insatiable spirit"
      ],
      [
        "craving spirit",
        "craving spirits",
        "craving spirits [preta]",
        "spirits",
        "insatiable spirit"
      ]
    ],
    "myong": [
      [
        "experience",
        "experiencing",
        "experienced",
        "undergo",
        "does feel",
        "feels",
        "experiences",
        "result",
        "feel"
      ],
      [
        "experience",
        "experiencing",
        "experienced",
        "undergo",
        "does feel",
        "feels",
        "experiences",
        "result",
        "feel"
      ]
    ],
    "myong ba": [
      [
        "fluency",
        "enjoying",
        "experience",
        "undergo",
        "experiencer",
        "experiences",
        "experienced",
        "felt",
        "feels",
        "taste",
        "experience)",
        "achieve",
        "undergoing",
        "accustomed"
      ],
      [
        "fluency",
        "enjoying",
        "experience",
        "undergo",
        "experiencer",
        "experiences",
        "experienced",
        "felt",
        "feels",
        "taste",
        "experience)",
        "achieve",
        "undergoing",
        "accustomed"
      ]
    ],
    "'grub": [
      [
        "proves",
        "come",
        "established"
      ],
      [
        "proves",
        "come",
        "established"
      ]
    ],
    "'grub pa": [
      [
        "become",
        "reached",
        "accomplish",
        "confirm"
      ],
      [
        "become",
        "reached",
        "accomplish",
        "confirm"
      ]
    ],
    "longs spyod": [
      [
        "possessions",
        "partake",
        "belongings",
        "things they use",
        "property",
        "wealth",
        "material wealth",
        "enjoyments",
        "wealth of material things"
      ],
      [
        "possessions",
        "partake",
        "belongings",
        "things they use",
        "property",
        "wealth",
        "material wealth",
        "enjoyments",
        "wealth of material things"
      ]
    ],
    "longs spyod pa": [
      [
        "enjoy the use",
        "enjoying",
        "experienced",
        "partake",
        "enjoy",
        "contents",
        "eat or drink",
        "enjoyment"
      ],
      [
        "enjoy the use",
        "enjoying",
        "experienced",
        "partake",
        "enjoy",
        "contents",
        "eat or drink",
        "enjoyment"
      ]
    ],
    "'tshig": [
      [
        "situation the craving spirit"
      ]
    ],
    "'tshig pa": [
      [
        "sizzle"
      ],
      [
        "sizzle"
      ]
    ],
    "'tshod": [
      [
        "situation the craving spirit"
      ]
    ],
    "'tshod par byed pa": [
      null
    ],
    "'khrud": [
      [
        "situation the craving spirit"
      ]
    ],
    "'khrud pa": [
      [
        "wash",
        "washes"
      ],
      [
        "wash",
        "washes"
      ]
    ],
    "lto ba": [
      [
        "stomach"
      ],
      [
        "stomach"
      ]
    ],
    "mgrin pa": [
      [
        "throat",
        "throats",
        "neck"
      ],
      [
        "throat",
        "throats",
        "neck"
      ]
    ],
    "blos rlom": [],
    "rlom": [
      [
        "made ... up in ... thoughts"
      ],
      [
        "made ... up in ... thoughts"
      ]
    ],
    "rlom pa": [
      [
        "imagined",
        "mistaken",
        "imagination"
      ],
      [
        "imagined",
        "mistaken",
        "imagination"
      ]
    ],
    "rang": [
      [
        "i",
        "you",
        "himself or herself",
        "yourself",
        "your",
        "own",
        "my",
        "oneself",
        "within",
        "nature",
        "self-made buddha",
        "itself",
        "its own",
        "self-made",
        "their own",
        "us",
        "himself",
        "our own",
        "those who follow the independent",
        "independent",
        "them",
        "themselves",
        "auto",
        "own ... own",
        "nature of existing",
        "their",
        "his own",
        "it",
        "one's own",
        "self",
        "myself",
        "me"
      ],
      [
        "i",
        "you",
        "himself or herself",
        "yourself",
        "your",
        "own",
        "my",
        "oneself",
        "within",
        "nature",
        "self-made buddha",
        "itself",
        "its own",
        "self-made",
        "their own",
        "us",
        "himself",
        "our own",
        "those who follow the independent",
        "independent",
        "them",
        "themselves",
        "auto",
        "own ... own",
        "nature of existing",
        "their",
        "his own",
        "it",
        "one's own",
        "self",
        "myself",
        "me"
      ]
    ],
    "rang gi": [
      [
        "my",
        "your",
        "their own",
        "one's own",
        "her own",
        "that you own",
        "my ... my",
        "his",
        "my own",
        "i",
        "its",
        "their",
        "you and i have taken",
        "its own",
        "our own",
        "its own ... its own",
        "own",
        "on their own",
        "with it",
        "s own",
        "its very being",
        "his own",
        "one's"
      ],
      [
        "my",
        "your",
        "their own",
        "one's own",
        "her own",
        "that you own",
        "my ... my",
        "his",
        "my own",
        "i",
        "its",
        "their",
        "you and i have taken",
        "its own",
        "our own",
        "its own ... its own",
        "own",
        "on their own",
        "with it",
        "s own",
        "its very being",
        "his own",
        "one's"
      ]
    ],
    "tsam": [
      [
        "only",
        "just",
        "no more than",
        "no less than",
        "itself",
        "simply",
        "the size of",
        "alone",
        "merely",
        "it looks like",
        "mere",
        "about",
        "as such",
        "nothing but",
        "all",
        "simple",
        "nothing more than",
        "solely",
        "in themselves",
        "themselves",
        "even",
        "itself ... itself",
        "raw",
        "sole",
        "only condition",
        "time",
        "just ... just ... just",
        "all it takes",
        "as soon as",
        "amount",
        "exclusively",
        "nothing more",
        "bare"
      ],
      [
        "only",
        "just",
        "no more than",
        "no less than",
        "itself",
        "simply",
        "the size of",
        "alone",
        "merely",
        "it looks like",
        "mere",
        "about",
        "as such",
        "nothing but",
        "all",
        "simple",
        "nothing more than",
        "solely",
        "in themselves",
        "themselves",
        "even",
        "itself ... itself",
        "raw",
        "sole",
        "only condition",
        "time",
        "just ... just ... just",
        "all it takes",
        "as soon as",
        "amount",
        "exclusively",
        "nothing more",
        "bare"
      ]
    ],
    "mtshungs": [
      [
        "equally",
        "parallel",
        "we could just as well",
        "same",
        "the same",
        "the same thing",
        "just the same",
        "the same as",
        "would be just the same",
        "equivalent",
        "exactly the same",
        "identical",
        "exactly the same!",
        "similar"
      ],
      [
        "equally",
        "parallel",
        "we could just as well",
        "same",
        "the same",
        "the same thing",
        "just the same",
        "the same as",
        "would be just the same",
        "equivalent",
        "exactly the same",
        "identical",
        "exactly the same!",
        "similar"
      ]
    ],
    "mi mtshungs": [
      [
        "not the same"
      ],
      [
        "not the same"
      ]
    ],
    "kho na re": [
      [
        "someone might raise the following objection:",
        "someone may make the following objection:",
        "someone might ask",
        "someone may object to the last point,",
        "one might raise the following objection",
        "the opponent may respond as follows",
        "someone may",
        "someone",
        "then someone else comes and makes the following claim",
        "someone may make the following objection",
        "someone may answer",
        "someone may object"
      ],
      [
        "someone might raise the following objection:",
        "someone may make the following objection:",
        "someone might ask",
        "someone may object to the last point,",
        "one might raise the following objection",
        "the opponent may respond as follows",
        "someone may",
        "someone",
        "then someone else comes and makes the following claim",
        "someone may make the following objection",
        "someone may answer",
        "someone may object"
      ]
    ],
    "'byung ba": [
      [
        "has committed",
        "committing",
        "gain",
        "commit",
        "is committed",
        "issue from",
        "occur",
        "left behind",
        "issuing from",
        "come",
        "appearance",
        "derivatives",
        "start to feel",
        "evidence",
        "issue",
        "are headed",
        "to come",
        "radiant",
        "experiences",
        "brought",
        "comes",
        "would come",
        "obtains",
        "obtain",
        "happen",
        "collects",
        "happens",
        "come back",
        "came",
        "occurring",
        "described",
        "can be",
        "elements",
        "are",
        "things that occur",
        "happening",
        "were ... were",
        "occurs",
        "elements)",
        "felt",
        "arises",
        "element",
        "produced",
        "arise",
        "gave rise",
        "get",
        "being",
        "produce",
        "occurrences",
        "makes",
        "occurrence",
        "spring"
      ],
      [
        "has committed",
        "committing",
        "gain",
        "commit",
        "is committed",
        "issue from",
        "occur",
        "left behind",
        "issuing from",
        "come",
        "appearance",
        "derivatives",
        "start to feel",
        "evidence",
        "issue",
        "are headed",
        "to come",
        "radiant",
        "experiences",
        "brought",
        "comes",
        "would come",
        "obtains",
        "obtain",
        "happen",
        "collects",
        "happens",
        "come back",
        "came",
        "occurring",
        "described",
        "can be",
        "elements",
        "are",
        "things that occur",
        "happening",
        "were ... were",
        "occurs",
        "elements)",
        "felt",
        "arises",
        "element",
        "produced",
        "arise",
        "gave rise",
        "get",
        "being",
        "produce",
        "occurrences",
        "makes",
        "occurrence",
        "spring"
      ]
    ]
  },
  "physical": [
    {
      "query": "And suppose you agree that this hell being",
      "exact_case_sensitive_count": 1,
      "character_offsets": [
        208103
      ]
    },
    {
      "query": "Someone might now make the following claim",
      "exact_case_sensitive_count": 1,
      "character_offsets": [
        209287
      ]
    },
    {
      "query": "Someone may respond to this argument",
      "exact_case_sensitive_count": 1,
      "character_offsets": [
        210116
      ]
    },
    {
      "query": "as the sizzle",
      "exact_case_sensitive_count": 1,
      "character_offsets": [
        209838
      ]
    },
    {
      "query": "'DOD NA, LCAGS SREG",
      "exact_case_sensitive_count": 1,
      "character_offsets": [
        207717
      ]
    }
  ],
  "query_counts": [
    [
      "complete argument and context",
      26
    ],
    [
      "full exact textual parallels 301",
      2
    ],
    [
      "wylie parallels 301",
      2
    ],
    [
      "full exact textual parallels 302",
      2
    ],
    [
      "wylie parallels 302",
      2
    ],
    [
      "full exact textual parallels 303",
      2
    ],
    [
      "wylie parallels 303",
      2
    ],
    [
      "sizzle typo",
      3
    ],
    [
      "sizzle proper",
      6
    ],
    [
      "imagination",
      8
    ],
    [
      "burning steel",
      11
    ],
    [
      "valid perception real",
      13
    ]
  ]
}
