press start 21:16:35
press mode: team
REL-1: tag v1.0.0-rc.1 points at a290bb1 but this press is
  0e540bf-dirty - pressing as 1.0.0-rc.1-dev-0e540bf-dirty so the tagged
  artifact's name is never silently re-worn.
== 0a. dependency roll-call (BUILD-21) ==
   all Brewfile formulas present (exact versions: BUILD_MANIFEST.json)
== 0b. manual twins (SQA low: the two USER_MANUAL copies drifted 58 lines in a day) ==
   manual twins identical
== 0. release gate ==
   banked release v1.0.0-rc.1-dev-0e540bf-dirty passes
== 1. Release build ==
/Users/adamderickandrade/ALL-translation-tool/core/src/textdiff.cpp:56:13: warning: unused function 'isTibetanCp' [-Wunused-function]
1 warning generated.
/Users/adamderickandrade/ALL-translation-tool/app/main.cpp:7986:28: warning: ignoring return value of function declared with 'nodiscard' attribute [-Wunused-result]
/Users/adamderickandrade/ALL-translation-tool/app/main.cpp:7991:28: warning: ignoring return value of function declared with 'nodiscard' attribute [-Wunused-result]
/Users/adamderickandrade/ALL-translation-tool/app/main.cpp:8000:58: warning: ignoring return value of function declared with 'nodiscard' attribute [-Wunused-result]
/Users/adamderickandrade/ALL-translation-tool/app/main.cpp:8045:28: warning: ignoring return value of function declared with 'nodiscard' attribute [-Wunused-result]
/Users/adamderickandrade/ALL-translation-tool/app/main.cpp:8051:28: warning: ignoring return value of function declared with 'nodiscard' attribute [-Wunused-result]
/Users/adamderickandrade/ALL-translation-tool/app/main.cpp:8150:28: warning: ignoring return value of function declared with 'nodiscard' attribute [-Wunused-result]
/Users/adamderickandrade/ALL-translation-tool/app/main.cpp:8156:28: warning: ignoring return value of function declared with 'nodiscard' attribute [-Wunused-result]
/Users/adamderickandrade/ALL-translation-tool/app/main.cpp:8159:29: warning: ignoring return value of function declared with 'nodiscard' attribute [-Wunused-result]
/Users/adamderickandrade/ALL-translation-tool/app/main.cpp:8190:28: warning: ignoring return value of function declared with 'nodiscard' attribute [-Wunused-result]
/Users/adamderickandrade/ALL-translation-tool/app/compare_pane.inc:460:26: warning: ignoring return value of function declared with 'nodiscard' attribute [-Wunused-result]
/Users/adamderickandrade/ALL-translation-tool/app/compare_pane.inc:461:26: warning: ignoring return value of function declared with 'nodiscard' attribute [-Wunused-result]
/Users/adamderickandrade/ALL-translation-tool/app/compare_pane.inc:477:38: warning: ignoring return value of function declared with 'nodiscard' attribute [-Wunused-result]
/Users/adamderickandrade/ALL-translation-tool/app/compare_pane.inc:478:38: warning: ignoring return value of function declared with 'nodiscard' attribute [-Wunused-result]
/Users/adamderickandrade/ALL-translation-tool/app/compare_pane.inc:1032:76: warning: ignoring return value of function declared with 'nodiscard' attribute [-Wunused-result]
/Users/adamderickandrade/ALL-translation-tool/app/compare_pane.inc:1259:76: warning: ignoring return value of function declared with 'nodiscard' attribute [-Wunused-result]
/Users/adamderickandrade/ALL-translation-tool/app/main.cpp:40387:38: warning: lambda capture 'comparePane' is not used [-Wunused-lambda-capture]
/Users/adamderickandrade/ALL-translation-tool/app/main.cpp:4469:13: warning: unused function 'replaceOne' [-Wunused-function]
17 warnings generated.
PRESS REFUSED - compiler warnings in our own code (STATIC-R1):
/Users/adamderickandrade/ALL-translation-tool/app/compare_pane.inc:1032:76: warning: ignoring return value of function declared with 'nodiscard' attribute [-Wunused-result]
/Users/adamderickandrade/ALL-translation-tool/app/compare_pane.inc:1259:76: warning: ignoring return value of function declared with 'nodiscard' attribute [-Wunused-result]
/Users/adamderickandrade/ALL-translation-tool/app/compare_pane.inc:460:26: warning: ignoring return value of function declared with 'nodiscard' attribute [-Wunused-result]
/Users/adamderickandrade/ALL-translation-tool/app/compare_pane.inc:461:26: warning: ignoring return value of function declared with 'nodiscard' attribute [-Wunused-result]
/Users/adamderickandrade/ALL-translation-tool/app/compare_pane.inc:477:38: warning: ignoring return value of function declared with 'nodiscard' attribute [-Wunused-result]
/Users/adamderickandrade/ALL-translation-tool/app/compare_pane.inc:478:38: warning: ignoring return value of function declared with 'nodiscard' attribute [-Wunused-result]
/Users/adamderickandrade/ALL-translation-tool/app/main.cpp:40387:38: warning: lambda capture 'comparePane' is not used [-Wunused-lambda-capture]
/Users/adamderickandrade/ALL-translation-tool/app/main.cpp:4469:13: warning: unused function 'replaceOne' [-Wunused-function]
/Users/adamderickandrade/ALL-translation-tool/app/main.cpp:7986:28: warning: ignoring return value of function declared with 'nodiscard' attribute [-Wunused-result]
/Users/adamderickandrade/ALL-translation-tool/app/main.cpp:7991:28: warning: ignoring return value of function declared with 'nodiscard' attribute [-Wunused-result]
/Users/adamderickandrade/ALL-translation-tool/app/main.cpp:8000:58: warning: ignoring return value of function declared with 'nodiscard' attribute [-Wunused-result]
/Users/adamderickandrade/ALL-translation-tool/app/main.cpp:8045:28: warning: ignoring return value of function declared with 'nodiscard' attribute [-Wunused-result]
/Users/adamderickandrade/ALL-translation-tool/app/main.cpp:8051:28: warning: ignoring return value of function declared with 'nodiscard' attribute [-Wunused-result]
/Users/adamderickandrade/ALL-translation-tool/app/main.cpp:8150:28: warning: ignoring return value of function declared with 'nodiscard' attribute [-Wunused-result]
/Users/adamderickandrade/ALL-translation-tool/app/main.cpp:8156:28: warning: ignoring return value of function declared with 'nodiscard' attribute [-Wunused-result]
/Users/adamderickandrade/ALL-translation-tool/app/main.cpp:8159:29: warning: ignoring return value of function declared with 'nodiscard' attribute [-Wunused-result]
/Users/adamderickandrade/ALL-translation-tool/app/main.cpp:8190:28: warning: ignoring return value of function declared with 'nodiscard' attribute [-Wunused-result]
/Users/adamderickandrade/ALL-translation-tool/core/src/textdiff.cpp:56:13: warning: unused function 'isTibetanCp' [-Wunused-function]
press exit 12 at 21:17:35
