{
  "status": "PASS",
  "utc": "2026-09-13T03:26:54.152405+00:00",
  "head": "7166534a9f47a201e5ab580a843c14ba2a910891",
  "limit": "Root mechanical identity and preservation closure after full independent report reading; no new semantic review or canonical run.",
  "review_freeze": {
    "bytes": 431343,
    "sha256": "b4f9b53d8cbc18385b006f7d8dff7a04cee73fa5bf61a98e9b031bcb32c1cf4c"
  },
  "review_report": {
    "bytes": 14090,
    "sha256": "3bee0e5a92093b45e4ba09a115c69bf44cd9fb2ca7f94e8d629116259ff7b26f"
  },
  "review_meta": {
    "bytes": 4568,
    "sha256": "03271ab93f925459c561e7e09e246a80ae2dc90762757672d726ea60ba9176a1"
  },
  "frozen_files": 2032,
  "frozen_bytes": 186175787,
  "source_copy_records": 12568,
  "distinct_copy_targets": 1975,
  "git_aliases": 283,
  "unique_git_objects": 11,
  "all_full_source_copy_bytes_equal": true,
  "source_version_transports": 9145,
  "all_initial_logical_versions_resolved": true,
  "unchanged_initial_tree_files": 1403,
  "all_101_full_tuple_and_reason_objects_exact": true,
  "current_counts": [
    101,
    8,
    63
  ],
  "original_dispositions": 198,
  "unchanged_dispositions": 197,
  "retained_initial_canonical_runs": 9,
  "retained_errata_refutations_exact": true,
  "approved_errata_empty": true,
  "approved_head_allowances_empty": true
}
