{
  "checked_at": "2026-09-13T03:27:34.474134+00:00",
  "head": "7166534a9f47a201e5ab580a843c14ba2a910891",
  "page": 91,
  "segments": [
    271,
    272,
    273
  ],
  "totals": {
    "spans": 101,
    "nulls": 8,
    "word_pairs": 63
  },
  "exact_final_hashes_counts_and_ranges": true,
  "manifest_records": 12568,
  "historical_git_records": 283,
  "original_review_bytes_identical": true,
  "landed_bytes_checked": false,
  "review_sha256": "3bee0e5a92093b45e4ba09a115c69bf44cd9fb2ca7f94e8d629116259ff7b26f",
  "review_json_sha256": "03271ab93f925459c561e7e09e246a80ae2dc90762757672d726ea60ba9176a1"
}
