{
  "changed_links": 11,
  "changed_display_rows": 11,
  "changed_refs": [
    "C03:131",
    "C03:199",
    "C04:37",
    "C04:49",
    "C04:117",
    "C04:133",
    "C04:168",
    "C05:96",
    "C05:118",
    "C05:145",
    "C05:206"
  ],
  "phonetic_links": 947,
  "all_phonetic_outputs_identical": true,
  "prior_phonetic_shortened_rows": 18,
  "classification": {
    "trimmed (trim_glued)": 41,
    "exact": 21406,
    "phonetics-leaked-into-depth-5": 0
  },
  "mutations_rejected": 6,
  "bank_sha256": {
    "data/alignment/alignment_full_v1.json": "1982bff83157b4cb912c5207bfada69ba170bef8f4ef29c041da57ff57a39c46",
    "data/alignment/alignment_evidence_v1.json": "38d6f633ea44ad20a88647b7ffc87f583400d9dc6a742923631f15fb648e9ec7"
  }
}
