dngos po [(3672, 'dngos po', '["things", "functional things", "functioning thing", "thing", "working things", "something", "something that functioned", "functional objects", "things that function", "thing that does function", "thing that did function", "thing which ... function", "working thing", "functioning", "things which function", "things which perform a function", "objects", "substances", "functional thing", "object", "functioning things", "nature of being a thing ... nature of being a thing", "phenomena", "things that perform a function", "acts", "put", "actually", "have any affect", "entities", "produced"]', 'glossary')]
gsum [(21224, 'gsum', '["three", "the three", "numbers", "\\"three\\"", "three agents", "(three", "three steps", "two", "three sections", "three-fold", "three types", "third", "three different", "three ... three ... three", "three divisions", "three ... three", "three different types", "three ways", "three parts", "practitioners of the three", "there"]', 'glossary')]
phan tshun [(11678, 'phan tshun', '["each other ... each other ... each other", "each other", "side by side"]', 'glossary')]
go sa [(1865, 'go sa', '["point in space", "space taken up", "space which they themselves occupy", "space they occupy", "space"]', 'glossary')]
'gog pa [(2580, "'gog pa", '["stop", "put an end", "eliminate", "refutation", "disprove", "deny", "disproving", "denying", "denies", "deny the possibility that", "block", "cessation", "denial", "end", "end ... end", "denying the existence", "refute", "which we use for denying", "denying that things", "process of eliminating", "cessations", "no"]', 'glossary')]
ma yin pa [(24480, 'ma yin pa', '["is not", "they are not", "are not", "never would be", "it is not", "were not", "neither is", "don\'t", "not being", "without", "do not", "something not", "would not be", "not due to", "no existing", "something which doesn\'t", "wouldn\'t be", "not", "n\'t even exist", "is not the case", "rather than being", "rather than", "is less than", "have no", "has not", "couldn\'t be", "improper", "would not"]', 'glossary')]
thal ba [(7407, 'thal ba', '["powder", "have to be", "would have to be", "would be", "implying"]', 'glossary')]
rigs pa [(18905, 'rigs pa', '["it would be the right time", "reasons", "logic", "reasoning", "logical", "very right", "true", "postulate", "how to reason", "art of reasoning", "true reasoning", "reason", "reasonings", "logically", "reaching conclusions with reason", "proper", "sense", "point", "line of reasoning"]', 'glossary')]
gnod [(10384, 'gnod', '["hurt", "produces a deleterious effect", "produces a harmful effect", "harm", "disprove", "inhibit", "disproved", "stopped", "affected", "impaired", "disproven", "pain"]', 'glossary')]
brlan [(19192, 'brlan', '["wet"]', 'glossary')]
brlan pa [(62222, 'brlan pa', None, None)]
rlan pa []
gsher ba [(20149, 'gsher ba', '["flowing"]', 'glossary')]
phor pa [(24066, 'phor pa', '["glass"]', 'glossary')]
gang [(1648, 'gang', '["which", "what", "whom", "fill", "any", "somehow", "whether", "filled", "the place", "with", "who", "those", "one", "achieved thus", "that", "certain", "anyone", "what ... ?", "filled with", "it", "anything", "when", "such that", "someone", "full", "how"]', 'glossary')]
gzhi mthun [(16437, 'gzhi mthun', '["wet and flowing"]', 'auto-aligned')]
khas len [(1142, 'khas len', '["accept", "asserted", "espouses", "accepts", "agree", "accepting"]', 'glossary')]
khas blangs [(1137, 'khas blangs', '["agreed", "assert", "accept", "accepted", "asserts", "accepts", "say", "position", "to accept"]', 'glossary')]
khas blang [(1135, 'khas blang', '["accept", "position"]', 'glossary')]
tshad [(15282, 'tshad', '["what they cal", "distances", "measure", "length", "dimensions", "measurement", "size ... size", "what", "totally correct", "valid perceptions", "everything", "valid perception", "entire extent", "correct perception", "correctness", "measured"]', 'glossary')]
tshad ma [(15288, 'tshad ma', '["valid perception", "authoritative", "valid", "authentic", "logic", "correct methods of perception", "valid form of perception", "totally correct", "correct perceptions", "credible", "perceptions", "see", "genuine", "perception ... genuine", "sees ... genuine", "valid perceptions", "correct", "correct perception", "perfectly correct", "total correctness", "t perception", "genuinely", "accurate belief"]', 'glossary')]
mtshungs [(15769, 'mtshungs', '["equally", "parallel", "we could just as well", "same", "the same", "the same thing", "just the same", "the same as", "would be just the same", "equivalent", "exactly the same", "identical", "exactly the same!", "similar"]', 'glossary')]
tshad mtshungs []
nges par [(3497, 'nges par', '["definitely", "absolutely", "absolute certainty", "certainly", "ascertains correctly", "necessarily true", "must beyond doubt", "true", "necessarily", "really"]', 'glossary')]
dgos [(2434, 'dgos', '["must", "should", "must be", "have to", "had", "must ... must", "you should", "necessary", "be forced", "is supposed to be", "need", "of course", "is necessary", "necessarily", "would have to be", "required", "is ... necessary", "would be", "would have", "must be present", "goal", "purpose", "would", "would have to"]', 'glossary')]
nyi shu pa [(5707, 'nyi shu pa', '["twenty", "the twenty", "the twenty verses", "twenty verses"]', 'glossary')]
'grel bshad [(2665, "'grel bshad", '["commentary"]', 'glossary')]
slob dpon [(21121, 'slob dpon', '["master", "the master", "the present master [shantideva]", "masters"]', 'glossary')]
dul ba lha [(23408, 'dul ba lha', '["vinitadeva"]', 'glossary')]
rnag [(10448, 'rnag', '["blood and pus", "pus", "blood", "pus?"]', 'glossary')]
thigs pa [(7427, 'thigs pa', '["drop"]', 'glossary')]
'ga' yang [(22309, "'ga' yang", '["any ... at all", "at all", "any"]', 'glossary')]
klung [(314, 'klung', '["river", "stream"]', 'glossary')]
las [(19341, 'las', '["deeds", "deed"]', 'curated')]
rnam par smin pa [(10783, 'rnam par smin pa', '["maturing", "ripened", "ripen", "ripening", "result", "ripens", "ripening of a result"]', 'glossary')]
dbang [(13087, 'dbang', '["power", "powerful ... powerful", "the power", "force", "faculties", "powers", "varying capacities", "forces", "lord", "fact", "the fact", "sense powers", "sense power", "powerful", "physical faculty", "process", "forced", "physical faculties", "basis", "lords"]', 'glossary')]
mthong [(7961, 'mthong', '["sees", "see", "find", "observe", "realize", "recognizes", "have seen", "seen", "saw", "be seen", "catch sight", "understand", "is seen", "determine", "seeing", "to see", "water", "sight", "perceives"]', 'glossary')]
'thad pa [(8032, "'thad pa", '["correct", "idea", "completely proper", "true", "perfection", "purely"]', 'glossary')]
'gro ba [(2677, "'gro ba", '["living being(s)"]', 'curated')]
cig car [(4168, 'cig car', '["come together", "in a single stroke", "in a single rush", "simultaneous", "simultaneously", "one step", "at the same time"]', 'glossary')]
bltas [(7116, 'bltas', '["look", "gazed", "facing", "realize", "watching"]', 'glossary')]
yi dvags [(25069, 'yi dvags', '["craving spirit", "craving spirits", "craving spirits [preta]", "spirits", "insatiable spirit"]', 'glossary')]
mig shes [(14365, 'mig shes', '["visual consciousness", "visual consciousnesses", "consciousness of the eye", "eye consciousness", "sees"]', 'glossary')]
dngos gnas [(3671, 'dngos gnas', '["real", "actual"]', 'glossary')]
dngos gnas pa [(22572, 'dngos gnas pa', '["actual", "real?", "real", "actual objects", "perform any real actions"]', 'glossary')]
skyon [(860, 'skyon', '["problems", "problem", "faults", "criticizing", "criticism", "philosophical", "might be correct", "problematic", "fault", "mistake", "reveals", "defect"]', 'glossary')]
med [(14511, 'med', '["non-existence", "there\'s no", "\'ve yet to", "never", "loses", "have no", "there exists no", "there is no", "is not", "without", "does not", "no", "there is no ... there are no", "it is not", "lack", "not", "less", "no ... exists", "with no", "impossible", "free of", "don\'t", "no more", "nor", "no one", "doesn\'t", "could never be", "none of them has", "doesn\'t mean", "didn\'t exist", "has no", "could still never", "is no", "does not exist", "there were no", "neither", "have none", "not exist", "didn\'t", "is gone", "is nothing", "gone", "can never", "neither one exists", "there are no", "do not exist", "no such thing", "cannot", "never would", "nothing", "no ... which exists", "neither is", "nothing has", "does not yet exist", "lacks any", "no ... has any", "is that they don\'t", "un", "did not exist", "do not ... exist", "does not ... exist", "realm of non-existence", "had no", "don\'t exist", "there didn\'t exist", "could never", "or not", "doesn\'t exist", "there were no ... that existed", "not existing", "nothing exists", "lacked", "no things", "there couldn\'t be any", "nothing has any", "there is in actuality ... no", "lack any", "doesn\'t have any", "should never", "what does not", "can\'t be", "have not", "did not exist at all", "didn\'t exist at all", "existed no", "are not things which exist", "there is nothing at all", "don\'t have", "don\'t even exist", "cannot be", "was not", "lack of any", "doesn\'t ... exist", "not having any", "isn\'t", "no ... had any", "lacks", "not exist at all", "none of the existing things ... had any", "it is not something which exists", "do not have", "he has no", "they do not", "they are not", "stop", "can\'t", "couldn\'t be", "no longer present", "no longer exists", "absent", "s not"]', 'glossary')]
brgal lan [(3292, 'brgal lan', '["arguments"]', 'glossary')]
ji snyed [(5068, 'ji snyed', '["all", "totality", "how many"]', 'glossary')]
phyi don [(11868, 'phyi don', '["external objects"]', 'glossary')]
phyi rol don [(11899, 'phyi rol don', '["external object", "outer object", "outer objects"]', 'glossary')]
sngon po [(4088, 'sngon po', '["blue", "blueness", "color blue"]', 'glossary')]
grub pa [(2046, 'grub pa', '["can", "exist", "gained", "capable", "proven", "be established", "constitutes", "established", "has", "exists", "existence", "conclusion", "prove", "to be", "had", "accept", "proves", "true", "establish", "fact", "occurring", "would have", "confirmed", "existed", "are", "could exist", "created", "existing", "existed ... existed", "who is", "is", "being", "something proven", "do ... exist", "do exist", "reached", "to exist", "they exist", "comes about", "showing", "achieving"]', 'glossary')]
tshur mthong [(15449, 'tshur mthong', '["one of those who \\"only sees this side\\"", "\\"only sees this side\\" [which is another name for those who have not yet perceived emptiness directly]"]', 'glossary')]
rgyud [(2942, 'rgyud', '["the mental streams", "mental stream", "continuum", "stream", "living beings", "string", "being", "minds", "mind", "tantra", "secret", "mind-streams", "mind streams", "mental function", "mind stream", "stream of his mind", "secret teaching", "flow", "mental continuum", "mental streams", "secret teachings"]', 'glossary')]
sngon 'dzin [(4094, "sngon 'dzin", '["perception of blue", "grasping blue", "grasps the color blue"]', 'glossary')]
dbang po'i mngon sum [(13145, "dbang po'i mngon sum", '["appeared directly to a sense perception"]', 'glossary')]
snga ma [(4017, 'snga ma', '["before", "former", "the former method", "first reference", "what we have just been talking about", "earlier", "last", "previous", "above", "earlier instance", "original", "first part", "just mentioned", "already", "beginning part of this ... section", "past", "previously", "former instances", "first"]', 'glossary')]
'gags pa [(2541, "'gags pa", '["stopping", "ended", "stop", "stopped", "ends", "stops", "end", "ending", "finishes", "aniruddha"]', 'glossary')]
phyi ma [(11877, 'phyi ma', '["the future", "future", "the latter", "following", "second line", "latter", "next", "into the next moment", "last", "later", "last sense", "above", "later instance", "the latter version", "another", "next life", "future lives", "rebirth?", "new rebirth", "final", "eventual"]', 'glossary')]
skye ba [(703, 'skye ba', '["births", "lives", "form", "growing", "their births", "gain it", "be present", "developing", "to develop", "gain", "formation", "birth", "the births i have taken", "comes", "gaining", "occurs", "the lives", "beings", "life", "birth ... birth", "given rise", "created", "born", "rise", "start", "habit", "take birth", "can feel", "occur", "occur ... occur", "grow", "develop", "comes from", "comes up", "can occur", "arising", "could grow", "occurs ... occurs", "gets", "starts being", "grows up", "come", "start to be", "grows", "happens", "eventually grows into", "growth", "beginning", "grew", "get", "exists", "began", "arise", "that things can come", "they arise", "do they arise", "can come", "arises", "lifetimes", "rebirth", "begins", "stay", "producing", "starts becoming", "produces", "spirit", "comes forth", "rebirths", "start up", "taken"]', 'glossary')]
bag chags [(12290, 'bag chags', '["habits of our suffering past", "subtle mental potential for", "mental seed", "seed", "mental propensity", "mental seeds", "\'mental seed\'"]', 'glossary')]
bzhag [(16513, 'bzhag', '["three diamonds"]', 'auto-aligned')]
smin pa [(14839, 'smin pa', '["others", "ripen ... ripen", "develop", "ripened", "ripens", "ripen", "ripening", "ripe", "leads"]', 'glossary')]
brten [(7084, 'brten', '["basis", "rely", "reference", "relies", "based"]', 'glossary')]
snang ba [(11018, 'snang ba', '["appearance", "the appearance of things"]', 'curated')]
rang 'dra []
rnam pa [(10525, 'rnam pa', '["types", "different types", "totally", "exist with", "kinds", "forms", "them", "aspects", "these", "different kinds", "some", "point of view", "perceived", "way", "subject", "different", "clear", "being something that", "respect", "kind", "type", "aspect", "factor", "distinctions"]', 'glossary')]
gtad pa [(6403, 'gtad pa', '["transmitting"]', 'glossary')]
sgo nas [(3026, 'sgo nas', '["through", "by using", "with", "you use to", "going through", "that relate", "you can use", "named", "start to engage in", "utilizing", "by", "while", "by ... by ... by", "in terms", "in which", "of any process", "position", "from the point of view", "thereby", "on the basis of", "in", "into", "to show", "which is done by", "as a means of", "according to", "out of", "by means of", "because of", "use", "through the gateway"]', 'glossary')]
rang rang [(18555, 'rang rang', '["each one", "each"]', 'glossary')]
bltos [(23172, 'bltos', '["with reference to", "dependence", "relying on anything else", "depending", "dependent", "depend", "the fact that", "look"]', 'glossary')]
CORPUS gzhi mthun 239 [('C04', 172), ('C05', 262), ('C05', 279), ('C05', 286), ('C12', 114), ('C13', 162), ('C13', 189), ('C13', 198), ('C13', 200), ('C13', 221), ('C13', 226), ('C13', 228), ('C13', 232), ('C13', 240), ('C13', 242), ('C13', 244), ('C13', 248), ('C13', 249), ('C13', 257), ('C13', 262), ('C13', 263), ('C13', 271), ('C13', 272), ('C13', 273), ('C13', 274), ('C13', 298), ('C13', 440), ('C13', 598), ('C13', 600), ('C13', 602), ('C13', 603), ('C13', 606), ('C13', 607), ('C13', 609), ('C13', 612), ('C13', 614), ('C13', 615), ('C13', 618), ('C13', 622), ('C13', 624), ('C13', 635), ('C13', 637), ('C13', 638), ('C13', 639), ('C13', 640), ('C13', 641), ('C13', 642), ('C13', 646), ('C13', 647), ('C13', 648), ('C13', 650), ('C13', 653), ('C13', 654), ('C13', 655), ('C13', 656), ('C13', 657), ('C13', 659), ('C13', 660), ('C13', 665), ('C13', 666), ('C13', 668), ('C13', 680), ('C13', 684), ('C13', 689), ('C13', 690), ('C13', 733), ('C13', 735), ('C13', 736), ('C13', 807), ('C13', 809), ('C13', 813), ('C13', 814), ('C13', 815), ('C13', 816), ('C13', 817), ('C13', 832), ('C13', 834), ('C13', 871), ('C13', 933), ('C13', 938), ('C13', 949), ('C13', 950), ('C13', 951), ('C13', 963), ('C13', 976), ('C13', 980), ('C13', 984), ('C13', 986), ('C13', 988), ('C15', 407), ('C15', 424), ('C15', 431), ('C16', 651), ('C16', 838), ('C18', 251), ('C18', 421), ('C18', 445), ('C18', 450), ('C18', 452), ('C18', 456), ('C18', 464), ('C18', 466), ('C18', 468), ('C18', 472), ('C18', 473), ('C18', 481), ('C18', 486), ('C18', 487), ('C18', 495), ('C18', 496), ('C18', 497), ('C18', 498), ('C18', 574), ('C18', 625), ('C18', 638), ('C18', 643), ('C18', 644), ('C18', 677), ('C18', 679), ('C18', 680), ('C18', 702), ('C18', 704), ('C18', 707), ('C18', 709), ('C18', 730), ('C18', 731), ('C18', 732), ('C18', 744), ('C18', 745), ('C18', 1121), ('DDA', 219), ('DTE', 9), ('DTE', 10), ('DTE', 34), ('DTE', 56), ('DTE', 185), ('DTE', 186), ('DTE', 216), ('DTE', 217), ('DTE', 218), ('DTE', 272), ('DTE', 281), ('DTE', 289), ('DTE', 348), ('DTE', 349), ('DTE', 1014), ('DTE', 1020), ('DTE', 1022), ('DTE', 1028), ('DTE', 1033), ('DTE', 1039), ('DTE', 1042), ('DTE', 1044), ('DTE', 1054), ('DTE', 1057), ('DTE', 1061), ('DTE', 1063), ('DTE', 1065), ('DTE', 1067), ('DTE', 1068), ('DTE', 1070), ('DTE', 1073), ('DTE', 1074), ('DTE', 1076), ('DTE', 1078), ('DTE', 1081), ('DTE', 1082), ('DTE', 1083), ('DTE', 1085), ('DTE', 1086), ('DTE', 1087), ('DTE', 1090), ('DTE', 1091), ('DTE', 1094), ('DTE', 1097), ('DTE', 1098), ('DTE', 1100), ('DTE', 1102), ('DTE', 1103), ('DTE', 1104), ('DTE', 1105), ('DTE', 1108), ('DTE', 1110), ('DTE', 1111), ('DTE', 1118), ('DTE', 1122), ('DTE', 1125), ('DTE', 1161), ('DTE', 1162), ('DTE', 1164), ('DTE', 1166), ('DTE', 1170), ('DTE', 1171), ('DTE', 1172), ('DTE', 1174), ('DTE', 1175), ('DTE', 1176), ('DTE', 1178), ('DTE', 1179), ('DTE', 1180), ('DTE', 1182), ('DTE', 1183), ('DTE', 1184), ('DTE', 1186), ('DTE', 1188), ('DTE', 1192), ('DTE', 1194), ('DTE', 1195), ('DTE', 1197), ('DTE', 1198), ('DTE', 1199), ('DTE', 1201), ('DTE', 1203), ('DTE', 1213), ('DTE', 1215), ('DTE', 1217), ('DTE', 1218), ('DTE', 1219), ('DTE', 1220), ('DTE', 1221), ('DTE', 1222), ('DTE', 1223), ('DTE', 1224), ('DTE', 1225), ('DTE', 1233), ('DTE', 1260), ('DTE', 1261), ('DTE', 1263), ('DTE', 1264), ('EM', 166), ('EM', 313), ('EM', 380), ('GIE', 625), ('ILL', 1870), ('OSE', 124), ('P6', 118), ('P7', 28), ('TCS15', 297), ('TCS16Reading', 60)]
CORPUS tshad mtshungs 15 [('C05', 262), ('C05', 286), ('C05', 312), ('C05', 313), ('C15', 407), ('C15', 431), ('C15', 457), ('C15', 458), ('C16', 838), ('C16', 849), ('C16', 850), ('C18', 1121), ('C18', 1133), ('C18', 1134), ('P7', 48)]
CORPUS brgal lan 6 [('C05', 288), ('C15', 433), ('ILL', 4456), ('P7', 33), ('TITLS', 520), ('TITLS', 2021)]
CORPUS rang 'dra'i rnam pa 7 [('C05', 288), ('C15', 433), ('EM', 134), ('EM', 144), ('EM', 158), ('ILL', 2461), ('P7', 33)]
CORPUS dbang po'i mngon sum 12 [('C05', 288), ('C15', 433), ('EM', 102), ('EM', 156), ('EM', 180), ('GIE', 43), ('GIE', 536), ('GIE', 560), ('ILL', 1074), ('ILL', 2472), ('ILL', 2490), ('P7', 33)]
CORPUS rnam par smin pa'i dbang 3 [('C05', 287), ('C15', 432), ('P7', 32)]
CORPUS dul ba lhas 4 [('C05', 85), ('C05', 287), ('C15', 432), ('P7', 32)]
CORPUS brlan zhing gsher ba 64 [('C05', 256), ('C05', 257), ('C05', 262), ('C05', 263), ('C05', 266), ('C05', 267), ('C05', 270), ('C05', 274), ('C05', 279), ('C05', 281), ('C05', 284), ('C05', 286), ('C05', 287), ('C05', 288), ('C05', 294), ('C05', 297), ('C05', 300), ('C05', 308), ('C05', 312), ('C15', 401), ('C15', 402), ('C15', 407), ('C15', 408), ('C15', 411), ('C15', 412), ('C15', 415), ('C15', 419), ('C15', 424), ('C15', 426), ('C15', 429), ('C15', 431), ('C15', 432), ('C15', 433), ('C15', 439), ('C15', 442), ('C15', 445), ('C15', 453), ('C15', 457), ('C16', 832), ('C16', 833), ('C16', 838), ('C16', 839), ('C16', 842), ('C16', 843), ('C16', 845), ('C16', 849), ('C18', 1121), ('C18', 1122), ('C18', 1125), ('C18', 1126), ('C18', 1129), ('C18', 1133), ('P7', 18), ('P7', 20), ('P7', 21), ('P7', 22), ('P7', 28), ('P7', 30), ('P7', 32), ('P7', 33), ('P7', 35), ('P7', 38), ('P7', 40), ('P9', 45)]
CORPUS This kind of reasoning, where you attempt 2 [('C05', 286), ('C15', 431)]
CORPUS Master Vinitadeva 13 [('C05', 85), ('C05', 287), ('C05', 290), ('C05', 291), ('C15', 432), ('C15', 435), ('C15', 436), ('GIE', 426), ('GIE', 443), ('GIE', 464), ('P7', 32), ('P7', 34), ('Sunlight', 981)]
CORPUS No matter how many arguments 3 [('C05', 288), ('C15', 433), ('P7', 33)]
CORPUS only sees this side 3 [('C05', 288), ('C15', 433), ('P7', 33)]
EXACT_PARALLELS 280 [{'course': 'C15', 'seq': 425, 'equal': {'acip': True, 'wylie': True, 'english': False}}]
EXACT_PARALLELS 281 [{'course': 'C15', 'seq': 426, 'equal': {'acip': True, 'wylie': True, 'english': True}}]
EXACT_PARALLELS 282 [{'course': 'C15', 'seq': 427, 'equal': {'acip': True, 'wylie': True, 'english': True}}]
EXACT_PARALLELS 283 [{'course': 'C15', 'seq': 428, 'equal': {'acip': True, 'wylie': True, 'english': False}}]
EXACT_PARALLELS 284 [{'course': 'C15', 'seq': 429, 'equal': {'acip': True, 'wylie': True, 'english': True}}]
EXACT_PARALLELS 285 [{'course': 'C15', 'seq': 430, 'equal': {'acip': True, 'wylie': True, 'english': True}}]
EXACT_PARALLELS 286 [{'course': 'C15', 'seq': 431, 'equal': {'acip': True, 'wylie': True, 'english': True}}]
EXACT_PARALLELS 287 [{'course': 'C15', 'seq': 432, 'equal': {'acip': True, 'wylie': True, 'english': True}}]
EXACT_PARALLELS 288 [{'course': 'C15', 'seq': 433, 'equal': {'acip': True, 'wylie': True, 'english': True}}]
EXACT_PARALLELS 289 [{'course': 'C15', 'seq': 434, 'equal': {'acip': True, 'wylie': True, 'english': True}}]
EXACT_PARALLELS 290 [{'course': 'C15', 'seq': 435, 'equal': {'acip': True, 'wylie': True, 'english': True}}, {'course': 'P7', 'seq': 34, 'equal': {'acip': False, 'wylie': False, 'english': True}}]
EXACT_PARALLELS 291 [{'course': 'C15', 'seq': 436, 'equal': {'acip': True, 'wylie': True, 'english': False}}]
EXACT_PARALLELS 292 [{'course': 'C15', 'seq': 437, 'equal': {'acip': True, 'wylie': True, 'english': False}}]
EXACT_PARALLELS 293 [{'course': 'C15', 'seq': 438, 'equal': {'acip': True, 'wylie': True, 'english': True}}]
EXACT_PARALLELS 294 [{'course': 'C15', 'seq': 439, 'equal': {'acip': True, 'wylie': True, 'english': True}}]
