{
  "status": "PASS",
  "HTML_source": [
    {
      "seq": 271,
      "wylie_characters": 428,
      "english_characters": 596,
      "whole_source_text_equal": true,
      "annotation_labels_excluded": true
    },
    {
      "seq": 272,
      "wylie_characters": 150,
      "english_characters": 200,
      "whole_source_text_equal": true,
      "annotation_labels_excluded": true
    },
    {
      "seq": 273,
      "wylie_characters": 260,
      "english_characters": 352,
      "whole_source_text_equal": true,
      "annotation_labels_excluded": true
    }
  ],
  "corpus_full_fields": 87,
  "corpus_raw_extra_preserved": true,
  "register_root_type": "list",
  "register_keys": null
}
