{
  "utc": "2026-09-12T23:52:57.638024+00:00",
  "status": "PASS course index contains every page1–90 link and exact270/511 coverage",
  "before": {
    "bytes": 6683,
    "sha256": "dbeaefab0e43c6762286e344846d66bed84fc86c68c0134ef3be246c0e67bbd2"
  },
  "after": {
    "bytes": 6747,
    "sha256": "fd960a2606b5ad91ba841809eb176e61a40593f90f0f40dfc9865cce23b90841"
  },
  "only_transformations": [
    "267 to270 coverage",
    "append exact page90 link after page89"
  ],
  "page_count": 90,
  "covered_source_segments": 270,
  "accepted_page_body": {
    "bytes": 21400,
    "sha256": "9df2ab728dac4c87cfdc0ea3877b95cac1cd4d624f757e053a485be5b93f88b9"
  },
  "all_page_targets_exist": true
}

