{
  "baseline_commit": "f3c1ca804a933d53f84214d6968a84e7e0193c6e",
  "page": "c5p90",
  "segments": [
    268,
    269,
    270
  ],
  "prior_links_retained": 44781,
  "added_links": 126,
  "added_by_segment": {
    "268": 26,
    "269": 35,
    "270": 65
  },
  "reviewed_analyst_spans": 123,
  "full_links": 44907,
  "null_exponents": 11915,
  "evidence_headwords": 7073,
  "evidence_pairs": 15452,
  "prior_notes_trees_evidence_and_acip_retained": true,
  "prior_csv_rows_retained": 22341,
  "current_csv_rows": 22385,
  "prior_csv_content_and_references_retained": true,
  "csv_acip_enrichments_from_newly_banked_source": [],
  "source_hashes_unchanged": true,
  "review_tuples_and_source_ranges_match": true,
  "navigation_targets_exist": true,
  "rendering_verified": false
}
