{
  "checked_at": "2026-09-12T23:52:15.461328+00:00",
  "head": "2487bfcd73a1463d135a4544a01535ba5c99cab0",
  "page": 90,
  "segments": [
    268,
    269,
    270
  ],
  "totals": {
    "spans": 123,
    "nulls": 5,
    "word_pairs": 75
  },
  "exact_final_hashes_counts_and_ranges": true,
  "manifest_records": 1926,
  "historical_git_records": 78,
  "original_review_bytes_identical": true,
  "landed_bytes_checked": false,
  "review_sha256": "cff14cd1bf28cc2d25b6c55444df31ea7e44149e2d1f251b578ba6f909bf4fba",
  "review_json_sha256": "39a9bb41ecd836032974de1bfa78a9ad9164678ad60a18467d3125363ed41301"
}
