[
  {
    "term": "'dres",
    "master_records": [
      {
        "collection": "unified_entries",
        "index": 23737,
        "entry": {
          "tibetan": "འདྲེས",
          "wylie": "'dres",
          "wylie_variants": [
            "'dres"
          ],
          "tenses": null,
          "sanskrit": "{LC}anubaddha; {LC}juṣṭa; {LC}yuta; {LC}vaira; {LC}saṃśleṣa; {LC}saṃsṛṣṭa; {LC}saṃkara",
          "hopkins_english": null,
          "hgm_gloss": [
            "mixed"
          ],
          "hgm_evidence": {
            "tier": "glossary",
            "source": "HTG2016"
          },
          "status": "hgm-attested (not in Great Dictionary)",
          "pronunciation": "dre",
          "acip": "'DRES",
          "corpus_occurrences": {
            "courses": [
              "C01",
              "C03",
              "C05",
              "C07",
              "C08",
              "C12",
              "C14",
              "C16",
              "C17",
              "C18",
              "DDA",
              "DTE",
              "EM",
              "GIE",
              "GK",
              "ILL",
              "P3",
              "P5",
              "P6",
              "SPF",
              "Sunlight",
              "TCS01",
              "TCS02",
              "TCS03",
              "TCS04Mantras",
              "TCS05",
              "TCS06",
              "TCS07",
              "TCS08NaropaTrials1_12",
              "TCS08PabongkaSadhana",
              "TCS09",
              "TCS10",
              "TCS11",
              "TCS12",
              "TCS13",
              "TCS14",
              "TCS15",
              "TCS16KaliWang",
              "TCS16Reading",
              "TCS17",
              "TCS18Commentary"
            ],
            "n_segments": 150
          },
          "lc_merged": "lc-v27"
        }
      },
      {
        "collection": "glossary_entries",
        "index": 3929,
        "entry": {
          "acip": "'DRES",
          "wylie": "'dres",
          "tibetan": "འདྲེས",
          "hgm_glosses": [
            "mixed"
          ],
          "source": "Hypertext Glossary (2016-05-16)",
          "status": "glossary-attested"
        }
      }
    ]
  },
  {
    "term": "byed",
    "master_records": [
      {
        "collection": "unified_entries",
        "index": 12828,
        "entry": {
          "tibetan": "བྱེད",
          "wylie": "byed",
          "wylie_variants": [
            "byed"
          ],
          "tenses": "bya/ byed/ byas/ byos",
          "sanskrit": "bya/ byed/ byas/ byos/; (√kṛ): {MV}karoti; {C}kariyāti; {C}kāra; {MSA}kara (e.g.: kṛtya-kara); {MSA,MV}karaṇa {MSA}(e.g.: kṛtya-karaṇa); {MSA}kartṛ; {MSA} kārikā; {MSA}kṛta; {MSA}(pra √kṛ): prakurvanti; {MV}kriyate (vikalpaḥ-); {MSA}phan byed = hitādhāna; {LC}(a)kārṣīḥ; {LC}anubandhin; {LC}ghātānubandhin; {LC}anuvidhāyin; {LC}āgama; {LC}ārabdha; {LC}nirīkṣitumārabdhāḥ; {LC}!!ika; {LC}vigrāhika; {LC}na jīvi-tārthikaḥ; {LC}!!in; {LC}vijayin; {LC}arthin; {LC}apakārin; {LC}anveṣin; {LC}dhyāyin; {LC}!!ka; {LC}bādhaka; {LC}dāyaka; {LC}jīvaka; {LC}!!kara; {LC}jayakara; {LC}śrutaprajñakarī; {LC}arthaṃkara; {LC}madhukara; {LC}kariṣyati; {LC}prakariṣyati; {LC}kariṣyasi; {LC}kariṣyāmi; {LC}avabhāsaṃ karoti; {LC}na karoti; {LC}karomi; {LC}na svīkaroṣi; {LC}kartum; {LC}vikartum; {LC}!!saṃkṣayakartṛ; {LC}kalpante; {LC}kalpayati; {LC}kāraka; {LC}vighnakāraka; {LC}duḥkhakāraka; {LC}!!kārin; {LC}ādarakārin; {LC}mahāpakārin; {LC}kārya; {LC}ratirna kāryam; {LC}kuruṣva; {LC}kuryāt; {LC}kurvat; {LC}cikitsa kurvan; {LC}kurvati; {LC}upakāra kurvati; {LC}kurvate; {LC}na kurvanti; {LC}saṃskriyate; {LC}kriyā; {LC}pratikriyā; {LC}doṣaṃ kriyayāsamartham; {LC}jāyate; {LC}!!tṛ; {LC}draṣṭṛ; {LC}vartate; {LC}uparodhe vartate; {LC}vyāpāra; {LC}sakartṛtva; {LC}abhyasana; {LC}jayāvaha; {LC}dānaṃ ca dharmasya; {LC}pūjā; {LC}ārādhana; {LC}vyathā; {LC}bādhā; {LC}parigraha; {LC}utsarga; {LC}veda; {LC}niṣkarman; {LC}na śakyaṃ vinipātanāya; {LC}cyuti; {LC}spharate; {LC}na vāñchasi; {LC}kupyasi; {LC}prakupyasi; {LC}na kupyasi; {LC}ramante na; {LC}na rocate; {LC}nirdahati; {LC}na cchādayanti; {LC}hanti; {LC}bhaṇate; {LC}śṛṇvanti; {LC}śerate sma; {LC}aparādhyanti; {LC}anudhāvate; {LC}vṛṇute ca svakādaṣā; {LC}icchasi; {LC}vāñchasi; {LC}utsṛjanti; {LC}ābādhate; {LC}ābādhase; {LC}bādhante; {LC}nighnanti; {LC}aparādhyati; {LC}pramathnāti; {LC}mathnanti; {LC}palāyase; {LC}palāyante; {LC}nāvadhyāyanti; {LC}necchasi; {LC}ullaṃghayāmi; {LC}yatate; {LC}sahante; {LC}na parityajanti; {LC}naśyanti; {LC}paripanthaṃ [ca] tiṣṭhati; {LC}apanayati; {LC}na naśyasi; {LC}rakṣasi; {LC}rakṣāmi; {LC}prakāśate; {LC}nimajjet; {LC}na utsṛjeyā; {LC}vivarjayeyā; {LC}kṣipīta; {LC}paribhrameta; {LC}krīḍantu mama kāyena hasantuvilasantu ca; {LC}na... kupyate; {LC}caṃkramyate; {LC}rajyate; {LC}nirucyate; {LC}kathyate; {LC}na... sevyate; {LC}paridahyase; {LC}vicāryate; {LC}na codayantaḥ; {LC}pratīcchanpuṇyasāgarān; {LC}jātu; {LC}tathā na durbalaṃkañcidaparāddhaṃ; {LC}!!rādhyam) vimānayet; {LC}!!tavya; {LC}na vaktavyam; {LC}!!ya; {LC}vadhya; {LC}rohāpayati; {LC}bhāveti; {LC}na bhāvayati; {LC}na vinipātayati; {LC}utplāvayati; {LC}śrāvayanti; {LC}vināśayeta; {LC}prabhāseti; {LC}bṛṃhayate; {LC}vardhayate; {LC}tarpeti; {LC}pratipādayanti; {LC}upaśāmayet; {LC}saṃprakāśayati; {LC}paripācayati; {LC}abhūt; {LC}karonti; {LC}kartari; {LC}kalpate; {LC}kurute; {LC}kuryuḥ; {LC}!!kṛt; {LC}mā kṛthāḥ; {LC}janayati; {LC}!!da; {LC}!!prada; {LC}vitanvate; {LC}vidadhāti",
          "hopkins_english": "do; act; perform; does; refer (to){BJ 24.5}; {C}make; syllable; with (great) effort",
          "hgm_gloss": [
            "acting",
            "working",
            "meditating",
            "making",
            "see to it",
            "try",
            "to make",
            "commit",
            "to do",
            "acts",
            "make",
            "to use",
            "take",
            "to act",
            "doing",
            "bring it to",
            "prevent",
            "perform this function",
            "do",
            "function",
            "perform",
            "would",
            "go",
            "does",
            "used",
            "can",
            "actions",
            "showing",
            "refers",
            "is used ... to",
            "provide",
            "with",
            "will come",
            "uses",
            "help",
            "to put",
            "being",
            "provides",
            "is",
            "applies",
            "invented",
            "action",
            "act",
            "come",
            "performed",
            "brought",
            "performs",
            "brings",
            "work",
            "do it",
            "use",
            "will"
          ],
          "hgm_evidence": {
            "tier": "glossary",
            "source": "HTG2016"
          },
          "status": "hgm-attested",
          "pronunciation": "je",
          "acip": "BYED",
          "corpus_occurrences": {
            "courses": [
              "AK",
              "C01",
              "C02",
              "C03",
              "C04",
              "C05",
              "C06",
              "C07",
              "C08",
              "C09",
              "C10",
              "C11",
              "C12",
              "C13",
              "C14",
              "C15",
              "C16",
              "C17",
              "C18",
              "DDA",
              "DTE",
              "EM",
              "GIE",
              "GK",
              "ILL",
              "MB2",
              "P1",
              "P10",
              "P3",
              "P5",
              "P6",
              "P7",
              "P8",
              "P9",
              "SOS",
              "SPF",
              "Sunlight",
              "TCS01",
              "TCS02",
              "TCS03",
              "TCS04Initiation",
              "TCS04Mantras",
              "TCS04PrayerBook",
              "TCS05",
              "TCS06",
              "TCS07",
              "TCS08NaropaSadhana",
              "TCS08NaropaTrials1_12",
              "TCS08PabongkaSadhana",
              "TCS08SourceOfAllMyGood",
              "TCS08ThousandAngels",
              "TCS09",
              "TCS10",
              "TCS11",
              "TCS12",
              "TCS13",
              "TCS14",
              "TCS15",
              "TCS16KaliWang",
              "TCS16Reading",
              "TCS17",
              "TCS18Commentary",
              "TCS18LamaChupa"
            ],
            "n_segments": 4994
          },
          "hopkins_realigned": "uma-v26",
          "lc_merged": "lc-v27"
        }
      },
      {
        "collection": "glossary_entries",
        "index": 4954,
        "entry": {
          "acip": "BYED",
          "wylie": "byed",
          "tibetan": "བྱེད",
          "hgm_glosses": [
            "acting",
            "working",
            "meditating",
            "making",
            "see to it",
            "try",
            "to make",
            "commit",
            "to do",
            "acts",
            "make",
            "to use",
            "take",
            "to act",
            "doing",
            "bring it to",
            "prevent",
            "perform this function",
            "do",
            "function",
            "perform",
            "would",
            "go",
            "does",
            "used",
            "can",
            "actions",
            "showing",
            "refers",
            "is used ... to",
            "provide",
            "with",
            "will come",
            "uses",
            "help",
            "to put",
            "being",
            "provides",
            "is",
            "applies",
            "invented",
            "action",
            "act",
            "come",
            "performed",
            "brought",
            "performs",
            "brings",
            "work",
            "do it",
            "use",
            "will"
          ],
          "source": "Hypertext Glossary (2016-05-16)",
          "status": "glossary-attested"
        }
      }
    ]
  },
  {
    "term": "dkar po",
    "master_records": [
      {
        "collection": "unified_entries",
        "index": 349,
        "entry": {
          "tibetan": "དཀར་པོ",
          "wylie": "dkar po",
          "wylie_variants": [
            "dkar po"
          ],
          "tenses": null,
          "sanskrit": "{C,MSA}śukla; {C}avadāta; {C}sita; {LC}arjuna; {LC}guṇa; {LC}gara; {LC}dūrvā; {LC}dhavala; {LC}paṇḍita; {LC}pāṇḍara; {LC}rucaka; {LC}śukra; {LC}śuci; {LC}śubhra; {LC}śveta; {LC}śvetaka; {LC}puṇḍarīka; {LC}tārakā",
          "hopkins_english": "white [one of the four primary colors (rtsa ba'i kha dog)]; wholesome; pure; white; {C}pure; bright",
          "hgm_gloss": [
            "white",
            "clear"
          ],
          "hgm_evidence": {
            "tier": "glossary",
            "source": "HTG2016"
          },
          "status": "hgm-attested",
          "pronunciation": "karpo",
          "acip": "DKAR PO",
          "corpus_occurrences": {
            "courses": [
              "C01",
              "C05",
              "C08",
              "C09",
              "C12",
              "C13",
              "C14",
              "C17",
              "C18",
              "DTE",
              "EM",
              "GIE",
              "ILL",
              "P3",
              "P4",
              "TCS01",
              "TCS02",
              "TCS03",
              "TCS04Initiation",
              "TCS04Mantras",
              "TCS04PrayerBook",
              "TCS06",
              "TCS07",
              "TCS08PabongkaSadhana",
              "TCS09",
              "TCS10",
              "TCS11",
              "TCS12",
              "TCS13",
              "TCS14",
              "TCS15",
              "TCS16KaliWang",
              "TCS16Reading",
              "TCS17",
              "TCS18Commentary"
            ],
            "n_segments": 261
          },
          "hopkins_realigned": "uma-v26",
          "lc_merged": "lc-v27"
        }
      },
      {
        "collection": "glossary_entries",
        "index": 111,
        "entry": {
          "acip": "DKAR PO",
          "wylie": "dkar po",
          "tibetan": "དཀར་པོ",
          "hgm_glosses": [
            "white",
            "clear"
          ],
          "source": "Hypertext Glossary (2016-05-16)",
          "status": "glossary-attested"
        }
      }
    ]
  },
  {
    "term": "gang yin pa",
    "master_records": [
      {
        "collection": "unified_entries",
        "index": 1746,
        "entry": {
          "tibetan": "གང་ཡིན་པ",
          "wylie": "gang yin pa",
          "wylie_variants": [
            "gang yin pa"
          ],
          "tenses": null,
          "sanskrit": "{LC}yad",
          "hopkins_english": "which is; whatever is",
          "hgm_gloss": [
            "who are",
            "which is",
            "display",
            "they are",
            ":",
            "all those things which",
            "those things that display",
            "as being",
            "something",
            "anything",
            "correlation"
          ],
          "hgm_evidence": {
            "tier": "glossary",
            "source": "HTG2016"
          },
          "status": "hgm-attested",
          "pronunciation": "gangyinpa",
          "acip": "GANG YIN PA",
          "corpus_occurrences": {
            "courses": [
              "AK",
              "C02",
              "C03",
              "C04",
              "C05",
              "C09",
              "C10",
              "C11",
              "C12",
              "C13",
              "C15",
              "C16",
              "C17",
              "C18",
              "EM",
              "ILL",
              "MB2",
              "P1",
              "P6",
              "SOS",
              "SPF",
              "Sunlight",
              "TCS05",
              "TCS12",
              "TCS16KaliWang",
              "TCS17",
              "TCS18Commentary"
            ],
            "n_segments": 163
          },
          "lc_merged": "lc-v27"
        }
      },
      {
        "collection": "glossary_entries",
        "index": 712,
        "entry": {
          "acip": "GANG YIN PA",
          "wylie": "gang yin pa",
          "tibetan": "གང་ཡིན་པ",
          "hgm_glosses": [
            "who are",
            "which is",
            "display",
            "they are",
            ":",
            "all those things which",
            "those things that display",
            "as being",
            "something",
            "anything",
            "correlation"
          ],
          "source": "Hypertext Glossary (2016-05-16)",
          "status": "glossary-attested"
        }
      }
    ]
  },
  {
    "term": "gnag pa",
    "master_records": [
      {
        "collection": "unified_entries",
        "index": 23856,
        "entry": {
          "tibetan": "གནག་པ",
          "wylie": "gnag pa",
          "wylie_variants": [
            "gnag pa"
          ],
          "tenses": null,
          "sanskrit": null,
          "hopkins_english": null,
          "hgm_gloss": [
            "black"
          ],
          "hgm_evidence": {
            "tier": "glossary",
            "source": "HTG2016"
          },
          "status": "hgm-attested (not in Great Dictionary)",
          "pronunciation": "nakpa",
          "acip": "GNAG PA",
          "corpus_occurrences": {
            "courses": [
              "C05",
              "GIE",
              "TCS10"
            ],
            "n_segments": 3
          }
        }
      },
      {
        "collection": "glossary_entries",
        "index": 4159,
        "entry": {
          "acip": "GNAG PA",
          "wylie": "gnag pa",
          "tibetan": "གནག་པ",
          "hgm_glosses": [
            "black"
          ],
          "source": "Hypertext Glossary (2016-05-16)",
          "status": "glossary-attested"
        }
      }
    ]
  },
  {
    "term": "nag",
    "master_records": [
      {
        "collection": "unified_entries",
        "index": 10098,
        "entry": {
          "tibetan": "ནག",
          "wylie": "nag",
          "wylie_variants": [
            "nag"
          ],
          "tenses": null,
          "sanskrit": "kṛṣṇa; {MSA}mun nag = tamaḥ-prakāra; {LC}asita; {LC}kāla; {LC}kṛṣṇaśiras; {LC}andhakara; {LC}asitaśveta; {LC}śiti; {LC}śyāva",
          "hopkins_english": "darkness; black",
          "hgm_gloss": [
            "black"
          ],
          "hgm_evidence": {
            "tier": "glossary",
            "source": "HTG2016"
          },
          "status": "hgm-attested",
          "pronunciation": "nak",
          "acip": "NAG",
          "corpus_occurrences": {
            "courses": [
              "AK",
              "C01",
              "C03",
              "C05",
              "C06",
              "C07",
              "C08",
              "C09",
              "C10",
              "C13",
              "C14",
              "C15",
              "C16",
              "C17",
              "C18",
              "DDA",
              "DTE",
              "EM",
              "GIE",
              "ILL",
              "MB2",
              "P1",
              "P3",
              "P6",
              "SPF",
              "Sunlight",
              "TCS01",
              "TCS02",
              "TCS03",
              "TCS04Initiation",
              "TCS04Mantras",
              "TCS04PrayerBook",
              "TCS05",
              "TCS06",
              "TCS07",
              "TCS08PabongkaSadhana",
              "TCS08SourceOfAllMyGood",
              "TCS09",
              "TCS10",
              "TCS11",
              "TCS12",
              "TCS13",
              "TCS14",
              "TCS15",
              "TCS16KaliWang",
              "TCS16Reading",
              "TCS17"
            ],
            "n_segments": 439
          },
          "lc_merged": "lc-v27"
        }
      },
      {
        "collection": "glossary_entries",
        "index": 4070,
        "entry": {
          "acip": "NAG",
          "wylie": "nag",
          "tibetan": "ནག",
          "hgm_glosses": [
            "black"
          ],
          "source": "Hypertext Glossary (2016-05-16)",
          "status": "glossary-attested"
        }
      }
    ]
  },
  {
    "term": "nyon mongs can min",
    "master_records": [
      {
        "collection": "unified_entries",
        "index": 5889,
        "entry": {
          "tibetan": "ཉོན་མོངས་ཅན་མིན",
          "wylie": "nyon mongs can min",
          "wylie_variants": [
            "nyon mongs can min"
          ],
          "tenses": null,
          "sanskrit": "{MV}akliṣṭa",
          "hopkins_english": "non-afflicted",
          "hgm_gloss": [
            "not afflicted"
          ],
          "hgm_evidence": {
            "tier": "glossary",
            "source": "HTG2016"
          },
          "status": "hgm-attested",
          "pronunciation": "nyunmong chenmin",
          "acip": "NYON MONGS CAN MIN",
          "corpus_occurrences": {
            "courses": [
              "C05",
              "C08",
              "C16",
              "C17",
              "GIE",
              "ILL"
            ],
            "n_segments": 9
          }
        }
      },
      {
        "collection": "glossary_entries",
        "index": 2419,
        "entry": {
          "acip": "NYON MONGS CAN MIN",
          "wylie": "nyon mongs can min",
          "tibetan": "ཉོན་མོངས་ཅན་མིན",
          "hgm_glosses": [
            "not afflicted"
          ],
          "source": "Hypertext Glossary (2016-05-16)",
          "status": "glossary-attested"
        }
      }
    ]
  },
  {
    "term": "pas",
    "master_records": [
      {
        "collection": "unified_entries",
        "index": 23960,
        "entry": {
          "tibetan": "པས",
          "wylie": "pas",
          "wylie_variants": [
            "pas"
          ],
          "tenses": null,
          "sanskrit": "{LC}iti; {LC}tad",
          "hopkins_english": null,
          "hgm_gloss": [
            "thus",
            "because",
            "through"
          ],
          "hgm_evidence": {
            "tier": "glossary",
            "source": "HTG2016"
          },
          "status": "hgm-attested (not in Great Dictionary)",
          "pronunciation": "pe",
          "acip": "PAS",
          "corpus_occurrences": {
            "courses": [
              "AK",
              "C01",
              "C02",
              "C03",
              "C04",
              "C05",
              "C06",
              "C07",
              "C08",
              "C09",
              "C10",
              "C11",
              "C12",
              "C13",
              "C14",
              "C15",
              "C16",
              "C17",
              "C18",
              "DDA",
              "DTE",
              "EM",
              "GIE",
              "GK",
              "ILL",
              "MB2",
              "P1",
              "P10",
              "P3",
              "P4",
              "P5",
              "P6",
              "P7",
              "P8",
              "P9",
              "SOS",
              "SPF",
              "Sunlight",
              "TCS01",
              "TCS02",
              "TCS03",
              "TCS04Initiation",
              "TCS04Mantras",
              "TCS04PrayerBook",
              "TCS05",
              "TCS06",
              "TCS07",
              "TCS08KhenRinpocheLongLife",
              "TCS08NaropaSadhana",
              "TCS08NaropaTrials1_12",
              "TCS08PabongkaSadhana",
              "TCS08SourceOfAllMyGood",
              "TCS08ThousandAngels",
              "TCS09",
              "TCS10",
              "TCS11",
              "TCS12",
              "TCS13",
              "TCS14",
              "TCS15",
              "TCS16KaliWang",
              "TCS16Reading",
              "TCS17",
              "TCS18Commentary",
              "TCS18LamaChupa"
            ],
            "n_segments": 8227
          },
          "lc_merged": "lc-v27"
        }
      },
      {
        "collection": "glossary_entries",
        "index": 4384,
        "entry": {
          "acip": "PAS",
          "wylie": "pas",
          "tibetan": "པས",
          "hgm_glosses": [
            "thus",
            "because",
            "through"
          ],
          "source": "Hypertext Glossary (2016-05-16)",
          "status": "glossary-attested"
        }
      }
    ]
  },
  {
    "term": "rang gi",
    "master_records": [
      {
        "collection": "unified_entries",
        "index": 18258,
        "entry": {
          "tibetan": "རང་གི",
          "wylie": "rang gi",
          "wylie_variants": [
            "rang gi"
          ],
          "tenses": null,
          "sanskrit": "{L}sva; {C}ātman; {LC}ātmīya; {LC}nija; {LC}mat!!; {LC}sva!!; {LC}svaka; {LC}tasya svakaṃ jñeyam; {LC}svayam; {LC}svā-dhikyavṛddhaye; {LC}koraṅgī; {LC}svām",
          "hopkins_english": "own; one’s own; own-",
          "hgm_gloss": [
            "my",
            "your",
            "their own",
            "one's own",
            "her own",
            "that you own",
            "my ... my",
            "his",
            "my own",
            "i",
            "its",
            "their",
            "you and i have taken",
            "its own",
            "our own",
            "its own ... its own",
            "own",
            "on their own",
            "with it",
            "s own",
            "its very being",
            "his own",
            "one's"
          ],
          "hgm_evidence": {
            "tier": "glossary",
            "source": "HTG2016"
          },
          "status": "hgm-attested",
          "pronunciation": "rang gi",
          "acip": "RANG GI",
          "corpus_occurrences": {
            "courses": [
              "C01",
              "C02",
              "C03",
              "C04",
              "C05",
              "C06",
              "C07",
              "C08",
              "C09",
              "C10",
              "C11",
              "C12",
              "C13",
              "C14",
              "C15",
              "C16",
              "C17",
              "C18",
              "DDA",
              "DTE",
              "EM",
              "GIE",
              "GK",
              "ILL",
              "MB2",
              "P1",
              "P3",
              "P5",
              "P6",
              "P7",
              "P9",
              "SOS",
              "SPF",
              "Sunlight",
              "TCS01",
              "TCS02",
              "TCS03",
              "TCS04Initiation",
              "TCS04Mantras",
              "TCS04PrayerBook",
              "TCS05",
              "TCS06",
              "TCS07",
              "TCS08NaropaSadhana",
              "TCS08PabongkaSadhana",
              "TCS09",
              "TCS10",
              "TCS11",
              "TCS12",
              "TCS13",
              "TCS14",
              "TCS15",
              "TCS16KaliWang",
              "TCS16Reading",
              "TCS17",
              "TCS18Commentary",
              "TCS18LamaChupa"
            ],
            "n_segments": 1878
          },
          "lc_merged": "lc-v27"
        }
      },
      {
        "collection": "glossary_entries",
        "index": 6758,
        "entry": {
          "acip": "RANG GI",
          "wylie": "rang gi",
          "tibetan": "རང་གི",
          "hgm_glosses": [
            "my",
            "your",
            "their own",
            "one's own",
            "her own",
            "that you own",
            "my ... my",
            "his",
            "my own",
            "i",
            "its",
            "their",
            "you and i have taken",
            "its own",
            "our own",
            "its own ... its own",
            "own",
            "on their own",
            "with it",
            "s own",
            "its very being",
            "his own",
            "one's"
          ],
          "source": "Hypertext Glossary (2016-05-16)",
          "status": "glossary-attested"
        }
      }
    ]
  },
  {
    "term": "rnam par mi smin",
    "master_records": []
  },
  {
    "term": "zad",
    "master_records": [
      {
        "collection": "unified_entries",
        "index": 16595,
        "entry": {
          "tibetan": "ཟད",
          "wylie": "zad",
          "wylie_variants": [
            "zad"
          ],
          "tenses": "'dzad/ 'dzad/ zad/ zad",
          "sanskrit": "'dzad/ 'dzad/ zad/ zad/; {MV}kṣaya; {C}kṣīṇa; {C}hīyate; {C}chedana; {MSA}kevala; {LC}alpa; {LC}kṣata; {LC}kṣayi; {LC}kṣiṇuyāt; {LC}kṣīyeta; {LC}gata; {LC}gatāyuṣa; {LC}prakṣīṇa; {LC}prakṣīṇakilbiṣa; {LC}resc hṛ...,.,.re alpa atisaṃkṣaya",
          "hopkins_english": "use up; exhaust; consume; subsume; extinction; removal; exhaustion; used up; exhausted; extinct; extinguished; consumed; subsumed; [with negative:] not only; inexhaustible; {C}diminish; is decreased; is diminished; fail; cut; cutting off; wasted; dried up",
          "hgm_gloss": [
            "limited",
            "run out",
            "a stop",
            "erased",
            "used up",
            "disappear",
            "finish",
            "ended",
            "finish off",
            "nothing more",
            "ends",
            "end"
          ],
          "hgm_evidence": {
            "tier": "glossary",
            "source": "HTG2016"
          },
          "status": "hgm-attested",
          "pronunciation": "se",
          "acip": "ZAD",
          "corpus_occurrences": {
            "courses": [
              "AK",
              "C01",
              "C02",
              "C03",
              "C04",
              "C05",
              "C06",
              "C07",
              "C08",
              "C09",
              "C10",
              "C11",
              "C12",
              "C14",
              "C15",
              "C16",
              "C17",
              "C18",
              "DDA",
              "EM",
              "GIE",
              "GK",
              "ILL",
              "MB2",
              "P1",
              "P3",
              "P5",
              "P6",
              "P7",
              "P9",
              "SOS",
              "SPF",
              "Sunlight",
              "TCS01",
              "TCS02",
              "TCS03",
              "TCS04Initiation",
              "TCS04Mantras",
              "TCS04PrayerBook",
              "TCS05",
              "TCS06",
              "TCS07",
              "TCS08NaropaTrials1_12",
              "TCS08PabongkaSadhana",
              "TCS09",
              "TCS10",
              "TCS11",
              "TCS12",
              "TCS13",
              "TCS14",
              "TCS15",
              "TCS16KaliWang",
              "TCS16Reading",
              "TCS17",
              "TCS18Commentary",
              "TCS18LamaChupa"
            ],
            "n_segments": 1068
          },
          "hopkins_realigned": "uma-v26",
          "lc_merged": "lc-v27"
        }
      },
      {
        "collection": "glossary_entries",
        "index": 6304,
        "entry": {
          "acip": "ZAD",
          "wylie": "zad",
          "tibetan": "ཟད",
          "hgm_glosses": [
            "limited",
            "run out",
            "a stop",
            "erased",
            "used up",
            "disappear",
            "finish",
            "ended",
            "finish off",
            "nothing more",
            "ends",
            "end"
          ],
          "source": "Hypertext Glossary (2016-05-16)",
          "status": "glossary-attested"
        }
      }
    ]
  }
]
