{
  "source_rows": 15,
  "lexical_terms": 56,
  "master_records": 106,
  "queries": [
    {
      "label": "319 exact acip",
      "count": 1
    },
    {
      "label": "319 exact wylie",
      "count": 1
    },
    {
      "label": "319 exact english",
      "count": 1
    },
    {
      "label": "320 exact acip",
      "count": 1
    },
    {
      "label": "320 exact wylie",
      "count": 1
    },
    {
      "label": "320 exact english",
      "count": 1
    },
    {
      "label": "321 exact acip",
      "count": 1
    },
    {
      "label": "321 exact wylie",
      "count": 1
    },
    {
      "label": "321 exact english",
      "count": 1
    },
    {
      "label": "319 mixed mental",
      "count": 2
    },
    {
      "label": "320 unstained",
      "count": 1
    },
    {
      "label": "321 verse",
      "count": 4
    },
    {
      "label": "321 mastery",
      "count": 1
    },
    {
      "label": "319 min pas",
      "count": 1
    },
    {
      "label": "321 final arising",
      "count": 2
    }
  ],
  "register_type": "list",
  "register_keys": null
}
