{
  "queries": [
    [
      319,
      "'DOD PAR GTOGS PA'I DGE BA NI DKAR GNAG LA RN",
      1
    ],
    [
      319,
      "'dod par gtogs pa'i dge ba ni dkar gnag la rn",
      1
    ],
    [
      319,
      "Virtue taken in by the realm of desire repres",
      1
    ],
    [
      320,
      "ZAG MED KYI LAS NI MI DKAR MI GNAG RNAM PAR M",
      1
    ],
    [
      320,
      "zag med kyi las ni mi dkar mi gnag rnam par m",
      1
    ],
    [
      320,
      "Deeds which are unstained never ripen into an",
      1
    ],
    [
      321,
      ",CHOS BZOD 'DOD CHAGS BRAL BA YI, ,BAR CHAD M",
      1
    ],
    [
      321,
      "chos bzod 'dod chags bral ba yi, ,bar chad me",
      1
    ],
    [
      321,
      "Twelve types of mental movement had with Phen",
      1
    ],
    [
      null,
      "mi dkar mi gnag",
      1
    ],
    [
      null,
      "chos bzod",
      4
    ],
    [
      null,
      "bar chad med lam",
      27
    ],
    [
      null,
      "nyon mongs can min",
      9
    ],
    [
      null,
      "zad par byed pa",
      19
    ],
    [
      null,
      "brgyad kyi sems pa",
      1
    ]
  ],
  "lexical": [
    [
      "'dod pa",
      [
        [
          "unified_entries",
          [
            "intention",
            "desire",
            "someone who wants",
            "who wish",
            "wish",
            "those who wish",
            "the wish",
            "wants",
            "desire realm",
            "desire?",
            "attracted",
            "assert",
            "position",
            "accepted",
            "hoped",
            "hope",
            "accept",
            "say",
            "believe",
            "accepts",
            "fact",
            "think",
            "posit",
            "propose",
            "believed",
            "agreed",
            "agree",
            "hold ... hold",
            "meaning",
            "believes",
            "admission",
            "to assert",
            "aspirations",
            "believed ... believed",
            "belief",
            "asserting",
            "wishes",
            "desirable",
            "desires",
            "we say",
            "according to",
            "desire-realm",
            "view",
            "want",
            "said to",
            "realm of desire",
            "wanting"
          ]
        ],
        [
          "glossary_entries",
          null
        ]
      ]
    ],
    [
      "'dod par",
      []
    ],
    [
      "gtogs pa",
      [
        [
          "unified_entries",
          [
            "categorized",
            "grouped with",
            "which are considered",
            "included",
            "as well as",
            "represents",
            "taken"
          ]
        ],
        [
          "glossary_entries",
          null
        ]
      ]
    ],
    [
      "dge ba",
      [
        [
          "unified_entries",
          [
            "goodness",
            "goodness of a deed"
          ]
        ],
        [
          "curated_entries",
          [
            "goodness",
            "goodness of a deed"
          ]
        ],
        [
          "glossary_entries",
          null
        ]
      ]
    ],
    [
      "dkar",
      [
        [
          "unified_entries",
          [
            "white"
          ]
        ],
        [
          "glossary_entries",
          null
        ]
      ]
    ],
    [
      "gnag",
      [
        [
          "unified_entries",
          [
            "black"
          ]
        ],
        [
          "glossary_entries",
          null
        ]
      ]
    ],
    [
      "rnam par smin pa",
      [
        [
          "unified_entries",
          [
            "maturing",
            "ripened",
            "ripen",
            "ripening",
            "result",
            "ripens",
            "ripening of a result"
          ]
        ],
        [
          "glossary_entries",
          null
        ]
      ]
    ],
    [
      "rnam smin",
      [
        [
          "unified_entries",
          [
            "karmic result",
            "result",
            "ripening",
            "ripen",
            "ripen?",
            "ripens",
            "ripened"
          ]
        ],
        [
          "glossary_entries",
          null
        ]
      ]
    ],
    [
      "las",
      [
        [
          "unified_entries",
          [
            "deeds",
            "deed"
          ]
        ],
        [
          "curated_entries",
          [
            "deeds",
            "deed"
          ]
        ],
        [
          "glossary_entries",
          null
        ]
      ]
    ],
    [
      "rang",
      [
        [
          "unified_entries",
          [
            "i",
            "you",
            "himself or herself",
            "yourself",
            "your",
            "own",
            "my",
            "oneself",
            "within",
            "nature",
            "self-made buddha",
            "itself",
            "its own",
            "self-made",
            "their own",
            "us",
            "himself",
            "our own",
            "those who follow the independent",
            "independent",
            "them",
            "themselves",
            "auto",
            "own ... own",
            "nature of existing",
            "their",
            "his own",
            "it",
            "one's own",
            "self",
            "myself",
            "me"
          ]
        ],
        [
          "glossary_entries",
          null
        ]
      ]
    ],
    [
      "ngo bo",
      [
        [
          "unified_entries",
          [
            "nature",
            "basic nature",
            "materials",
            "essence",
            "the way",
            "its very nature",
            "essentially",
            "very essence",
            "basic object",
            "very nature",
            "general essence",
            "actual nature",
            "basic nature of a thing",
            "essential nature",
            "primary form",
            "self-nature",
            "natures",
            "very quality",
            "actually consists"
          ]
        ],
        [
          "glossary_entries",
          null
        ]
      ]
    ],
    [
      "nyon mongs can",
      [
        [
          "unified_entries",
          [
            "afflicted",
            "states of mental affliction",
            "mental affliction",
            "affliction",
            "mentally afflicted state",
            "consists of something afflicted"
          ]
        ],
        [
          "glossary_entries",
          null
        ]
      ]
    ],
    [
      "min",
      [
        [
          "unified_entries",
          [
            "no",
            "doesn't",
            "not",
            "can't be called",
            "is not",
            "are not",
            "is no",
            "are though not",
            "impossible",
            "neither",
            "cannot",
            "cannot be",
            "nor are",
            "neither ... is",
            "didn't",
            "nor",
            "wasn't",
            "nor is",
            "neither is it the case",
            "there is no",
            "it is not",
            "nor ... is",
            "am neither",
            "none",
            "lacks",
            "can't be",
            "are nothing",
            "wrong",
            "isn't",
            "no such thing",
            "do not",
            "is not ... not",
            "does not",
            "were not",
            "not being",
            "it is not the case",
            "never"
          ]
        ],
        [
          "glossary_entries",
          null
        ]
      ]
    ],
    [
      "rgyud",
      [
        [
          "unified_entries",
          [
            "the mental streams",
            "mental stream",
            "continuum",
            "stream",
            "living beings",
            "string",
            "being",
            "minds",
            "mind",
            "tantra",
            "secret",
            "mind-streams",
            "mind streams",
            "mental function",
            "mind stream",
            "stream of his mind",
            "secret teaching",
            "flow",
            "mental continuum",
            "mental streams",
            "secret teachings"
          ]
        ],
        [
          "glossary_entries",
          null
        ]
      ]
    ],
    [
      "gcig",
      [
        [
          "unified_entries",
          [
            "one and only",
            "one",
            "single",
            "someone",
            "period of 24 hours",
            "a single",
            "a certain",
            "a single being",
            "a specific",
            "one ... alone",
            "a measure",
            "also",
            "same",
            "another",
            "the same as",
            "be present with",
            "a",
            "exactly the same",
            "possess",
            "singular",
            "one thing",
            "are one",
            "an",
            "there exists no difference",
            "single thing",
            "particular"
          ]
        ],
        [
          "glossary_entries",
          null
        ]
      ]
    ],
    [
      "nyon mongs pa",
      [
        [
          "unified_entries",
          [
            "mental affliction",
            "mental afflictions",
            "mental-affliction",
            "bad thoughts",
            "mentally afflicted things",
            "mentally afflicted",
            "affliction",
            "afflicted",
            "bad thought"
          ]
        ],
        [
          "glossary_entries",
          null
        ]
      ]
    ],
    [
      "'dres",
      [
        [
          "unified_entries",
          [
            "mixed"
          ]
        ],
        [
          "glossary_entries",
          null
        ]
      ]
    ],
    [
      "'bras bu",
      [
        [
          "unified_entries",
          [
            "effect",
            "a result",
            "goal",
            "rewards",
            "an effect",
            "result",
            "the goal",
            "reward",
            "consequences",
            "fruit",
            "goals",
            "results",
            "consequence",
            "final goal",
            "loaded with fruit",
            "stage of result",
            "consequence?",
            "fruits",
            "grow",
            "crops",
            "crops in the fields",
            "resulted"
          ]
        ],
        [
          "glossary_entries",
          null
        ]
      ]
    ],
    [
      "yid du 'ong ba",
      [
        [
          "unified_entries",
          [
            "in a particularly attractive manner",
            "attracted to",
            "\"beautiful\"",
            "desirable",
            "pleasant"
          ]
        ],
        [
          "glossary_entries",
          null
        ]
      ]
    ],
    [
      "'byin",
      [
        [
          "unified_entries",
          [
            "devastate",
            "rip"
          ]
        ],
        [
          "glossary_entries",
          null
        ]
      ]
    ],
    [
      "sdug bsngal",
      [
        [
          "unified_entries",
          [
            "suffering",
            "sufferings"
          ]
        ],
        [
          "curated_entries",
          [
            "suffering",
            "sufferings"
          ]
        ],
        [
          "glossary_entries",
          null
        ]
      ]
    ],
    [
      "phyir",
      [
        [
          "unified_entries",
          [
            "which leads",
            "for",
            "no more reason than",
            "in this sense",
            "thus",
            "reason",
            "for the sake",
            "for this reason",
            "because",
            "hoping",
            "to",
            "out of",
            "behalf",
            "because isn't it true",
            "for it is",
            "yet",
            "since",
            "rather",
            "thereby",
            "the fact though is that",
            "moreover",
            "can be said",
            "used them",
            "there are",
            "is why",
            "what are called the",
            "can",
            "this is because",
            "that",
            "is meant to",
            "whole point",
            "isn't it possible",
            "why",
            "then",
            "and this is true because",
            "the fact is that",
            "after all",
            "for the following reason",
            "and so",
            "therefore",
            "thus too it is that",
            "the fact though is",
            "this is why",
            "the point is",
            "purpose",
            "so",
            "out",
            "insofar as",
            "why?",
            "to ... to",
            "why so?",
            "since ... then",
            "so if this were",
            "this follows because",
            "for this exact reason",
            "the fact is",
            "reason why",
            "remember",
            "as",
            "include",
            "because isn't it true ... that ... ?",
            "because ... then",
            "for the following reasons",
            "for they",
            "for it",
            "in that",
            "this is true because",
            "suppose",
            "reason here is",
            "the reason that",
            "as such"
          ]
        ],
        [
          "glossary_entries",
          null
        ]
      ]
    ],
    [
      "zag med",
      [
        [
          "unified_entries",
          [
            "the unstained",
            "pure",
            "stainless",
            "unstained",
            "stainless things",
            "without stain",
            "free of stain",
            "unstained phenomena",
            "untainted"
          ]
        ],
        [
          "glossary_entries",
          null
        ]
      ]
    ],
    [
      "mi dkar mi gnag",
      []
    ],
    [
      "nag po",
      [
        [
          "unified_entries",
          [
            "evil",
            "black",
            "dark"
          ]
        ],
        [
          "glossary_entries",
          null
        ]
      ]
    ],
    [
      "zad par byed pa",
      [
        [
          "unified_entries",
          [
            "brought to an end"
          ]
        ],
        [
          "glossary_entries",
          null
        ]
      ]
    ],
    [
      "zad par",
      [
        [
          "unified_entries",
          [
            "exhaustively",
            "in its entirety",
            "totally ... total",
            "all"
          ]
        ],
        [
          "glossary_entries",
          null
        ]
      ]
    ],
    [
      "byed pa",
      [
        [
          "unified_entries",
          [
            "specific function",
            "to follow",
            "act",
            "instigation",
            "have done",
            "undertaking",
            "committing",
            "practices",
            "creating",
            "trying to",
            "acts",
            "work",
            "functions",
            "to",
            "function",
            "slice",
            "committed",
            "anyone at all has made",
            "put",
            "functioning",
            "agent",
            "grows",
            "cause",
            "goes through",
            "allow",
            "made",
            "creates",
            "uses ... uses",
            "say",
            "went and made",
            "makes",
            "provides",
            "one has",
            "presenting",
            "allows one",
            "created",
            "contributes",
            "brings",
            "provide",
            "perform",
            "composed",
            "maker",
            "concerns",
            "utilizes",
            "action",
            "performs",
            "to do",
            "constitute",
            "being",
            "performed",
            "come",
            "take",
            "bring",
            "performing",
            "brought",
            "occurs",
            "performance",
            "engaging",
            "deed",
            "working",
            "done",
            "act to bring",
            "practicing"
          ]
        ],
        [
          "glossary_entries",
          null
        ]
      ]
    ],
    [
      "chos bzod",
      [
        [
          "unified_entries",
          [
            "types of mental movement"
          ]
        ]
      ]
    ],
    [
      "chos",
      [
        [
          "unified_entries",
          [
            "Dharma (the teaching)",
            "things / objects (phenomena, contextually)"
          ]
        ],
        [
          "curated_entries",
          [
            "Dharma (the teaching)",
            "things / objects (phenomena, contextually)"
          ]
        ],
        [
          "glossary_entries",
          null
        ]
      ]
    ],
    [
      "bzod",
      [
        [
          "unified_entries",
          [
            "bear",
            "mastery"
          ]
        ],
        [
          "glossary_entries",
          null
        ]
      ]
    ],
    [
      "'dod chags",
      [
        [
          "unified_entries",
          [
            "attachment",
            "desire",
            "craving",
            "emotion of liking",
            "desiring"
          ]
        ],
        [
          "glossary_entries",
          null
        ]
      ]
    ],
    [
      "bral ba",
      [
        [
          "unified_entries",
          [
            "free",
            "freed",
            "lacks",
            "overcome",
            "free of",
            "freedom"
          ]
        ],
        [
          "glossary_entries",
          null
        ]
      ]
    ],
    [
      "bar chad med lam",
      [
        [
          "unified_entries",
          [
            "uninterrupted path",
            "uninterrupted\" stage",
            "uninterrupted"
          ]
        ],
        [
          "glossary_entries",
          null
        ]
      ]
    ],
    [
      "bar chad med",
      [
        [
          "unified_entries",
          [
            "uninterrupted"
          ]
        ],
        [
          "glossary_entries",
          null
        ]
      ]
    ],
    [
      "lam",
      [
        [
          "unified_entries",
          [
            "paths",
            "path",
            "travelling",
            "or",
            "the paths",
            "the path",
            "road",
            "act",
            "path knowledge",
            "ways",
            "stage",
            "course",
            "way"
          ]
        ],
        [
          "glossary_entries",
          null
        ]
      ]
    ],
    [
      "brgyad",
      [
        [
          "unified_entries",
          [
            "eight"
          ]
        ],
        [
          "glossary_entries",
          null
        ]
      ]
    ],
    [
      "sems pa",
      [
        [
          "unified_entries",
          [
            "thinking",
            "movement of the mind",
            "thoughts",
            "mental movement",
            "movement of the ... mind",
            "thinking about",
            "think",
            "mind",
            "any movement of the mind",
            "movements of the mind",
            "thought",
            "contemplations",
            "mental"
          ]
        ],
        [
          "glossary_entries",
          null
        ]
      ]
    ],
    [
      "rnam pa",
      [
        [
          "unified_entries",
          [
            "types",
            "different types",
            "totally",
            "exist with",
            "kinds",
            "forms",
            "them",
            "aspects",
            "these",
            "different kinds",
            "some",
            "point of view",
            "perceived",
            "way",
            "subject",
            "different",
            "clear",
            "being something that",
            "respect",
            "kind",
            "type",
            "aspect",
            "factor",
            "distinctions"
          ]
        ],
        [
          "glossary_entries",
          null
        ]
      ]
    ],
    [
      "bcu gnyis",
      [
        [
          "unified_entries",
          [
            "twelve",
            "(twelve"
          ]
        ],
        [
          "glossary_entries",
          null
        ]
      ]
    ],
    [
      "dgu pa",
      [
        [
          "unified_entries",
          [
            "ninth"
          ]
        ],
        [
          "glossary_entries",
          null
        ]
      ]
    ],
    [
      "dkar nag",
      [
        [
          "unified_entries",
          [
            "white and black"
          ]
        ],
        [
          "glossary_entries",
          null
        ]
      ]
    ],
    [
      "bsam gtan",
      [
        [
          "unified_entries",
          [
            "meditation",
            "the practice of meditation",
            "concentration",
            "concentration level",
            "concentrations",
            "concentration leve",
            "level",
            "level of concentration",
            "deep meditation",
            "deep",
            "meditating",
            "meditative concentration"
          ]
        ],
        [
          "glossary_entries",
          null
        ]
      ]
    ],
    [
      "chags bral ba",
      [
        [
          "unified_entries",
          [
            "free of desire"
          ]
        ],
        [
          "glossary_entries",
          null
        ]
      ]
    ],
    [
      "skyes",
      [
        [
          "unified_entries",
          [
            "to develop",
            "taken birth",
            "begin to",
            "would give",
            "begun",
            "grown",
            "grow",
            "are ... born",
            "exists",
            "arise",
            "born",
            "develop",
            "birth",
            "life",
            "cause",
            "take birth",
            "people",
            "rebirth",
            "reborn",
            "come",
            "spring up",
            "springs up",
            "arising",
            "gain"
          ]
        ],
        [
          "glossary_entries",
          null
        ]
      ]
    ],
    [
      "tha ma",
      [
        [
          "unified_entries",
          [
            "end",
            "final",
            "lower-order",
            "the very end",
            "the final",
            "very lowest",
            "last"
          ]
        ],
        [
          "glossary_entries",
          null
        ]
      ]
    ],
    [
      "tha mas",
      []
    ]
  ]
}
