{
  "baseline_commit": "1809556bc95e3d2a7f2444a1b9248dbbd3a11d53",
  "page": "c5p78",
  "segments": [
    232,
    233,
    234
  ],
  "prior_links_retained": 43721,
  "added_links": 95,
  "added_by_segment": {
    "232": 48,
    "233": 21,
    "234": 26
  },
  "reviewed_analyst_spans": 92,
  "full_links": 43816,
  "null_exponents": 11877,
  "evidence_headwords": 6997,
  "evidence_pairs": 15160,
  "prior_notes_trees_evidence_and_acip_retained": true,
  "prior_csv_rows_retained": 21883,
  "current_csv_rows": 21922,
  "prior_csv_content_and_references_retained": true,
  "csv_acip_enrichments_from_newly_banked_source": [],
  "source_hashes_unchanged": true,
  "review_tuples_and_source_ranges_match": true,
  "navigation_targets_exist": true,
  "rendering_verified": false
}
