data/alignment/reviews_c05/c5p78/C05-independent-physical-excerpt.txt:2: trailing whitespace.
+2221: 
data/alignment/reviews_c05/c5p78/C05-independent-physical-excerpt.txt:12: trailing whitespace.
+2231: 
data/alignment/reviews_c05/c5p78/C05-independent-physical-excerpt.txt:15: trailing whitespace.
+2234: 
data/alignment/reviews_c05/c5p78/C05-independent-physical-excerpt.txt:23: trailing whitespace.
+2242: 
data/alignment/reviews_c05/c5p78/C05-independent-physical-excerpt.txt:33: trailing whitespace.
+2252: 
data/alignment/reviews_c05/c5p78/C16-independent-physical-excerpt.txt:2: trailing whitespace.
+8886: 
data/alignment/reviews_c05/c5p78/C16-independent-physical-excerpt.txt:14: trailing whitespace.
+8898: 
data/alignment/reviews_c05/c5p78/C16-independent-physical-excerpt.txt:22: trailing whitespace.
+8906: 
data/alignment/reviews_c05/c5p78/C16-independent-physical-excerpt.txt:32: trailing whitespace.
+8916: 
data/alignment/reviews_c05/c5p78/proposal-inputs/evidence/047edf8fe23fc7ff37fbde22cfa4be33e62c1c5b259ea965f0ebcca153da0f21.txt:360: trailing whitespace.
+DE YANG GZHAN DON DU 'TSANG RGYA BA LA SANGS RGYAS KYI GO 'PHANG DE BSGRUB DGOS, DE BSGRUB PA LA SGRUB TSUL SHES DGOS, DE LA CHOS THOS DGOS, THOS PA DE YANG LAM MA NOR BA ZHIG LA BYED DGOS PA YIN PAS   
data/alignment/reviews_c05/c5p78/proposal-inputs/evidence/047edf8fe23fc7ff37fbde22cfa4be33e62c1c5b259ea965f0ebcca153da0f21.txt:384: trailing whitespace.
+SPYAN SNGA BA'I ZHAL NAS, SLOB DPON, NGAS LAM GYI RIM PA RGYUD LA SKYES PA LTA 
data/alignment/reviews_c05/c5p78/proposal-inputs/evidence/047edf8fe23fc7ff37fbde22cfa4be33e62c1c5b259ea965f0ebcca153da0f21.txt:461: trailing whitespace.
+,YON TAN LHAG PA BRTZON BCAS LUNG GIS 
data/alignment/reviews_c05/c5p78/proposal-inputs/evidence/047edf8fe23fc7ff37fbde22cfa4be33e62c1c5b259ea965f0ebcca153da0f21.txt:479: trailing whitespace.
+BLA MA'I MTSAN NYID DE DAG NI SLOB MAS KYANG SHES PAR BYAS TE DE DANG LDAN PA'I BLA MA BTZAL DGOS, BLA MA YON TAN CHE CHUNG SOGS JI 'DRA ZHIG YOD KYANG SLOB MA YANG SKAL BA BZANG ZHAN DE DANG MTHUN PA ZHIG YONG STE, BLA MA MDO SNGAGS KYI LAM YONGS 
data/alignment/reviews_c05/c5p78/proposal-inputs/evidence/047edf8fe23fc7ff37fbde22cfa4be33e62c1c5b259ea965f0ebcca153da0f21.txt:526: trailing whitespace.
+,ZHES GSUNGS PA LTAR SKYES BUS SE GOL GCIG GTOG PA'I YUN LA BYA RDZOGS KYI SKAD CIG MA DRUG CU RE LNGA YOD PAS, BYA RDZOGS KYI SKAD CIG MA DRUG CU RTZA LNGA'I RING BLA MA LA KHRO SEMS SKYES NA BSKAL PA DRUG CU RTZA LNGA'I YUN LA DMYAL BAR GNAS DGOS, 'DI 
data/alignment/reviews_c05/c5p78/proposal-inputs/evidence/047edf8fe23fc7ff37fbde22cfa4be33e62c1c5b259ea965f0ebcca153da0f21.txt:621: trailing whitespace.
+SNGAR GYI LO TS'A BA CHEN PO DAG GIS KYANG DKA' SPYAD DU MAS THAG RING RGYA GAR GYI YUL NAS CHOS TSAD LDAN BOD 'DIR GDAN DRANGS PA YANG BOD KYI CHOS LOG DE TSOS GO MA CHOD PA RED, DES NA CHU 'GO'I PHUGS GANGS LA THUG DGOS PA BZHIN DU RANG GIS 
data/alignment/reviews_c05/c5p78/proposal-inputs/evidence/047edf8fe23fc7ff37fbde22cfa4be33e62c1c5b259ea965f0ebcca153da0f21.txt:673: trailing whitespace.
+DE YANG GANG DAG SRID PA'I BDE BA LA YID SKAD CIG KYANG MA CHAGS PAR THAR PA THOB 
data/alignment/reviews_c05/c5p78/proposal-inputs/evidence/047edf8fe23fc7ff37fbde22cfa4be33e62c1c5b259ea965f0ebcca153da0f21.txt:740: trailing whitespace.
+,YID LA GOMS PAS TSE 'DI'I SNANG SHAS 
data/alignment/reviews_c05/c5p78/proposal-inputs/evidence/047edf8fe23fc7ff37fbde22cfa4be33e62c1c5b259ea965f0ebcca153da0f21.txt:856: trailing whitespace.
+,CES GSUNGS PA LTAR RNYED BKUR BYUNG NA DGA', MA BYUNG NA MI DGA' BA DANG , BDE BA BYUNG NA DGA', MA BYUNG NA MI DGA' BA, SNYAN GRAGS BYUNG NA DGA', MA BYUNG NA MI DGA' BA, BSTOD RA GTONG MKHAN BYUNG NA DGA', SMAD RA BYED MKHAN BYUNG NA MI DGA' BA STE 'DI BRGYAD LA 'JIG RTEN CHOS BRGYAD CES ZER BA YIN, CHOS BYED PA LA 
data/alignment/reviews_c05/c5p78/proposal-inputs/evidence/047edf8fe23fc7ff37fbde22cfa4be33e62c1c5b259ea965f0ebcca153da0f21.txt:885: trailing whitespace.
+DE'I PHYIR TSE 'DI'I CHOS BRGYAD BLOS MA THONGS NA CHOS 'ONG RGYU PHAR BZHAG, NGAN SONG GI SKYE SGO TZAM YANG KHEGS PAR DKA', CHOS BYED PA LA 'JIG RTEN CHOS BRGYAD MGO SNYOMS, TSE BLOS GTONG BA'I MAN NGAG BKA' GDAMS PHUGS NOR BCU NYAMS SU LEN 
data/alignment/reviews_c05/c5p78/proposal-inputs/evidence/047edf8fe23fc7ff37fbde22cfa4be33e62c1c5b259ea965f0ebcca153da0f21.txt:906: trailing whitespace.
+RDO RJE GSUM NI, THEBS MED RDO RJE SNGON LA BTANG , KHREL MED RDO RJE RJES LA 
data/alignment/reviews_c05/c5p78/proposal-inputs/evidence/047edf8fe23fc7ff37fbde22cfa4be33e62c1c5b259ea965f0ebcca153da0f21.txt:956: trailing whitespace.
+SHI PHUGS GROG PO SKAM PO LA GTAD PA NI, RANG LA YO BYAD GTAN NAS MED NA, RANG NA BA DANG , RGAS PA DANG , 'CHI DUS TSUN CHAD LA G-YOG BYED MKHAN DANG , RO SKYEL BYED TSUN CHAD DGOS SNYAM PA YANG TSE 'DI'I PHUN TSOGS LA ZHEN PA YIN, RANG NYID LO RGAS RGAS BAR DU TSE RING POR SDOD PA'I NGES PA GTAN NAS MED PAS, DE BAS CHOS BSGRUBS NAS RANG LA BLTA MKHAN MED PAR GROG PO SKAM PO'I NANG DU KHYI SHI BA LTAR RO LA 
data/alignment/reviews_c05/c5p78/proposal-inputs/evidence/047edf8fe23fc7ff37fbde22cfa4be33e62c1c5b259ea965f0ebcca153da0f21.txt:982: trailing whitespace.
+KHREL MED RDO RJE RJES LA BZHAG PA NI, TSE BLOS BTANG NAS 'GRO BA NA, MI TSOS KHO SPRANG 
data/alignment/reviews_c05/c5p78/proposal-inputs/evidence/047edf8fe23fc7ff37fbde22cfa4be33e62c1c5b259ea965f0ebcca153da0f21.txt:1146: trailing whitespace.
+,'GRO BA'I DON DU THEBS PAR 
data/alignment/reviews_c05/c5p78/proposal-inputs/evidence/047edf8fe23fc7ff37fbde22cfa4be33e62c1c5b259ea965f0ebcca153da0f21.txt:1194: trailing whitespace.
+,DAL BA'I RTEN 'DI YID BZHIN NOR LAS 
data/alignment/reviews_c05/c5p78/proposal-inputs/evidence/047edf8fe23fc7ff37fbde22cfa4be33e62c1c5b259ea965f0ebcca153da0f21.txt:1238: trailing whitespace.
+DPE'I SGO NAS GSER GYI GNYA' SHING BU GA GCIG PA ZHIG RGYA MTSO CHEN PO'I KHAR RGYA MTSO'I RLABS KYIS PHYOGS KUN TU KHYER BA LA, RUS SBAL LONG BA GCIG RGYA MTSO'I GTING DU GNAS PA LO BRGYA RE'I MTSAMS NAS RGYA MTSO'I KHAR MGO RDOG TZAM DU LAN RE 'ONG BA'I MGRIN PA GNYA' SHING GI BU GA DANG 'PHRAD PA SRID MTHA' TZAM YIN PA   
data/alignment/reviews_c05/c5p78/proposal-inputs/evidence/047edf8fe23fc7ff37fbde22cfa4be33e62c1c5b259ea965f0ebcca153da0f21.txt:1291: trailing whitespace.
+,YANG YANG BSAMS PAS PHYI MA'I SNANG SHAS 
data/alignment/reviews_c05/c5p78/proposal-inputs/evidence/047edf8fe23fc7ff37fbde22cfa4be33e62c1c5b259ea965f0ebcca153da0f21.txt:1350: trailing whitespace.
+,SKYE BA KUN TU BDE BA 
data/alignment/reviews_c05/c5p78/proposal-inputs/evidence/047edf8fe23fc7ff37fbde22cfa4be33e62c1c5b259ea965f0ebcca153da0f21.txt:1464: trailing whitespace.
+SDUG BSNGAL SPYIR BSAM PA LA LAM RIM CHEN MOR SDUG BSNGAL BRGYAD BSAM PA DANG , DRUG BSAM PA, GSUM BSAM PA RNAMS GSUNGS KYANG DANG PO BRGYAD NI MI LA SBYAR, PHYI MA GSUM MJUG BSDU LA GSUNGS PAS, DES NA SDUG BSNGAL DRUG BSAM PA LA   
data/alignment/reviews_c05/c5p78/proposal-inputs/evidence/047edf8fe23fc7ff37fbde22cfa4be33e62c1c5b259ea965f0ebcca153da0f21.txt:1472: trailing whitespace.
+   SDUG BSNGAL DRUG NI, NGES PA MED PA'I NYES PA, NGOMS PA MED PA'I NYES PA, LUS YANG NAS YANG DU 'DOR BA'I NYES PA, YANG YANG NYING MTSAMS SBYOR BA'I NYES PA, YANG YANG MTHO DMAN DU 'GYUR BA'I DE, GROGS MED PA'I DE BCAS   
data/alignment/reviews_c05/c5p78/proposal-inputs/evidence/047edf8fe23fc7ff37fbde22cfa4be33e62c1c5b259ea965f0ebcca153da0f21.txt:1499: trailing whitespace.
+SPONG BA ZHES TSUL KHRIMS BSRUNG BA LA BYA, 'DI GNYIS LAS MI 'DA' BA ZHIG BYUNG NA MKHAS PA DANG GRUB THOB GNYIS KA 'DZOMS PA ZHIG 'ONG , 'DI GNYIS MED NA DON MANG 
data/alignment/reviews_c05/c5p78/proposal-inputs/evidence/047edf8fe23fc7ff37fbde22cfa4be33e62c1c5b259ea965f0ebcca153da0f21.txt:1524: trailing whitespace.
+DE BDE BA RANG MTSAN PA STE NGO BO NYID KYI BDE BA MA YIN TE DE YIN NA DA DUNG JI TZAM 
data/alignment/reviews_c05/c5p78/proposal-inputs/evidence/047edf8fe23fc7ff37fbde22cfa4be33e62c1c5b259ea965f0ebcca153da0f21.txt:2022: trailing whitespace.
+BYANG CHUB KYI SEMS SBYONG TSUL MDOR BSDUS NA, THOG MAR BTANG SNYOMS DANG , DE NAS MAR SHES SOGS NAS RIM GYIS BSGOM, MAR SHES, DRIN DRAN, DRIN GZO GSUM NI YID 'ONG GI BYAMS PA'I RGYU DANG , YID 'ONG GI BYAMS PA NI DE GSUM GYI 
data/alignment/reviews_c05/c5p78/proposal-inputs/evidence/047edf8fe23fc7ff37fbde22cfa4be33e62c1c5b259ea965f0ebcca153da0f21.txt:2135: trailing whitespace.
+DE DAG GI SKABS SU RANG GI SKYID SDUG LEGS NYES TSANG MA THAMS CAD MA DE'I GDONG LA BLTAS TE MA DE GCIG PU LA RE BA BYAS NAS SDOD DGOS PA BYUNG , RANG DE DUS AA 
data/alignment/reviews_c05/c5p78/proposal-inputs/evidence/047edf8fe23fc7ff37fbde22cfa4be33e62c1c5b259ea965f0ebcca153da0f21.txt:2158: trailing whitespace.
+TSE 'DI'I MAS DRIN GYIS BSKYANGS PA YANG TSE 'DI GCIG PU MA YIN PAR, RANG GI TSE RABS SNGA MA MANG POR DRIN CHEN POS YANG NAS YANG DU GRANGS MED PAR BSKYANGS, TSE 
data/alignment/reviews_c05/c5p78/proposal-inputs/evidence/047edf8fe23fc7ff37fbde22cfa4be33e62c1c5b259ea965f0ebcca153da0f21.txt:2194: trailing whitespace.
+ DE YANG SEMS CAN 'DI DAG LA ZAG MED KYI BDE BA TA GA LA YOD DE, ZAG BCAS KYI BDE BA TZAM YANG MI 'DUG, SEMS CAN KHO RANG TSOS BDE BA YIN SNYAM PA 'DI RNAMS KYANG NGO BO 'GYUR BA'I SDUG BSNGAL SHA STAG YIN, 'DOD RGYU BDE BA 'DOD KYANG BDE BA'I RGYUR DGE BA SGRUB MI SHES, MI 'DOD RGYU SDUG BSNGAL MI 'DOD KYANG , SDUG BSNGAL GYI RGYU SDIG PA SPONG MI SHES, BLANG DOR GO LOG TU SPYAD DE SDUG BSNGAL GYIS NYAM THAG PA'I MA RGAN SEMS CAN   
data/alignment/reviews_c05/c5p78/proposal-inputs/evidence/047edf8fe23fc7ff37fbde22cfa4be33e62c1c5b259ea965f0ebcca153da0f21.txt:2204: trailing whitespace.
+   'DI DAG THAMS CAD BDE BA DANG BDE BA'I RGYU THAMS CAD DANG LDAN NA CI MA RUNG , LDAN PAR GYUR CIG, LDAN PA ZHIG NGA RANG GIS BYED, SEMS CAN THAMS CAD SDUG BSNGAL DANG SDUG BSNGAL GYI RGYU THAMS CAD DANG BRAL NA CI MA RUNG , BRAL BAR GYUR 
data/alignment/reviews_c05/c5p78/proposal-inputs/evidence/047edf8fe23fc7ff37fbde22cfa4be33e62c1c5b259ea965f0ebcca153da0f21.txt:2215: trailing whitespace.
+YANG KHA CIG LA, SEMS CAN THAMS CAD KYI KHUR RANG GIS BYED MI DGOS TE, SEMS CAN 'DREN MKHAN SANGS RGYAS BYANG SEMS MANG PO YOD SNYAM PA LTA BU 'BYUNG SRID KYANG DE NI SHIN TU MA RABS KHREL MED THA CHAD YIN PAS DE 'DRA BSAM PA GTAN NAS MI RUNG STE, DPER NA TSE 'DI'I RANG GI MA'I BKRES SKOM SOGS KYI SDUG BSNGAL SEL BA'I THABS BU GZHAN GYIS BYAS NA YANG , RANG LA DRIN GYIS BSKYANGS PA'I DRIN LAN GZO 
data/alignment/reviews_c05/c5p78/proposal-inputs/evidence/047edf8fe23fc7ff37fbde22cfa4be33e62c1c5b259ea965f0ebcca153da0f21.txt:2241: trailing whitespace.
+DE LTA BU'I SEMS BSKYED NA'ANG DA LTA NI RANG LA SEMS CAN THAMS CAD LTA 
data/alignment/reviews_c05/c5p78/proposal-inputs/evidence/047edf8fe23fc7ff37fbde22cfa4be33e62c1c5b259ea965f0ebcca153da0f21.txt:2260: trailing whitespace.
+DENG SANG THUGS DAM GYI MTHIL GANG LA BYED CES DRIS NA YI DAM ZHIG LA BYED ZER BA LAS, BYANG CHUB KYI SEMS LA BYED ZER MKHAN PHAR ZHOG, BYANG SEMS 'DI LA THUGS 
data/alignment/reviews_c05/c5p78/proposal-inputs/evidence/047edf8fe23fc7ff37fbde22cfa4be33e62c1c5b259ea965f0ebcca153da0f21.txt:2354: trailing whitespace.
+DE YANG ZAB MO DE KHO NA NYID KYI LTA BA'AM GNAS LUGS DON DAM BDEN PA RTOGS PA'I SHES RAB DANG MI LDAN NA, NGES 'BYUNG BYANG SEMS SOGS THABS KYI CHA LA JI TZAM 'BAD KYANG BDAG 'DZIN GYI DNGOS GNYEN DU MI 'GRO BAS SRID PA'I RTZA BA BDAG 'DZIN 
data/alignment/reviews_c05/c5p78/proposal-inputs/evidence/047edf8fe23fc7ff37fbde22cfa4be33e62c1c5b259ea965f0ebcca153da0f21.txt:2388: trailing whitespace.
+,GAL TE CHOS LA BDAG MED SO SOR 
data/alignment/reviews_c05/c5p78/proposal-inputs/evidence/047edf8fe23fc7ff37fbde22cfa4be33e62c1c5b259ea965f0ebcca153da0f21.txt:2498: trailing whitespace.
+DE YANG RTEN 'BREL ZHES GZHAN LA BRTEN NAS 'BREL BA'AM GZHAN LA BRTEN NAS 'BYUNG NA RANG NGOS NAS GRUB THABS MED PA   
data/alignment/reviews_c05/c5p78/proposal-inputs/evidence/047edf8fe23fc7ff37fbde22cfa4be33e62c1c5b259ea965f0ebcca153da0f21.txt:2674: trailing whitespace.
+DE YANG NAM ZHIG RES 'JOG MED PA ZHES CHOS THAMS CAD LA MING RKYANG BTAGS YOD TZAM GYI DGE SDIG BYA BYED THAMS CAD 'THAD PA DANG , BTAGS DON BTZAL BA'I TSE NA CHOS DE DANG DE RANG BZHIN GYIS GRUB PA RDUL TZAM YANG MED PA'I STONG PA GNYIS   
data/alignment/reviews_c05/c5p78/proposal-inputs/evidence/047edf8fe23fc7ff37fbde22cfa4be33e62c1c5b259ea965f0ebcca153da0f21.txt:2715: trailing whitespace.
+BYANG CHUB LAM GYI RIM PA LA THOS BSAM SGOM GSUM YUN BSRINGS TE LAM GYI GTZO BO RNAM GSUM GYI NYAMS RTOGS BZANG PO RAB ZHAG SKYED, 'BRING ZLA SKYED, THA MAR LO 
data/alignment/reviews_c05/c5p78/proposal-inputs/evidence/047edf8fe23fc7ff37fbde22cfa4be33e62c1c5b259ea965f0ebcca153da0f21.txt:2740: trailing whitespace.
+DE YANG 'JIG RTEN LA MI TSE LO GCIG LAS MI SDOD PA ZHIG YIN YANG SHES RGYUD NGANG RING POS LO BRGYA TZAM SDOD RTZIS KYI GRABS BYED, CHOS LA NGED TSO SHES RGYUD NGANG THUNG 
data/alignment/reviews_c05/c5p78/proposal-inputs/evidence/047edf8fe23fc7ff37fbde22cfa4be33e62c1c5b259ea965f0ebcca153da0f21.txt:2938: trailing whitespace.
+,RANG RGYAL GYI RIGS CAN RNAMS KYIS NYON SGRIB SPANGS PA'I 'GOG PA LA MNYAM PAR 
data/alignment/reviews_c05/c5p78/proposal-inputs/evidence/047edf8fe23fc7ff37fbde22cfa4be33e62c1c5b259ea965f0ebcca153da0f21.txt:2958: trailing whitespace.
+SANGS RGYAS DKON MCHOG DE 'DUS MA BYAS SOGS YON TAN BRGYAD DANG LDAN TE, RGYUD BLA MA LAS, 'DUS MA BYAS SHING LHUN GYIS GRUB, , GZHAN GYI RKYEN GYIS RTOGS MIN PA, , MKHYEN DANG BRTZE DANG NUS PAR LDAN, , DON GNYIS LDAN PA'I SANGS RGYAS NYID, , CES 
data/alignment/reviews_c05/c5p78/proposal-inputs/evidence/047edf8fe23fc7ff37fbde22cfa4be33e62c1c5b259ea965f0ebcca153da0f21.txt:3010: trailing whitespace.
+PHYI MA LA DBYE NA, SKYABS 'GRO PHAL PA DANG , KHYAD PAR CAN GNYIS YOD, SKYABS PHAL 
data/alignment/reviews_c05/c5p78/proposal-inputs/evidence/047edf8fe23fc7ff37fbde22cfa4be33e62c1c5b259ea965f0ebcca153da0f21.txt:3031: trailing whitespace.
+MTSAN NYID RIM PA BZHIN, RANG NYID NGAN SONG GI SDUG BSNGAL GYIS 'JIGS NAS DKON MCHOG GSUM LA DE LAS SKYOB PA'I NUS PA YOD PA YID CHES NAS DE LAS SKYOB 
data/alignment/reviews_c05/c5p78/proposal-inputs/evidence/047edf8fe23fc7ff37fbde22cfa4be33e62c1c5b259ea965f0ebcca153da0f21.txt:3074: trailing whitespace.
+DKON MCHOG GSUM LA SKYABS SU SONG BA LA DGOS PA YOD DE, GNAS SKABS BSRUNG BA'I MCHOG TU 'GYUR BA DANG , MTHAR THUG SANGS RGYAS KYI GO 'PHANG THOB PA DANG , SDOM PA THAMS CAD KYI RTEN BYED PA DANG , NANG PA SANGS RGYAS PAR TSUD PA DANG , NGAN 
data/alignment/reviews_c05/c5p78/proposal-inputs/evidence/047edf8fe23fc7ff37fbde22cfa4be33e62c1c5b259ea965f0ebcca153da0f21.txt:3142: trailing whitespace.
+RANG BZHIN GYI MYANG 'DAS, RANG BZHIN GYI YUM, RANG BZHIN GYI SHER PHYIN, RANG BZHIN GYI CHOS SKU, DON DAM BDEN PA RNAMS DON 
data/alignment/reviews_c05/c5p78/proposal-inputs/evidence/047edf8fe23fc7ff37fbde22cfa4be33e62c1c5b259ea965f0ebcca153da0f21.txt:3158: trailing whitespace.
+NYON SGRIB MA LUS PAR SPANGS SHING , SNGA MA'I LAS NYON GYI 'BRAS BUR GYUR PA'I SDUG BSNGAL GYI PHUNG PO DANG BRAL BA'I SO SOR BRTAGS 'GOG, LHAG MED MYANG 'DAS KYI 
data/alignment/reviews_c05/c5p78/proposal-inputs/evidence/047edf8fe23fc7ff37fbde22cfa4be33e62c1c5b259ea965f0ebcca153da0f21.txt:3245: trailing whitespace.
+SGYU MA MKHAN GYIS RDE SHING RTA GLANG DU SPRUL PA DE'I TSE, RDE SHING GI STENG GI RTA GLANG GI SNANG BA DE SNGAGS RDZAS KYIS MIG BSLAD PA'I BLO'I DBANG GIS PHAR BZHAG PA DANG , RDE SHING GI NGOS NAS SNANG BA YIN PA'I GNYIS TSOGS DGOS PA LTA BU YIN PA'I PHYIR, SNGAGS RDZAS KYIS MIG BSLAD PA'I BLO'I DBANG GIS BZHAG PA NI DGOS TE, DE MI DGOS NA, SNGAGS RDZAS KYIS MIG MA BSLAD PA'I LTAD MO BAS KYANG SNANG BA DE MTHONG DGOS PA LA MA 
data/alignment/reviews_c05/c5p78/proposal-inputs/evidence/047edf8fe23fc7ff37fbde22cfa4be33e62c1c5b259ea965f0ebcca153da0f21.txt:3415: trailing whitespace.
+SPYI DON LAS, LNGA PA RIGS PA'I RGYAL PO RTEN 'BREL GYI GTAN TSIGS BSHAD PA LA, RTAGS 'GOD PA DANG , TSUL SGRUB PA GNYIS, DANG PO LA PHYI NANG GI DNGOS PO CHOS CAN, BDEN PAR MED DE, RTEN 'BREL YIN PA'I PHYIR, ZHES BA'AM, YANG NA PHYI NANG GI DNGOS PO RNAMS CHOS CAN, BDEN PAR MI SKYE STE, RANG GI RGYU RKYEN GZHAN LA BLTOS 
data/alignment/reviews_c05/c5p78/proposal-inputs/evidence/047edf8fe23fc7ff37fbde22cfa4be33e62c1c5b259ea965f0ebcca153da0f21.txt:3709: trailing whitespace.
+GA/, SDIG PA BSHAGS PA'I YAN LAG NI, 'DOD CHAGS ZHES PA'I TSIGS BCAD GCIG STE, RGYU DUG GSUM LA BRTEN NAS GZHI LUS LA SOGS PA GSUM GYIS RANG BZHIN NI BDAG GIS BGYIS PA STE DE YANG DNGOS SU RANG GIS BYA BA DE LA ZHUGS PA DANG GZHAN BYED DU BCUG PA DANG GZHAN GYIS BYAS PA LA YI RANG BA'O, , DE DAG THAMS CAD SPYIR BSDUS PA NI, CI MCHIS PA ZHES PA STE, DE DAG GI NYES DMIGS DRAN NAS SNGA MA 
data/alignment/reviews_c05/c5p78/proposal-inputs/evidence/047edf8fe23fc7ff37fbde22cfa4be33e62c1c5b259ea965f0ebcca153da0f21.txt:3769: trailing whitespace.
+,GANG RNAMS PHYOGS BCU'I 'JIG RTEN SGRON MA 
data/alignment/reviews_c05/c5p78/proposal-inputs/evidence/047edf8fe23fc7ff37fbde22cfa4be33e62c1c5b259ea965f0ebcca153da0f21.txt:4363: trailing whitespace.
+DANG PO NI, BLA MA LAS DMIGS PA'I GDAMS NGAG THOS STOBS KYIS 'GRUB CING , DE YANG DMIGS PA LA BZHAG TZAM BZHAG TZAM LAS SHAS CHER MI GNAS PAS RGYUN MTHUD MI THUB PA STE, DE'I TSE SEMS LA RTOG DPYOD ZHUGS PA'I STOBS KYIS 'PHRO RGOD KYI 
data/alignment/reviews_c05/c5p78/proposal-inputs/evidence/047edf8fe23fc7ff37fbde22cfa4be33e62c1c5b259ea965f0ebcca153da0f21.txt:4456: trailing whitespace.
+BDUN PA'I SKABS SU DRAN SHES KYI STOBS RDZOGS PAS BYING RGOD SKYE DKA' YANG , DE NAS BRTZON 'GRUS KYI STOBS BSKYED DE BYING RGOD PHRA MO LA'ANG SKYON DU BLTAS NAS SPONG GANG THUB BYED DGOS, 'DI DANG SNGA MA GNYIS LA BYING RGOD PHRA MOR SHOR BA'I NYEN DOGS 
data/alignment/reviews_c05/c5p78/proposal-inputs/evidence/047edf8fe23fc7ff37fbde22cfa4be33e62c1c5b259ea965f0ebcca153da0f21.txt:4480: trailing whitespace.
+BRGYAD PA'I SKABS SU NI THOG MAR GNYEN PO DRAN 'DZIN GYI RTZOL BA CUNG ZAD BSTEN NA THUN GYI RING BYING RGOD PHRA MO'ANG MED PAR THUN 'KHYONGS THUB PA 'BYUNG ZHING , 'DI DAG 
data/alignment/reviews_c05/c5p78/proposal-inputs/evidence/047edf8fe23fc7ff37fbde22cfa4be33e62c1c5b259ea965f0ebcca153da0f21.txt:4499: trailing whitespace.
+DGU PA NI 'BAD RTZOL DANG BRAL BAR 'JUG PA STE, DE YANG BRGYAD PA'I SKABS YANG YANG 'DRIS PA LA BRTEN NAS 'DIR 'BAD RTZOL MED PAR LHUN GYIS GRUB PA YIN PAS RTZOL BA CUNG ZAD KYANG MI DGOS PAR KHA TON BYANG BA ZHIG GIS 'DON PA BTON PA LTAR 
data/alignment/reviews_c05/c5p78/proposal-inputs/evidence/047edf8fe23fc7ff37fbde22cfa4be33e62c1c5b259ea965f0ebcca153da0f21.txt:5090: trailing whitespace.
+ DA LTA SNYIGS MA'I DUS SU DE THAMS CAD TSANG BA RNYED DKA' NA, RJE BLA MAS, YIN LUGS KHONG DU CHUD CING DBANG PO DUL, , MTHONG BA TZAM GYIS GZHAN YID 'PHROG PAR 
data/alignment/reviews_c05/c5p78/proposal-inputs/evidence/047edf8fe23fc7ff37fbde22cfa4be33e62c1c5b259ea965f0ebcca153da0f21.txt:5148: trailing whitespace.
+RANG GI DAD PA'I NGOS NAS BLA MA LA SANGS RGYAS DNGOS KYI 'DU SHES BYUNG NA SANGS RGYAS DNGOS KYI BYIN RLABS 'JUG PA 'ONG BAS, LAM RIM LAS GSUNGS PA LTAR BLA MA SANGS RGYAS SU BLTA DGOS PA'I RGYU MTSAN, BLTA NUS PA'I RGYU MTSAN, TSUL JI LTAR BLTA TSUL SOGS LA BLO SBYANG BA 
data/alignment/reviews_c05/c5p78/proposal-inputs/evidence/047edf8fe23fc7ff37fbde22cfa4be33e62c1c5b259ea965f0ebcca153da0f21.txt:5165: trailing whitespace.
+MDOR NA, BSHES GNYEN BSTEN TSUL GYI CHOS SKOR RNAMS NAS JI SKAD BSHAD PA'I BLANG DOR MTHA' DAG MA NOR BAR BYED PA ZHIG DGOS SHING , DE LTAR TSUL BZHIN DU BSTEN PAS NI DPER NA, KHANG PA'I 'GRAM RTZA'AM RTZIG RMANG BRTAN NA KHANG PA BRTAN PO 'ONG BA DANG , SHING GI RTZA BA BRTAN NA YAL GA LO 'BRAS SOGS 'BYUNG BA BZHIN DU   
data/alignment/reviews_c05/c5p78/proposal-inputs/evidence/047edf8fe23fc7ff37fbde22cfa4be33e62c1c5b259ea965f0ebcca153da0f21.txt:5173: trailing whitespace.
+   DAL 'BYOR NAS ZUNG 'JUG BAR GYI LAM YONGS RDZOGS 'BYUNG BA LA DKA' TSEGS MED PAR LEGS PAR MTHONG BA'I NGES SHES BRTAN PO RNYED PAR BYAS NAS   
data/alignment/reviews_c05/c5p78/proposal-inputs/evidence/047edf8fe23fc7ff37fbde22cfa4be33e62c1c5b259ea965f0ebcca153da0f21.txt:5186: trailing whitespace.
+BLA MA MNYES PA'I CHA RNAMS LAM THUN MONG BAR BSHES GNYEN BSTEN TSUL SPYIR BTANG SKABS GSUNGS PA BZHIN DANG , GSANG SNGAGS LTAR NA BLA MA LNGA BCU PA NAS BSTAN PA 
data/alignment/reviews_c05/c5p78/proposal-inputs/evidence/047edf8fe23fc7ff37fbde22cfa4be33e62c1c5b259ea965f0ebcca153da0f21.txt:5187: trailing whitespace.
+BZHIN DU SGO GSUM CI NUS KYI DKA' SPYAD LHUR BLANGS NAS, 'BAD PA DU MA ZHES PAS RNYED PA   
data/alignment/reviews_c05/c5p78/proposal-inputs/evidence/047edf8fe23fc7ff37fbde22cfa4be33e62c1c5b259ea965f0ebcca153da0f21.txt:5208: trailing whitespace.
+BSTEN PA'I TSE YANG , ZHING SA LA SA BON 'DEB PA NA, SO NAM GYI DKA' LAS JI LTAR BYUNG YANG RANG GI DON KHO NA LAS ZHING LA PHAR DRIN GYIS BSKYANGS PA'I YUS MI BYED PA LTAR, BDAG NYID THAR PA DANG THAMS CAD MKHYEN PA THOB THABS SU BLANG DOR BYA DGOS KYANG DA LTA RANG NYID BLANG DOR LA RMONGS PA LONG BA LTA BUR GYUR PA'I SKABS 'DIR   
data/alignment/reviews_c05/c5p78/proposal-inputs/evidence/047edf8fe23fc7ff37fbde22cfa4be33e62c1c5b259ea965f0ebcca153da0f21.txt:5280: trailing whitespace.
+SANGS RGYAS BYON TE BZHUGS BZHIN PA DANG , SANGS RGYAS SAM DE'I NYAN THOS KYIS CHOS GSUNGS PA, SANGS RGYAS MYA NGAN LAS MA 'DAS PAR 'BRAS BU'I BSTAN PA GNAS PA, CHOS BSTAN PA DES 'BRAS BU BZHI DNGOS SU THOB PAR MTHONG NAS GDUL BYA GZHAN MA'ANG DE'I RJES SU 'JUG PA   
data/alignment/reviews_c05/c5p78/proposal-inputs/evidence/047edf8fe23fc7ff37fbde22cfa4be33e62c1c5b259ea965f0ebcca153da0f21.txt:5288: trailing whitespace.
+BZHI DGE SLONG 'CHAR KA LTA BU LA TSANG BA LAS, MGON PO KLU SGRUB LA'ANG DNGOS GNAS PA MTSANG LA, RANG RES KYANG SANGS RGYAS DANG KHYAD MED PA'I BLA MA MJAL TE CHOS 
data/alignment/reviews_c05/c5p78/proposal-inputs/evidence/047edf8fe23fc7ff37fbde22cfa4be33e62c1c5b259ea965f0ebcca153da0f21.txt:5360: trailing whitespace.
+RANG GI LUS 'DI CHU'I CHU BUR BZHIN DU RKYEN PHRA MO TZAM YANG MI THEG PAR TSER MA ZUG PA TZAM GYIS KYANG 'CHI BA'I RKYEN DU BYED NUS PA MTHONG CHOS SU 'ONG BA SOGS LTAR   
data/alignment/reviews_c05/c5p78/proposal-inputs/evidence/047edf8fe23fc7ff37fbde22cfa4be33e62c1c5b259ea965f0ebcca153da0f21.txt:5365: trailing whitespace.
+   SHIN TU NYAM CHUNG BAS NA, MYUR DU 'JIG PA'I 'CHI BA 'ONG   
data/alignment/reviews_c05/c5p78/proposal-inputs/evidence/047edf8fe23fc7ff37fbde22cfa4be33e62c1c5b259ea965f0ebcca153da0f21.txt:5440: trailing whitespace.
+DE NAS KYANG PHYI MAR DGE MI DGE'I LAS KYI 'BRAS BU BZANG NGAN CUNG ZAD KYANG MI 'CHOL BAR RNAM SHES GANG DU 'GRO BA'I PHYI RJES SU LUS DANG GRIB MA JI BZHIN 'BRANG STE   
data/alignment/reviews_c05/c5p78/proposal-inputs/evidence/047edf8fe23fc7ff37fbde22cfa4be33e62c1c5b259ea965f0ebcca153da0f21.txt:5760: trailing whitespace.
+CES GSUNGS PA LTAR BCAS RGYANG PA MO ZHIG GIS KYANG DE LTAR 'GYUR NA, DE LAS CHE BA'I NYES PA BSAGS PAS NI SDUG BSNGAL BZOD GLAGS MED PA'I NGAN 'GRO KHO NAR BRGYUD DE 'GRO BA LAS 'OS MED PHYIR   
data/alignment/reviews_c05/c5p78/proposal-inputs/evidence/047edf8fe23fc7ff37fbde22cfa4be33e62c1c5b259ea965f0ebcca153da0f21.txt:5861: trailing whitespace.
+RGYAL TSAB BYAMS PA'I DBUS MTHA' RNAM 'BYED KYI MAN NGAG RJE'I LAM RIM CHE CHUNG SOGS LAS GSUNGS PA LTAR   
data/alignment/reviews_c05/c5p78/proposal-inputs/evidence/047edf8fe23fc7ff37fbde22cfa4be33e62c1c5b259ea965f0ebcca153da0f21.txt:5877: trailing whitespace.
+YANG DAG STE, BDAG MED PA'I DON LA SO SOR RTOG PA'I SHES RAB KYIS TSUL BZHIN DU DPYOD CING , DPYAD MTHAR RNYED PA'I NGES SHES KYI DON LA MNYAM PAR 'JOG PA'I DPYAD 'JOG ZUNG DU 'BREL BA LA BRTEN NAS BYUNG BA'I LUS SEMS SHIN SBYANGS KYI BDE BAS ZIN PA'I LHAG MTHONG BSGOM PA BCAS   
data/alignment/reviews_c05/c5p78/proposal-inputs/evidence/047edf8fe23fc7ff37fbde22cfa4be33e62c1c5b259ea965f0ebcca153da0f21.txt:5988: trailing whitespace.
+RAL GRI, MIG SMAN, RKANG MGYOGS, RI LU, SA 'OG , MI SNANG BA, BCUD LEN, MKHA' SPYOD KYI DNGOS GRUB BCAS GRUB PA CHEN PO BRGYAD LA SOGS PA'I THUN MONGS GI DNGOS GRUB STE   
data/alignment/reviews_c05/c5p78/proposal-inputs/evidence/047edf8fe23fc7ff37fbde22cfa4be33e62c1c5b259ea965f0ebcca153da0f21.txt:6000: trailing whitespace.
+DAM TSIG DANG SDOM PA DAG PAR GYUR PA'I STOBS KYIS SKYE BA BRGYUD MAR SNGAGS SPYOD PA'I RTEN KHYAD PAR CAN 'THOB CING , RDO RJE SLOB DPON MTSAN LDAN DANG MJAL, GSANG SNGAGS KYI LAM NYAMS SU LEN NUS PA SHA STAG TU GYUR TE   
data/alignment/reviews_c05/c5p78/proposal-inputs/evidence/047edf8fe23fc7ff37fbde22cfa4be33e62c1c5b259ea965f0ebcca153da0f21.txt:6059: trailing whitespace.
+THA MAL GYI GNAS LUS LONGS SPYOD PHUNG KHAMS SKYE MCHED SOGS LA RANG GA BAR 'DZIN PA'I THA MAL GYI SNANG ZHEN DANG , SKYE SHI BAR DO THA MAL PA RNAMS KYANG   
data/alignment/reviews_c05/c5p78/proposal-inputs/evidence/047edf8fe23fc7ff37fbde22cfa4be33e62c1c5b259ea965f0ebcca153da0f21.txt:6075: trailing whitespace.
+RTZA RLUNG BSGOM PA TZAM LA CHED CHER BYAS TE GTUM MO PHAL PA 'BAR BA TZAM DANG , SEMS GSAL RIG GI NGO BO MTHONG BA TZAM LA LAM MTHON BOR 'KHRUL BA LTA BU   
data/alignment/reviews_c05/c5p78/proposal-inputs/evidence/047edf8fe23fc7ff37fbde22cfa4be33e62c1c5b259ea965f0ebcca153da0f21.txt:6083: trailing whitespace.
+   MA YIN PAR, KUN RTOG LAS RLUNG GI RGYU BA MTHA' DAG DBU MA'I NANG DU ZHUGS GNAS THIM GSUM BYAS PA LAS BYUNG BA'I GNYUG SEMS 'OD GSAL LHAN CIG SKYES PA'I YE SHES KYI MTHUS GANG SNANG BDE STONG GI ROL BAR 'CHAR BA'I RNAL 'BYOR   
data/alignment/reviews_c05/c5p78/proposal-inputs/evidence/047edf8fe23fc7ff37fbde22cfa4be33e62c1c5b259ea965f0ebcca153da0f21.txt:6092: trailing whitespace.
+   SOGS YANG DANG YANG DU GOMS PA'I MTHAR, SKU THUGS ZUNG 'JUG KHYAB BDAG RDO RJE 'CHANG GI GO 'PHANG MNGON DU BYED PA'I LAM RDZOGS PA'I RIM PA STE   
data/alignment/reviews_c05/c5p78/proposal-inputs/evidence/047edf8fe23fc7ff37fbde22cfa4be33e62c1c5b259ea965f0ebcca153da0f21.txt:6269: trailing whitespace.
+,ZHES MCHOD BRJOD DANG BRTZOMS PAR DAM BCA' BA YIN PAR THAR LAM GSAL BYED DU GSAL BA   
data/alignment/reviews_c05/c5p78/proposal-inputs/evidence/047edf8fe23fc7ff37fbde22cfa4be33e62c1c5b259ea965f0ebcca153da0f21.txt:6307: trailing whitespace.
+,MI 
data/alignment/reviews_c05/c5p78/proposal-inputs/evidence/047edf8fe23fc7ff37fbde22cfa4be33e62c1c5b259ea965f0ebcca153da0f21.txt:6314: trailing whitespace.
+SLUZHES PA'I TSIG PHYED DANG GSUM STE, SKYES BU'I MNGON MTHO DANG NGES LEGS BSGRUB PA'I THABS DANG BCAS PA NI TSAD MA'I GZHAL BYA YIN ZHING , DE DAG THAMS CAD LA THUB 
data/alignment/reviews_c05/c5p78/proposal-inputs/evidence/047edf8fe23fc7ff37fbde22cfa4be33e62c1c5b259ea965f0ebcca153da0f21.txt:6382: trailing whitespace.
+CES TSIG 
data/alignment/reviews_c05/c5p78/proposal-inputs/evidence/047edf8fe23fc7ff37fbde22cfa4be33e62c1c5b259ea965f0ebcca153da0f21.txt:6471: trailing whitespace.
+,GNYIS PA GYUR PA'I DON BSHAD PA LA, GYUR PA SMOS PA'I DGOS PA DANG , DE LA RTZOD SPANG NGO , , DANG PO LA, RTZA BAR 
data/alignment/reviews_c05/c5p78/proposal-inputs/evidence/047edf8fe23fc7ff37fbde22cfa4be33e62c1c5b259ea965f0ebcca153da0f21.txt:6566: trailing whitespace.
+YANG DBANG PHYUG NYID RTAG PA YIN NO ZHE NA, DBANG PHYUG GI SHES PA MI RTAG PAR KHAS LEN PAS SKYE BAR KHAS LEN DGOS, SHES PA DE, DBANG PHYUG RTAG PA LAS SKYE BA MI 
data/alignment/reviews_c05/c5p78/proposal-inputs/evidence/047edf8fe23fc7ff37fbde22cfa4be33e62c1c5b259ea965f0ebcca153da0f21.txt:6704: trailing whitespace.
+TSE 'DIR MA CHAGS PAR PHYI MA PHAN CHAD DON DU GNYER BA ZHIG YIN NA 
data/alignment/reviews_c05/c5p78/proposal-inputs/evidence/047edf8fe23fc7ff37fbde22cfa4be33e62c1c5b259ea965f0ebcca153da0f21.txt:6873: trailing whitespace.
+,LAM RIM CHEN POR, BLO GROS RGYA MTSOS ZHUS PA'I MDO DRANGS PA LAS, KHYIM BDAG GCIG LA BU SHIN TU SDUG PA ZHIG YOD PA MI GTZANG BA'I DONG DU LHUNG BAS, DE'I MA DANG GNYEN RNAMS KYIS BU DE DONG LAS 'DON PAR 'DOD PA'I SNYING RJE DANG 'DRA BA NYAN RANG 
data/alignment/reviews_c05/c5p78/proposal-inputs/evidence/047edf8fe23fc7ff37fbde22cfa4be33e62c1c5b259ea965f0ebcca153da0f21.txt:6924: trailing whitespace.
+DE YANG , CHANG DANG MYOS PA'I NUS PA LTAR, YID BLO LUS KYI YON TAN DANG , RTZIG PA DANG DE'I RI MO LTAR LUS KYI RANG BZHIN DANG , SGRON ME DANG DE'I 'OD LTAR LUS KYI 
data/alignment/reviews_c05/c5p78/proposal-inputs/evidence/047edf8fe23fc7ff37fbde22cfa4be33e62c1c5b259ea965f0ebcca153da0f21.txt:6969: trailing whitespace.
+DANG PO LTAR NA, DBANG PO KUN TSOGS PA RGYUR DGOS SAM, GANG RUNG RES 
data/alignment/reviews_c05/c5p78/proposal-inputs/evidence/047edf8fe23fc7ff37fbde22cfa4be33e62c1c5b259ea965f0ebcca153da0f21.txt:7030: trailing whitespace.
+DE LTAR NA RIG PA'I YA MTHA' DANG MA MTHA' THUG PA MED PA DANG , SKYE BA SNGA PHYI YOD PA LEGS PAR GRUB PA YIN NO, , ZHES  
data/alignment/reviews_c05/c5p78/proposal-inputs/evidence/047edf8fe23fc7ff37fbde22cfa4be33e62c1c5b259ea965f0ebcca153da0f21.txt:7068: trailing whitespace.
+,DE PHYIR THAMS CAD SA BON 
data/alignment/reviews_c05/c5p78/proposal-inputs/evidence/047edf8fe23fc7ff37fbde22cfa4be33e62c1c5b259ea965f0ebcca153da0f21.txt:7175: trailing whitespace.
+MI LA'ANG 'GA' ZHIG LUS CHE LA 'GA' ZHIG CHUNG BA DANG , RES 'GA' BLO GROS RNO LA RES 'GA' BRTUL PA SOGS DANG , YANG PHRU GU 'GA' ZHIG SHES RAB DANG BRTZE BA SOGS CHE LA 'GA' ZHIG CHAGS SOGS NYON MONG SHAS CHE BA YOD PA SOGS MI 'THAD 
data/alignment/reviews_c05/c5p78/proposal-inputs/evidence/047edf8fe23fc7ff37fbde22cfa4be33e62c1c5b259ea965f0ebcca153da0f21.txt:7199: trailing whitespace.
+DE'I PHYIR, DBANG PO LNGA RE RE LA GNOD NA YID BLO 'GYUR BAS KHYAB PA MED LA, YID BLO LA MYA NGAN DANG 'BYUNG PO SOGS KYIS 'GYUR NA DBANG PO LA GNOD PAS KHYAB PA'I 
data/alignment/reviews_c05/c5p78/proposal-inputs/evidence/047edf8fe23fc7ff37fbde22cfa4be33e62c1c5b259ea965f0ebcca153da0f21.txt:7246: trailing whitespace.
+,TSIG LA 'KHRID NA,  RIG PA SNGA MA CHOS CAN, RIG PA SNGA MA SNGON DU SONG BAR THAL, RIG PA YIN PA'I PHYIR, RIG PA PHYI MA CHOS CAN, RIG PA PHYI MA MTSAMS SBYOR BAR 
data/alignment/reviews_c05/c5p78/proposal-inputs/evidence/047edf8fe23fc7ff37fbde22cfa4be33e62c1c5b259ea965f0ebcca153da0f21.txt:7365: trailing whitespace.
+DE GSUM GYI MTSAN GZHI'I KHYAD PAR YOD DE, 'DOD PA'I BDE 'GRO'I RNAM SMIN GYI PHUNG PO 'PHEN BYED KYI LAS DE DANG PO DANG , NGAN 'GRO'I RNAM SMIN GYI PHUNG PO 'PHEN BYED 
data/alignment/reviews_c05/c5p78/proposal-inputs/evidence/047edf8fe23fc7ff37fbde22cfa4be33e62c1c5b259ea965f0ebcca153da0f21.txt:7703: trailing whitespace.
+,SNGON GYI SLOB DPON KHA CIG NI, DMIGS PA DANG SPYOD PA DANG 'BRAS BU STON PA'I DBANG DU MDZAD NAS GNAS BRGYAD DU BSTAN TE, DMIGS PA LA'ANG GNYIS LAS JI SNYED PA 
data/alignment/reviews_c05/c5p78/proposal-inputs/evidence/047edf8fe23fc7ff37fbde22cfa4be33e62c1c5b259ea965f0ebcca153da0f21.txt:7758: trailing whitespace.
+,DANG PO NI, CHOS MNGON MDZOD KYI BSTAN BCOS RAB BSHAD BYA, ZHES BSHAD NA, CHOS MNGON PA DE GANG ZHE NA, 'DI LA GNYIS YOD PA LAS 
data/alignment/reviews_c05/c5p78/proposal-inputs/evidence/047edf8fe23fc7ff37fbde22cfa4be33e62c1c5b259ea965f0ebcca153da0f21.txt:7796: trailing whitespace.
+,GNYIS PA NI, DAM PA'I CHOS MNGON PA DE THOB PAR BYA BA'I PHYIR DU ZHUGS PA'I THOS BSAM SGOM GSUM GYI SHES RAB ZAG BCAS GANG DANG , SKYES THOB KYI SHES RAB GANG 
data/alignment/reviews_c05/c5p78/proposal-inputs/evidence/047edf8fe23fc7ff37fbde22cfa4be33e62c1c5b259ea965f0ebcca153da0f21.txt:7869: trailing whitespace.
+CHOS MNGON PA BSHAD PA LA DGOS PA YOD DE, CHOS RNAMS RAB TU RNAM 'BYED KYI SHES RAB MED PAR NYON MONGS PA RNAMS NYE BAR ZHI BAR BYA BA'I THABS MED LA, NYON MONGS 
data/alignment/reviews_c05/c5p78/proposal-inputs/evidence/047edf8fe23fc7ff37fbde22cfa4be33e62c1c5b259ea965f0ebcca153da0f21.txt:7906: trailing whitespace.
+ZAG BCAS ZAG MED KYI CHOS RNAMS BSTAN BCOS KYI BRJOD BYA YIN ZHING DE NI CHOS RNAMS ZHES PAS BSTAN, DE LA BRTEN NAS SLOB MA'I RGYUD LA CHOS RAB TU RNAM 'BYED KYI SHES RAB BSKYED PA NI DGOS PA YIN ZHING DE NI RAB TU RNAM 'BYED CES PAS BSTAN, DE LA BRTEN NAS LHAG BCAS LHAG MED KYI MYANG 'DAS THOB PA NYID DGOS YIN ZHING DE NI, MED PAR NYON MONGS RNAMS ZHES PA NAS, DE BAS ZHES PA'I BAR GYIS SHUGS LA BSTAN NYING DGOS DGOS PA, DGOS PA BSTAN BCOS KYI BRJOD BYA LA RAG LAS PA NI 
data/alignment/reviews_c05/c5p78/proposal-inputs/evidence/047edf8fe23fc7ff37fbde22cfa4be33e62c1c5b259ea965f0ebcca153da0f21.txt:8081: trailing whitespace.
+,LUGS GNYIS KA LTAR NA'ANG MA G-YENGS SEMS BCAS KYI RJES SU BYED PAS DER 'DOD NA, RIG BYED KYANG DER THAL BA DANG , SEMS MED KYI RJES SU BYED PAS DER 
data/alignment/reviews_c05/c5p78/proposal-inputs/evidence/047edf8fe23fc7ff37fbde22cfa4be33e62c1c5b259ea965f0ebcca153da0f21.txt:8171: trailing whitespace.
+MDO LAS LAS DGE MI DGE LUNG MA BSTAN GSUM GSUNGS PA LAS DUS RE ZHIG LAS KYI RNAM SMIN YID DU 'ONG BA BDE BA MYONG BA DANG GTAN DU SDUG BSNGAL LAS SKYOB PA MYANG 'DAS THOB BYED NI DGE BA DANG , RNAM SMIN YID DU MI 'ONG BA MI BDE BA MYONG BA NI MI 
data/alignment/reviews_c05/c5p78/proposal-inputs/evidence/047edf8fe23fc7ff37fbde22cfa4be33e62c1c5b259ea965f0ebcca153da0f21.txt:8221: trailing whitespace.
+,GONG MA'I LAS DE MI G-YO BA YIN NA, BSAM GTAN GSUM PA MAN CHAD G-YO PAR BSHAD PA DANG 'GAL ZHE NA, MI 'GAL TE, BSAM GTAN GSUM PA MAN CHAD G-YO 
data/alignment/reviews_c05/c5p78/proposal-inputs/evidence/047edf8fe23fc7ff37fbde22cfa4be33e62c1c5b259ea965f0ebcca153da0f21.txt:8271: trailing whitespace.
+RNAM SMIN MYONG 'GYUR GYI LAS DE LA BZHI STE, DE LA YANG NGES PA DANG MA NGES PA'I LAS GNYIS LAS, DANG PO LA, TSE 'DI LA MYONG BAR 'GYUR BA MTHONG CHOS LA MYONG 'GYUR 
data/alignment/reviews_c05/c5p78/proposal-inputs/evidence/047edf8fe23fc7ff37fbde22cfa4be33e62c1c5b259ea965f0ebcca153da0f21.txt:8445: trailing whitespace.
+,RGYU MTHUN PA'I 'BRAS BU NI, NGAN 'GRO NAS MIR SKYES KYANG RIM PA LTAR TSE THUNG BA DANG LONGS SPYOD KYIS PHONGS PA DANG CHUNG MA MA BSRUNGS PAR 'GYUR BA DANG , SKUR PA MANG 
data/alignment/reviews_c05/c5p78/proposal-inputs/evidence/047edf8fe23fc7ff37fbde22cfa4be33e62c1c5b259ea965f0ebcca153da0f21.txt:8656: trailing whitespace.
+JI LTAR KUN GZHI RNAM SHES KHAS LEN PA RNAMS KYI LTAR NA, NYON YID KYIS NGA'O SNYAM DU DMIGS PA'I GZHIR GYUR PA'I KUN GZHI RNAM SHES BAG CHAGS KYI GNAS SU 'DOD PA 
data/alignment/reviews_c05/c5p78/proposal-inputs/evidence/047edf8fe23fc7ff37fbde22cfa4be33e62c1c5b259ea965f0ebcca153da0f21.txt:8678: trailing whitespace.
+,MA RIG PA'I BAG CHAGS KYI TSUL NI, 'JUG 'GREL LAS, GANG GIS SEMS KYI RGYUD 'GAG PAR BYED CING SGO BAR BYED LA, RJES SU BGROD PAR BYED PA NI BAG CHAGS TE, NYON MONGS PA'I MUR THUG PA DANG , GOMS PA DANG RTZA BA DANG BAG CHAGS ZHES BYA BA NI RNAM GRANGS DAG GO, DE NI ZAG PA MED PA'I LAM GYIS NYON MONGS PA SPANGS SU 
data/alignment/reviews_c05/c5p78/proposal-inputs/evidence/047edf8fe23fc7ff37fbde22cfa4be33e62c1c5b259ea965f0ebcca153da0f21.txt:8699: trailing whitespace.
+,'O NA MTHONG LAM BAR CHAD MED LAM GYI DUS SU DE'I SPANG BYA MTHONG SPANG MED MOD 
data/alignment/reviews_c05/c5p78/proposal-inputs/evidence/047edf8fe23fc7ff37fbde22cfa4be33e62c1c5b259ea965f0ebcca153da0f21.txt:8700: trailing whitespace.
+KYANG , SGOM SPANG GI BAG LA NYAL YOD DGOS LA, DE'I TSE YID KYI SHES PA NI GNYIS SNANG 'KHRUL PA'I BAG CHAGS KYIS MA BSLAD PA'I ZAG MED YIN PAS, DE'I NGO BOR BAG LA NYAL DE GNAS PA MI RIGS LA, DBANG SHES KYANG DE'I RTEN DU MED CING GZUGS KYANG DE'I RTEN DU MI RIGS LA KUN GZHI YANG MI 'DOD PAS DE'I RTEN MED PAR 
data/alignment/reviews_c05/c5p78/proposal-inputs/evidence/047edf8fe23fc7ff37fbde22cfa4be33e62c1c5b259ea965f0ebcca153da0f21.txt:8791: trailing whitespace.
+,KHA CHE BAS THOB PA KHAS LEN KYANG THOB BYA'I CHOS LAS GNYIS KYIS THOB PA SKYED PAR MI 'DOD LA 'DIR NI DE LTAR 'DOD PA CIG STE GANG GI LTAR NA ZHES PA'I DON NO, , DBU MA THAL 'GYUR BA GANG GI LTAR NA, LAS RANG GI BDAG NYID KYIS MA SKYES PA DE'I LTAR NA NI, GANG GI PHYIR LAS DE RANG BZHIN GYIS TE MI 'GAG PA RANG BZHIN GYIS MA 'GAGS PA LAS KYANG 'BRAS BU 'BYUNG BA MI 'GAL BA DE'I PHYIR KUN GZHI SOGS KHAS MA BLANGS KYANG , LAS LAS 'BRAS BU 'DI 'BYUNG BAR NUS PA'I PHYIR, SEMS CAN GYI RGYUD LA LAR LAS GNYIS BYAS PA 'GAGS NAS YUN RING PO BSKAL PA MANG PO LON PA LAS KYANG , LAS LAS 'BRAS BU YANG DAG PA STE RGYU LA 'BRAS BU MI 'KHRUL BAR 'BYUNG BAR 
data/alignment/reviews_c05/c5p78/proposal-inputs/evidence/047edf8fe23fc7ff37fbde22cfa4be33e62c1c5b259ea965f0ebcca153da0f21.txt:8862: trailing whitespace.
+,RIGS PA DRUG CU PA LAS KYANG , 'JIG RTEN MA RIG RKYEN CAN DU, , GANG PHYIR RDZOGS PA'I SANGS RGYAS GSUNGS, , DE YI PHYIR NA 'JIG RTEN 'DI, , RNAM RTOG YIN ZHES 
data/alignment/reviews_c05/c5p78/proposal-inputs/evidence/047edf8fe23fc7ff37fbde22cfa4be33e62c1c5b259ea965f0ebcca153da0f21.txt:9039: trailing whitespace.
+RGYUD BLA MA RTZA 'GREL GYI DGONGS PA MTHAR THUG YIN TE, BDAG 'DZIN GNYIS KYI BAG CHAGS LA BRTEN NAS DE GNYIS SKYES, DE LA BRTEN NAS RANG NGOS NAS GRUB PA'I YID 'ONG BA DANG YID MI 'ONG DU SNANG BA'I TSUL MIN YID BYED KYI RNAM RTOG SKYE, DE LA BRTEN NAS YID 'ONG LA DMIGS NAS MI 'BRAL BAR 'DOD PA'I 'DOD CHAGS DANG , YID MI 'ONG LA DMIGS NAS 'BRAL 'DOD KYI ZHE SDANG SKYES, DE'I DBANG GIS LAS BSAGS LAS DE'I DBANG GIS 'KHOR BAR 'KHOR BA DANG DE LTAR 'KHOR BA DE YANG , DE BZHIN GSHEGS PA'I SNYING PO MNGON SUM DU MA RTOGS PA'I DBANG GIS YIN PAR GSUNGS PA'I PHYIR   
data/alignment/reviews_c05/c5p78/proposal-inputs/evidence/047edf8fe23fc7ff37fbde22cfa4be33e62c1c5b259ea965f0ebcca153da0f21.txt:9097: trailing whitespace.
+MI RNAMS KYIS NI MNGAR BA DANG , DVANGS PA DANG , BSIL BA'I CHUR RTOGS SHING 'THUNG NGO , , KHRUS BYED DO, , DER 'JUG 
data/alignment/reviews_c05/c5p78/proposal-inputs/evidence/047edf8fe23fc7ff37fbde22cfa4be33e62c1c5b259ea965f0ebcca153da0f21.txt:9111: trailing whitespace.
+GNYIS PA LUNG GI DON BSHAD PA LA, GZHAN LUGS DGAG, RANG LUGS 
data/alignment/reviews_c05/c5p78/proposal-inputs/evidence/047edf8fe23fc7ff37fbde22cfa4be33e62c1c5b259ea965f0ebcca153da0f21.txt:9202: trailing whitespace.
+`GNYIS PA RANG LUGS BZHAG PA LA, BRLAN ZHING GSHER BA CHU PHOR PA GANG LA, LAS CAN GYI LHA MI YI DVAGS GSUM GYIS CIG CAR DU BLTAS PA DE'I TSE, CHU PHOR PA GANG PO DE DNGOS PO GSUM GYI GZHI MTHUN PA MA YIN PA DANG , DE'I TSE TSAD MTSUNGS 
data/alignment/reviews_c05/c5p78/proposal-inputs/evidence/047edf8fe23fc7ff37fbde22cfa4be33e62c1c5b259ea965f0ebcca153da0f21.txt:9559: trailing whitespace.
+,NYON MONGS CAN GYI SEMS KYI 
data/alignment/reviews_c05/c5p78/proposal-inputs/evidence/047edf8fe23fc7ff37fbde22cfa4be33e62c1c5b259ea965f0ebcca153da0f21.txt:9568: trailing whitespace.
+,LOG PAR LTA BA YIN   
data/alignment/reviews_c05/c5p78/proposal-inputs/evidence/047edf8fe23fc7ff37fbde22cfa4be33e62c1c5b259ea965f0ebcca153da0f21.txt:9827: trailing whitespace.
+CI LAS GCIG GIS SKYE BA GCIG KHO NA 'PHEN NAM, 'ON TE DU MA 'PHEN, DE BZHIN DU LAS DU MAS SKYE BA DU MA KHO NA 'PHEN NAM, 'ON TE GCIG RKYANG PA 'PHEN ZHE NA, LAS GCIG GIS SKYE BA GCIG 'PHEN GYI SKYE BA DU MA 'PHEN PA MED LA, RIS MTHUN DUM BUR 
data/alignment/reviews_c05/c5p78/proposal-inputs/evidence/047edf8fe23fc7ff37fbde22cfa4be33e62c1c5b259ea965f0ebcca153da0f21.txt:10089: trailing whitespace.
+,'KHOR LO'I DBYEN DE YANG SANGS RGYAS BZHUGS PAS 'DZAM BU'I GLING NA YOD KYI GLING GZHAN NA MED DO, , GANG ZAG NI DGE SLONG DGU LA SOGS PA YIN GYIS 'GRUB STE, DGE 'DUN NI DGE SLONG BZHI YAN CHAD YIN LA, DE SDE GNYIS DANG 'BYED PA PO LA YANG 
data/alignment/reviews_c05/c5p78/proposal-inputs/evidence/047edf8fe23fc7ff37fbde22cfa4be33e62c1c5b259ea965f0ebcca153da0f21.txt:10117: trailing whitespace.
+,DANG PO MTHA' SKYON ZUNG GCIG 
data/alignment/reviews_c05/c5p78/proposal-inputs/evidence/047edf8fe23fc7ff37fbde22cfa4be33e62c1c5b259ea965f0ebcca153da0f21.txt:10313: trailing whitespace.
+ DE BZHIN DU DGRA BCOM PA MA THOB PA LA MTSON BSNUN PA'I 'OG TU DGRA BCOM PA THOB PAR GYUR NAS, BSNUN PA DES DGRA BCOM PA DKRONGS PA LA'ANG MTSAMS MED PAR 
data/alignment/reviews_c05/c5p78/proposal-inputs/evidence/047edf8fe23fc7ff37fbde22cfa4be33e62c1c5b259ea965f0ebcca153da0f21.txt:10356: trailing whitespace.
+,'O NA MDO LAS, NYES PA GSUM GYI NANG NAS YID KYI LAS GSUM LCI BA DANG , DE'I NANG NAS LOG LTA LCI BAR BSHAD PA DANG 'GAL LO ZHE NA, MI 'GAL TE, MNAR MED DU 
data/alignment/reviews_c05/c5p78/proposal-inputs/evidence/047edf8fe23fc7ff37fbde22cfa4be33e62c1c5b259ea965f0ebcca153da0f21.txt:10570: trailing whitespace.
+,SBYIN PA THAMS CAD KYI NANG NAS MCHOG TU GYUR PA NI, GNYIS KA MCHOG YIN PAS KHAMS GSUM LAS GROL BAS GROL BA LA BYIN PA STE, 'GO'U TA MI'I MDO LAS, GANG ZHIG LUS NGAG BSDAMS BDAG NYID, , LAG BRKYANG BSOD SNYOMS SPYOD PA YI, , 'DOD 
data/alignment/reviews_c05/c5p78/proposal-inputs/evidence/047edf8fe23fc7ff37fbde22cfa4be33e62c1c5b259ea965f0ebcca153da0f21.txt:10604: trailing whitespace.
+,ZHES SBYIN PA BRGYAD GSUNGS PA'I NANG NAS NI BRGYAD PA SEMS KYI RGYAN LA SOGS PA'I PHYIR SBYIN PA MCHOG 
data/alignment/reviews_c05/c5p78/proposal-inputs/evidence/3017f80896ae756d0c9825e96207dcd073a07e608ca9015636a7f3f64ad1df11.txt:8: new blank line at EOF.
data/alignment/reviews_c05/c5p78/proposal-inputs/evidence/331ddd1821000003cc7f8159193043cfb56e3aab18a8b2112e42580702b11313.txt:13: new blank line at EOF.
data/alignment/reviews_c05/c5p78/proposal-inputs/evidence/4198d86c5c39fcfa3ec40d6da4024e0b5bd872405a691571ff81611414060435.txt:15: trailing whitespace.
+BRGYA PA LAS KYANG , RTOG PA MED PAR 'DOD CHAGS LA, , SOGS LA YOD NYID YOD MIN NA, , YANG DAG DON DANG RTOG PA ZHES, , BLO DANG LDAN PA SU ZHIG 'DZIN, , ZHES GSUNGS SHING DE'I 'GREL PA LAS KYANG , RTOG PA YOD PA KHO NAS YOD PA NYID DANG , RTOG PA MED PAR YOD PA NYID MED PA DE DAG NI, GOR MA CHAG PAR THAG PA BSDOGS PA LA BTAGS PA'I SBRUL LTAR RANG GI NGO BOS MA GRUB PAR NGES SO, , ZHES GSUNGS TE 
data/alignment/reviews_c05/c5p78/proposal-inputs/evidence/4198d86c5c39fcfa3ec40d6da4024e0b5bd872405a691571ff81611414060435.txt:63: trailing whitespace.
+,RIGS PA DRUG CU PA LAS KYANG , 'JIG RTEN MA RIG RKYEN CAN DU, , GANG PHYIR RDZOGS PA'I SANGS RGYAS GSUNG , , DE YI PHYIR NA 'JIG RTEN 'DI, , RNAM RTOG YIN ZHES CIS MI 'THAD, , MA RIG 'GAGS PAR GYUR NA NI, , GANG ZHIG 'GAG PAR 'GYUR BA DE, , MI SHES PA LAS KUN BRTAGS PAR, , JI LTA BUR NA GSAL MI 'GYUR, , ZHES 
data/alignment/reviews_c05/c5p78/proposal-inputs/evidence/4198d86c5c39fcfa3ec40d6da4024e0b5bd872405a691571ff81611414060435.txt:80: new blank line at EOF.
data/alignment/reviews_c05/c5p78/proposal-inputs/evidence/560c28fb4b7e67b7158ddab9a7ec6c9b44b93bc55464f5cf0f7fa08966689cf9.txt:3: trailing whitespace.
+2221: 
data/alignment/reviews_c05/c5p78/proposal-inputs/evidence/560c28fb4b7e67b7158ddab9a7ec6c9b44b93bc55464f5cf0f7fa08966689cf9.txt:13: trailing whitespace.
+2231: 
data/alignment/reviews_c05/c5p78/proposal-inputs/evidence/560c28fb4b7e67b7158ddab9a7ec6c9b44b93bc55464f5cf0f7fa08966689cf9.txt:16: trailing whitespace.
+2234: 
data/alignment/reviews_c05/c5p78/proposal-inputs/evidence/560c28fb4b7e67b7158ddab9a7ec6c9b44b93bc55464f5cf0f7fa08966689cf9.txt:24: trailing whitespace.
+2242: 
data/alignment/reviews_c05/c5p78/proposal-inputs/evidence/560c28fb4b7e67b7158ddab9a7ec6c9b44b93bc55464f5cf0f7fa08966689cf9.txt:34: trailing whitespace.
+2252: 
data/alignment/reviews_c05/c5p78/proposal-inputs/evidence/560c28fb4b7e67b7158ddab9a7ec6c9b44b93bc55464f5cf0f7fa08966689cf9.txt:35: trailing whitespace.
+2253: ,RIGS PA DRUG CU PA LAS KYANG , 'JIG RTEN MA RIG RKYEN CAN DU, , GANG PHYIR RDZOGS PA'I SANGS RGYAS GSUNG , , DE YI PHYIR NA 'JIG RTEN 'DI, , RNAM RTOG YIN ZHES CIS MI 'THAD, , MA RIG 'GAGS PAR GYUR NA NI, , GANG ZHIG 'GAG PAR 'GYUR BA DE, , MI SHES PA LAS KUN BRTAGS PAR, , JI LTA BUR NA GSAL MI 'GYUR, , ZHES 
data/alignment/reviews_c05/c5p78/proposal-inputs/evidence/5db16c3a4f28314f6359dcdb371b6488250cdff5048bbd6d345813204333a9fb.txt:244: trailing whitespace.
+,, DE LA 'DIR BRJOD BYA GZHI LNGA RJOD BYED GNAS BRGYAD KYI SGO NAS GTAN LA 'BEBS PAR BYED PA CHOS MNGON PA'I MDZOD 'CHAD PA LA, `, MTSAN GYI DON, 'GYUR GYI 
data/alignment/reviews_c05/c5p78/proposal-inputs/evidence/5db16c3a4f28314f6359dcdb371b6488250cdff5048bbd6d345813204333a9fb.txt:371: trailing whitespace.
+LAS DE YANG KUN NAS SLONG BA NI PHRA RGYAS YIN NO, ZHES BSTAN PA'I PHYIR DE'I RJES LA GNAS LNGA PA DANG , PHRA RGYAS DE DAG SPONG BYED NI LAM YIN NO ZHES BSTAN PA'I PHYIR DE'I 
data/alignment/reviews_c05/c5p78/proposal-inputs/evidence/5db16c3a4f28314f6359dcdb371b6488250cdff5048bbd6d345813204333a9fb.txt:403: trailing whitespace.
+,DANG PO NI, CHOS MNGON MDZOD KYI BSTAN BCOS RAB BSHAD BYA, ZHES BSHAD NA, CHOS MNGON PA DE GANG ZHE NA, 'DI LA GNYIS YOD PA LAS 
data/alignment/reviews_c05/c5p78/proposal-inputs/evidence/5db16c3a4f28314f6359dcdb371b6488250cdff5048bbd6d345813204333a9fb.txt:443: trailing whitespace.
+GZUGS MED DANG PO GSUM LA MI BRTEN TE, DE GSUM GYIS 'DOD PA LA MI DMIGS, MTHONG LAM GYIS 'DOD PA LA DMIGS PA'I PHYIR, SRID RTZE LA MI BRTEN TE, SRID RTZE NI 
data/alignment/reviews_c05/c5p78/proposal-inputs/evidence/5db16c3a4f28314f6359dcdb371b6488250cdff5048bbd6d345813204333a9fb.txt:492: trailing whitespace.
+,GNYIS PA NI, DAM PA'I CHOS MNGON PA DE THOB PAR BYA BA'I PHYIR DU ZHUGS PA'I THOS BSAM SGOM GSUM GYI SHES RAB ZAG BCAS GANG DANG , SKYES THOB KYI SHES RAB GANG YIN PA DANG , DE RNAMS BRJOD BYAR BYED PA'I BSTAN BCOS YE SHES LA 'JUG PA LA 
data/alignment/reviews_c05/c5p78/proposal-inputs/evidence/5db16c3a4f28314f6359dcdb371b6488250cdff5048bbd6d345813204333a9fb.txt:558: trailing whitespace.
+,GNYIS PA MDZOD BSHAD PA NI, CHOS MNGON MDZOD KYI BSTAN BCOS RAB BSHAD BYA, , ZHES BSHAD NA, CHOS MNGON PA'I MDZOD DE GANG ZHE NA, BSTAN BCOS 'DI LA CHOS MNGON PA'I MDZOD CES BYA STE, MNGON PA SDE BDUN PO DE'I DON GCES GCES RNAMS BSTAN BCOS 'DIR NI DE BRJOD BYA'I DON DU YANG DAG PAR CHUD PA'I PHYIR, DPER NA, RAL GRI GANG DU 'DZUD PA'I SHUBS DE LA RAL GRI'I SHUBS ZHES BRJOD PA DANG NOR GANG 
data/alignment/reviews_c05/c5p78/proposal-inputs/evidence/5db16c3a4f28314f6359dcdb371b6488250cdff5048bbd6d345813204333a9fb.txt:673: trailing whitespace.
+'O NA MDO LAS, DGE SLONG SDE SNOD GSUM PA ZHES 'BYUNG BA'I SDE SNOD 
data/alignment/reviews_c05/c5p78/proposal-inputs/evidence/5db16c3a4f28314f6359dcdb371b6488250cdff5048bbd6d345813204333a9fb.txt:674: trailing whitespace.
+GSUM GZHAG TU MED PAR 'GYUR TE, 'DI DAG LAS GZHAN PA'I MNGON 
data/alignment/reviews_c05/c5p78/proposal-inputs/evidence/5db16c3a4f28314f6359dcdb371b6488250cdff5048bbd6d345813204333a9fb.txt:683: trailing whitespace.
+SKYON MED DE, MDO SDE RNAMS SU DON DAM PA GTAN LA 'BEBS SHING CHOS 
data/alignment/reviews_c05/c5p78/proposal-inputs/evidence/5db16c3a4f28314f6359dcdb371b6488250cdff5048bbd6d345813204333a9fb.txt:684: trailing whitespace.
+RNAMS KYI MTSAN NYID BRJOD BYAR BYED PA DE LA MNGON PA'I SDE SNOD DU 'JOG 
data/alignment/reviews_c05/c5p78/proposal-inputs/evidence/5db16c3a4f28314f6359dcdb371b6488250cdff5048bbd6d345813204333a9fb.txt:758: trailing whitespace.
+SGRA MI RTAG CES PA'I NGAG GIS KYANG SGRA RTAG 'DZIN GYI LOG RTOG SEL BAR 
data/alignment/reviews_c05/c5p78/proposal-inputs/evidence/5db16c3a4f28314f6359dcdb371b6488250cdff5048bbd6d345813204333a9fb.txt:770: trailing whitespace.
+'ON TE MI SEL NA DGOS PA STON PA'I NGAG GIS KYANG MI SEL BAR 'GYUR 
data/alignment/reviews_c05/c5p78/proposal-inputs/evidence/5db16c3a4f28314f6359dcdb371b6488250cdff5048bbd6d345813204333a9fb.txt:777: trailing whitespace.
+SGRA MI RTAG CES BRJOD PAS KYANG SGRA RTAG 'DZIN GYI LOG RTOG SEL KYANG , RTAGS DPE STON PAS THE TSOM DANG MA RTOGS PA BSAL NAS TSAD MA'I RTOGS PA SKYED PA'I PHYIR 
data/alignment/reviews_c05/c5p78/proposal-inputs/evidence/5db16c3a4f28314f6359dcdb371b6488250cdff5048bbd6d345813204333a9fb.txt:801: trailing whitespace.
+NYAN THOS SDE PA'I LUGS LA, LAS NYON GYIS BSDUS PA'I KUN 'BYUNG BDEN PA SPANGS PA'I SO SOR BRTAGS 'GOG THOB CING MNGON DU BYAS LA, SDUG BSNGAL SPANGS PA'I 
data/alignment/reviews_c05/c5p78/proposal-inputs/evidence/5db16c3a4f28314f6359dcdb371b6488250cdff5048bbd6d345813204333a9fb.txt:828: trailing whitespace.
+,DES NA ZAG BCAS KYI PHUNG PO THAMS CAD 'GAGS PA'I 'GOG PA MNGON DU BYAS PA DE'I TSE LHAG MED CES BYA'O, , DE LTAR YANG CHED DU BRJOD PA'I TSOMS LAS, LUS ZHIG TSOR BA BSIL BAR 'GYUR, , 'DU SHES 'GAGS SHING 'DU BYED ZHI, , RNAM PAR SHES PA NUB GYUR PA, , 'DI 'DRA 'DI NI SDUG BSNGAL MTHONG , , ZHES GSUNGS PA'I PHYIR 
data/alignment/reviews_c05/c5p78/proposal-inputs/evidence/5db16c3a4f28314f6359dcdb371b6488250cdff5048bbd6d345813204333a9fb.txt:1008: trailing whitespace.
+RNAMS PAR RIG BYED MIN PA'I GZUGS DE MIN PA RNAM PAR RIG BYED KYI GZUGS CHOS CAN, RNAM PAR RIG BYED MA YIN PA'I GZUGS SU THAL, MA G-YENGS PA DANG SEMS DANG BCAS PA'I GNAS SKABS NA YOD PA'I PHYIR, YANG SGRA LHAG STE,  SEMS G-YENGS 
data/alignment/reviews_c05/c5p78/proposal-inputs/evidence/5db16c3a4f28314f6359dcdb371b6488250cdff5048bbd6d345813204333a9fb.txt:1113: trailing whitespace.
+THAR PA CHOS CAN, DAM PA'I DON DU DGE BA YIN TE, SDUG BSNGAL MA LUS PA DANG BRAL BAS MCHOG TU BDE BA'I PHYIR, DPER NA, SKYES BU RANG BZHIN GYIS NAD MED PA BZHIN, DGE BA'I RTZA BA GSUM DANG NGO TSA SHES PA DANG KHREL YOD CHOS CAN, NGO BO NYID KYIS DGE 
data/alignment/reviews_c05/c5p78/proposal-inputs/evidence/5db16c3a4f28314f6359dcdb371b6488250cdff5048bbd6d345813204333a9fb.txt:1160: trailing whitespace.
+,DON DAM PAR LUNG DU MA BSTAN PA NI, SNGAR BSTAN PA'I SO SOR BRTAGS MIN GYI 
data/alignment/reviews_c05/c5p78/proposal-inputs/evidence/5db16c3a4f28314f6359dcdb371b6488250cdff5048bbd6d345813204333a9fb.txt:1187: trailing whitespace.
+MTHONG SPANG GIS RNAM PAR RIG BYED KUN NAS SLONG BAR MI NUS NA, MDO LAS, LOG 
data/alignment/reviews_c05/c5p78/proposal-inputs/evidence/5db16c3a4f28314f6359dcdb371b6488250cdff5048bbd6d345813204333a9fb.txt:1211: trailing whitespace.
+YID NI SGOM PAS SPANG BYA GNYIS KA YIN TE, RTOG BCAS KHA PHYIR BLTAS YIN PA'I PHYIR, DBANG SHES LNGA NI RJES SU 'JUG BYED KHO NA YIN TE, RTOG MED KHA PHYIR BLTAS KYI SHES PA 
data/alignment/reviews_c05/c5p78/proposal-inputs/evidence/5db16c3a4f28314f6359dcdb371b6488250cdff5048bbd6d345813204333a9fb.txt:1239: trailing whitespace.
+,THUB PA'I RAB TU 'JUG BYED DGE BA LAS RJES SU 'JUG BYED DGE BA DANG , RAB TU 
data/alignment/reviews_c05/c5p78/proposal-inputs/evidence/5db16c3a4f28314f6359dcdb371b6488250cdff5048bbd6d345813204333a9fb.txt:1249: trailing whitespace.
+SDE PA KHA CIG NA RE, THUB PA LA MNYAM PAR MA BZHAG PA'I SEMS MI MNGA' BA'I PHYIR NA, LUNG MA BSTAN GYI SEMS MI MNGA' 'O, , DE SKAD DU YANG MDO LAS, GLANG CHEN GSHEGS NA'ANG MNYAM PAR BZHAG, GLANG CHEN BZHENGS NA'ANG MNYAM PAR 
data/alignment/reviews_c05/c5p78/proposal-inputs/evidence/5db16c3a4f28314f6359dcdb371b6488250cdff5048bbd6d345813204333a9fb.txt:1284: trailing whitespace.
+MCHIMS MDZOD NAS, MDO LAS LAS DGE MI DGE LUNG MA BSTAN GSUM GSUNGS PA LAS DUS RE ZHIG LAS KYI RNAM SMIN YID DU 'ONG BA BDE BA MYONG BA DANG GTAN DU SDUG 
data/alignment/reviews_c05/c5p78/proposal-inputs/evidence/5db16c3a4f28314f6359dcdb371b6488250cdff5048bbd6d345813204333a9fb.txt:1605: trailing whitespace.
+NGES PA BCU GCIG NI MTHONG CHOS LA 'BRAS BU CAN GYI LAS BYED PA YIN TE, DE NI LAS SOG PA'I GNAS SKABS KYI PHUNG BO DANG RNAM SMIN MYONG BA'I GNAS SKABS KYI PHUNG PO GNYIS 'PHEN BYED KYI LAS GCIG GIS 'PHANGS PA'I RIS MTHUN GCIG KHO NA YIN PA'I 
data/alignment/reviews_c05/c5p78/proposal-inputs/evidence/5db16c3a4f28314f6359dcdb371b6488250cdff5048bbd6d345813204333a9fb.txt:1758: trailing whitespace.
+,RGYU MTHUN PA'I 'BRAS BU NI, NGAN 'GRO NAS MIR SKYES KYANG RIM PA LTAR TSE THUNG BA DANG LONGS SPYOD KYIS PHONGS PA DANG CHUNG MA MA BSRUNGS PAR 'GYUR BA DANG , SKUR PA MANG 
data/alignment/reviews_c05/c5p78/proposal-inputs/evidence/5db16c3a4f28314f6359dcdb371b6488250cdff5048bbd6d345813204333a9fb.txt:1775: trailing whitespace.
+,BDEN PA PO'I LE'U DANG SA BCU PA'I MDO LAS NI DE RE RE LA 'BRAS BU GNYIS GNYIS GSUNGS TE, GAL TE MIR SKYES NA YANG TSE THUNG LA NAD MANG BA DANG LONGS SPYOD CHUNG LA LONGS SPYOD GZHAN DANG THUN MONG BA DANG G-YOG 'KHOR MI BSRUN PA'AM YID BRTAN DU MI RUNG LA CHUNG MA 'GRAN ZLA DANG BCAS PA DANG , SKUR PA MANG ZHING GZHAN GYIS BSLU BA DANG 'KHOR MI 'DUM ZHING NGAN PA DANG YID DU MI 'ONG BA THOS SHING 'THAB MO'I TSIG TU 'GYUR BA DANG TSIG MI BTZUN PA'AM TSIG BZUNG MI 'OS SHING MA NGES PA'I SPOBS PAR 
data/alignment/reviews_c05/c5p78/proposal-inputs/evidence/5db16c3a4f28314f6359dcdb371b6488250cdff5048bbd6d345813204333a9fb.txt:1803: trailing whitespace.
+,BLA MA GONG MA RNAMS MIR SKYES NA YANG SROG GCOD SOGS DE DAG LA DGA' BAR 
data/alignment/reviews_c05/c5p78/proposal-inputs/evidence/5db16c3a4f28314f6359dcdb371b6488250cdff5048bbd6d345813204333a9fb.txt:1850: trailing whitespace.
+TSIG KYAL BA'I NI, 'BRAS BU'I LJON SHING LA 'BRAS BU MI 'CHAGS PA DANG DUS MIN PAR YANG 'BRAS BU 'CHAGS PA DANG DUS SU MI 'CHAGS PA DANG MA SMIN PA SMIN PAR 
data/alignment/reviews_c05/c5p78/proposal-inputs/evidence/5db16c3a4f28314f6359dcdb371b6488250cdff5048bbd6d345813204333a9fb.txt:1872: trailing whitespace.
+LOG LTA'I NI, SNOD KYI 'JIG RTEN NA 'BYUNG KHUNGS MCHOG DANG GTZO BO DAG NUB PAR 'GYUR BA DANG DNGOS PO MI GTZANG BA DANG SDUG BSNGAL BA DAG MCHOG TU GTZANG BA DANG 
data/alignment/reviews_c05/c5p78/proposal-inputs/evidence/5db16c3a4f28314f6359dcdb371b6488250cdff5048bbd6d345813204333a9fb.txt:1943: trailing whitespace.
+,RNAM SHES LAS THA DAD PA'I MIG DBANG SOGS MED PAR BSTAN NAS, GZUGS KYANG RNAM PAR SHES PA LAS DON GZHAN PA MED PAR BSTAN PA'I PHYIR SMRAS PA, 'JIG RTEN 'DI NA DBANG PO LNGA LAS BYUNG BA'I RNAM PAR RIG PA LNGA, SNGON PO LA SOGS PA'I PHYI ROL 
data/alignment/reviews_c05/c5p78/proposal-inputs/evidence/5db16c3a4f28314f6359dcdb371b6488250cdff5048bbd6d345813204333a9fb.txt:2159: trailing whitespace.
+,LAN 'DEBS TSUL DE NYID 'PHAGS PA'I BZHED PA YIN PAR STON PA LA, GANG PHYIR LAS NI SKYE BA MED, , 'DI LTAR RANG BZHIN MED DE'I PHYIR, GANG PHYIR DE NI MA SKYES PA, , DE PHYIR CHUD ZAR MI 'GYUR RO, , ZHES RTZA SHER GSUNGS PA DRANGS TE, LAS RANG BZHIN GYIS GRUB PA MED PA'I PHYIR RANG GI BDAG NYID KYIS SKYE BA MED DO, , DE'I PHYIR LAS RANG BZHIN GYIS 'GAG PA MI SRID PA'I PHYIR, LAS BYAS PA'I 'OG TU 'GAGS PA 
data/alignment/reviews_c05/c5p78/proposal-inputs/evidence/5db16c3a4f28314f6359dcdb371b6488250cdff5048bbd6d345813204333a9fb.txt:2205: trailing whitespace.
+BRGYA PA LAS KYANG , RTOG PA MED PAR 'DOD CHAGS LA, , SOGS LA YOD NYID YOD MIN NA, , YANG DAG DON DANG RTOG PA ZHES, , BLO DANG LDAN PA SU ZHIG 'DZIN, , ZHES GSUNGS SHING DE'I 'GREL PA LAS KYANG , RTOG PA YOD PA KHO NAS YOD PA NYID DANG , RTOG PA MED PAR YOD PA NYID MED PA DE DAG NI, GOR MA CHAG PAR THAG PA BSDOGS PA LA BTAGS PA'I SBRUL LTAR RANG GI NGO BOS MA GRUB PAR NGES SO, , ZHES GSUNGS TE 
data/alignment/reviews_c05/c5p78/proposal-inputs/evidence/5db16c3a4f28314f6359dcdb371b6488250cdff5048bbd6d345813204333a9fb.txt:2253: trailing whitespace.
+,RIGS PA DRUG CU PA LAS KYANG , 'JIG RTEN MA RIG RKYEN CAN DU, , GANG PHYIR RDZOGS PA'I SANGS RGYAS GSUNG , , DE YI PHYIR NA 'JIG RTEN 'DI, , RNAM RTOG YIN ZHES CIS MI 'THAD, , MA RIG 'GAGS PAR GYUR NA NI, , GANG ZHIG 'GAG PAR 'GYUR BA DE, , MI SHES PA LAS KUN BRTAGS PAR, , JI LTA BUR NA GSAL MI 'GYUR, , ZHES 
data/alignment/reviews_c05/c5p78/proposal-inputs/evidence/5db16c3a4f28314f6359dcdb371b6488250cdff5048bbd6d345813204333a9fb.txt:2379: trailing whitespace.
+RGYUD BLA MA RTZA 'GREL GYI DGONGS PA MTHAR THUG YIN TE, BDAG 'DZIN GNYIS KYI BAG CHAGS LA BRTEN NAS DE GNYIS SKYES, DE LA BRTEN NAS RANG NGOS NAS GRUB PA'I YID 
data/alignment/reviews_c05/c5p78/proposal-inputs/evidence/5db16c3a4f28314f6359dcdb371b6488250cdff5048bbd6d345813204333a9fb.txt:2380: trailing whitespace.
+'ONG BA DANG YID MI 'ONG DU SNANG BA'I TSUL MIN YID BYED KYI RNAM RTOG SKYE, DE LA BRTEN NAS YID 'ONG LA DMIGS NAS MI 'BRAL BAR 'DOD PA'I 'DOD CHAGS DANG , YID MI 'ONG LA DMIGS NAS 'BRAL 'DOD KYI ZHE SDANG SKYES, DE'I DBANG GIS LAS BSAGS LAS DE'I DBANG GIS 'KHOR BAR 'KHOR BA DANG DE LTAR 'KHOR BA DE YANG , DE BZHIN GSHEGS PA'I SNYING PO MNGON SUM DU MA RTOGS PA'I DBANG GIS YIN PAR GSUNGS PA'I PHYIR   
data/alignment/reviews_c05/c5p78/proposal-inputs/evidence/5db16c3a4f28314f6359dcdb371b6488250cdff5048bbd6d345813204333a9fb.txt:2400: trailing whitespace.
+CHU 'BAB KLUNG LA YI DVAGS RNAG BLO YANG , , ZHES SOGS KYI SKABS SU MTHA' DPYAD PA LA, CHU KLUNG RNAG KHRAG TU SNANG BA'I YI DVAGS KYI MIG SHES DANG , BSE RU'I NANG DU SKRA 
data/alignment/reviews_c05/c5p78/proposal-inputs/evidence/5db16c3a4f28314f6359dcdb371b6488250cdff5048bbd6d345813204333a9fb.txt:2438: trailing whitespace.
+MI RNAMS KYIS NI MNGAR BA DANG , DVANGS PA DANG , BSIL BA'I CHUR RTOGS SHING 'THUNG NGO , , KHRUS BYED DO, , DER 'JUG 
data/alignment/reviews_c05/c5p78/proposal-inputs/evidence/5db16c3a4f28314f6359dcdb371b6488250cdff5048bbd6d345813204333a9fb.txt:2450: trailing whitespace.
+GNYIS PA LUNG GI DON BSHAD PA LA, GZHAN LUGS DGAG, RANG LUGS 
data/alignment/reviews_c05/c5p78/proposal-inputs/evidence/5db16c3a4f28314f6359dcdb371b6488250cdff5048bbd6d345813204333a9fb.txt:2477: trailing whitespace.
+YANG KHA CIG, BRLAN ZHING GSHER BA CHU PHOR PA GANG LA, LHA MI YI DVAGS GSUM 
data/alignment/reviews_c05/c5p78/proposal-inputs/evidence/5db16c3a4f28314f6359dcdb371b6488250cdff5048bbd6d345813204333a9fb.txt:2568: trailing whitespace.
+DE'I TSE NA BRLAN ZHING GSHER BA CHU PHOR PA GANG PO DE CHA SHAS GSUM LDAN DU YOD KYANG , GSUM GAS GSUM GA MTHONG BA MA YIN TE, YI DVAGS KYI LAS NGAN PA BSAGS PA'I 
data/alignment/reviews_c05/c5p78/proposal-inputs/evidence/5db16c3a4f28314f6359dcdb371b6488250cdff5048bbd6d345813204333a9fb.txt:2678: trailing whitespace.
+DER THAL, CHOS KYI GRAGS PA'I LUNG DON NI, GRANGS CAN GYIS RGYANG RING THUNG GI GZUGS LA BLTAS PA DE'I TSE NA, RGYANG RING THUNG GI GZUGS DANG , MIG SHES GNYIS KYI BAR DU, LAS GZUGS GSAL MI GSAL SKYE BA'I DBANG GIS, GZUGS GSAL BAR SNANG MI SNANG 'JOG PA YIN GYI, GZUGS KYI RNAM PA SHAR BA'I SGO NAS GZUGS 
data/alignment/reviews_c05/c5p78/proposal-inputs/evidence/5db16c3a4f28314f6359dcdb371b6488250cdff5048bbd6d345813204333a9fb.txt:2727: trailing whitespace.
+GZHAN YANG , DPAL CHOS KYI GRAGS PA'I LUNG DANG KHYOD 'GAL BA YIN TE, KHYOD KYI NAD LNGA DANG , 'BYUNG BA LNGA DANG , GDON LNGA DANG BCAS PA RNAMS, NYON MONGS PA DUG LNGA'I DNGOS 'BRAS SU KHAS BLANGS, MU STEGS BYED KYI BAD KAN DANG 'DOD CHAGS RGYU 
data/alignment/reviews_c05/c5p78/proposal-inputs/evidence/5db16c3a4f28314f6359dcdb371b6488250cdff5048bbd6d345813204333a9fb.txt:2798: trailing whitespace.
+DNGOS PO GSUM PHAN TSUN GO SA 'GOG PA'I DNGOS PO MA YIN PAR THAL BA'I RIGS PAS MI GNOD DE, DE'I TSE NA BRLAN ZHING GSHER BA PHOR PA GANG PO DE, DNGOS PO GSUM GYI GZHI MTHUN DU YANG KHAS MA BLANGS, TSAD MTSUNGS NGES PAR DGOS PAR 
data/alignment/reviews_c05/c5p78/proposal-inputs/evidence/5db16c3a4f28314f6359dcdb371b6488250cdff5048bbd6d345813204333a9fb.txt:2822: trailing whitespace.
+SKYON MED DE, DE LTA BU'I BRGAL LAN JI SNYED CIG BYAS PA THAMS CAD PHYI DON 'GOG PA'I DBANG DU BYAS PA'I PHYIR, PHYI DON 'GOG PA'I TSUL YANG YOD DE, SNGON PO PHYI ROL 
data/alignment/reviews_c05/c5p78/proposal-inputs/evidence/5db16c3a4f28314f6359dcdb371b6488250cdff5048bbd6d345813204333a9fb.txt:2845: trailing whitespace.
+DE LTAR SNANG NA 'GRO BA GSUM PO DES RANG RANG GI THUN MONG MA YIN PA'I LAS KYIS BAG CHAGS BZHAG PA SMIN PA LA BRTEN NAS, DNGOS PO GSUM PO DE SNANG BA MA YIN 
data/alignment/reviews_c05/c5p78/proposal-inputs/evidence/5db16c3a4f28314f6359dcdb371b6488250cdff5048bbd6d345813204333a9fb.txt:2917: trailing whitespace.
+ZER NA MA KHYAB STE, DANG POR YI DVAGS KYIS CHU MA MTHONG NA PHYOGS DER LONGS SPYOD PA'I PHYIR, 'GRO BA YANG MI 'THAD PAS DANG POR CHU MTHONG YANG , PHYIS LAS KYI DBANG 
data/alignment/reviews_c05/c5p78/proposal-inputs/evidence/5db16c3a4f28314f6359dcdb371b6488250cdff5048bbd6d345813204333a9fb.txt:2938: trailing whitespace.
+RNAM PA GCIG TU NA, YI DVAGS KYIS CHU KLUNG LA BLTAS PA DE'I TSE NA DE MA BSKAMS KYANG , RANG GI BLTA BYAR GYUR PA'I CHU KLUNG DANG , LONGS SPYOD BYAR GYUR PA'I CHU KLUNG BSKAMS PA YOD DE, 'GRO BA GSUM GYIS BRLAN ZHING GSHER BA PHOR PA GANG LA CIG CAR DU BLTAS PA DE'I TSE NA, LAS KYI DBANG GIS RNAG KHRAG SOGS DNGOS PO RNAM PA 
data/alignment/reviews_c05/c5p78/proposal-inputs/evidence/5db16c3a4f28314f6359dcdb371b6488250cdff5048bbd6d345813204333a9fb.txt:2960: trailing whitespace.
+GZHAN YANG , SNANG GZHIR GYUR PA'I RNAG KHRAG MED CING DER SNANG BA'I SNANG BA TZAM GYIS BZA' BTUNG GI BYA BA BYED NA, RAB RIB CAN LA BSE RU'I NANG DU SKRA SHAD SNANG BAS 'CHING BA DANG , DE LA SNANG BA'I SBRANG BUS LUS ZA BA DANG , SMIG RGYU'I CHUS CHU'I BYA BA BYED NUS PA SOGS YIN PAR THAL, SNANG GZHIR GYUR PA'I RNAG KHRAG MED KYANG , RNAG 
data/alignment/reviews_c05/c5p78/proposal-inputs/evidence/5db16c3a4f28314f6359dcdb371b6488250cdff5048bbd6d345813204333a9fb.txt:3084: trailing whitespace.
+SKYON MED DE, DE'I DON LCAGS SREG LA SOGS PA DE DAG DBANG PHYUG RTAG PA SOGS KYIS BLO'I G-YO BA SNGON DU BTANG NAS BYAS PA MA YIN PAR DER SKYES PA'I 'GRO BA'I SDIG 
data/alignment/reviews_c05/c5p78/proposal-inputs/evidence/5db16c3a4f28314f6359dcdb371b6488250cdff5048bbd6d345813204333a9fb.txt:3176: trailing whitespace.
+,'O NA LAS DE DAG GI NGO BO JI LTA BU ZHE NA, MI DGE BA NI GNAG LA RNAM PAR SMIN PA 
data/alignment/reviews_c05/c5p78/proposal-inputs/evidence/5db16c3a4f28314f6359dcdb371b6488250cdff5048bbd6d345813204333a9fb.txt:3250: trailing whitespace.
+,'DOD GZHAN MYONG 'GYUR GNYIS SU 
data/alignment/reviews_c05/c5p78/proposal-inputs/evidence/5db16c3a4f28314f6359dcdb371b6488250cdff5048bbd6d345813204333a9fb.txt:3251: trailing whitespace.
+RIG,GZHAN NI MTHONG BAS SPANG BYA 
data/alignment/reviews_c05/c5p78/proposal-inputs/evidence/5db16c3a4f28314f6359dcdb371b6488250cdff5048bbd6d345813204333a9fb.txt:3252: trailing whitespace.
+GNAG,'DOD PA LAS SKYES GZHAN DKAR 
data/alignment/reviews_c05/c5p78/proposal-inputs/evidence/5db16c3a4f28314f6359dcdb371b6488250cdff5048bbd6d345813204333a9fb.txt:3326: trailing whitespace.
+,BRNAB SEMS SOGS YID KYI GSUM NI RTZA BA GSUM LAS SKYES TE, RTZA BA GSUM PO DE'I MJUG THOGS LAS BYUNG BA'I PHYIR, DGE BA BCU SBYOR BA DANG MJUG DANG DNGOS 
data/alignment/reviews_c05/c5p78/proposal-inputs/evidence/5db16c3a4f28314f6359dcdb371b6488250cdff5048bbd6d345813204333a9fb.txt:3481: trailing whitespace.
+GZHAN GYIS BDAG TU BZUNG BA'I CHUNG MA DANG , DE MIN YANG RANG GI MA DANG SRID MO DANG PHA MA BDUN RGYUD TSUN CHAD DU 'BREL BA'I NYE DU MO DANG , RANG GI CHUNG MA YIN YANG 
data/alignment/reviews_c05/c5p78/proposal-inputs/evidence/5db16c3a4f28314f6359dcdb371b6488250cdff5048bbd6d345813204333a9fb.txt:3526: trailing whitespace.
+MTHONG BA LA MTHONG ZHES SOGS BZHI DANG , MA MTHONG BA LA MA MTHONG ZHES SOGS BZHI STE 'PHAGS PA'I THA SNYAD BRGYAD GSUNGS NA, MTHONG BA DANG THOS PA SOGS BZHI PO GANG YIN ZHE NA, MIG GI RNAM PAR SHES PA DANG , RNA BA'I RNAM PAR SHES PA DANG , YID KYI 
data/alignment/reviews_c05/c5p78/proposal-inputs/evidence/5db16c3a4f28314f6359dcdb371b6488250cdff5048bbd6d345813204333a9fb.txt:3542: trailing whitespace.
+,NYON MONGS CAN GYI SEMS KYI 
data/alignment/reviews_c05/c5p78/proposal-inputs/evidence/5db16c3a4f28314f6359dcdb371b6488250cdff5048bbd6d345813204333a9fb.txt:3551: trailing whitespace.
+,LOG PAR LTA BA YIN   
data/alignment/reviews_c05/c5p78/proposal-inputs/evidence/5db16c3a4f28314f6359dcdb371b6488250cdff5048bbd6d345813204333a9fb.txt:3628: trailing whitespace.
+DE LA SROG GCOD KYI GZHI NI, SROG DANG LDAN PA'I SEMS CAN TE, DE YANG GSOD PA PO RANG NYID GSOD NA SBYOR BA'I SDIG PA YOD KYI, MTHAR THUG MED PA LA DGONGS NAS 
data/alignment/reviews_c05/c5p78/proposal-inputs/evidence/5db16c3a4f28314f6359dcdb371b6488250cdff5048bbd6d345813204333a9fb.txt:3878: trailing whitespace.
+,LAS GCIG GIS 'PHANGS PA'I RIS MTHUN PA'I SKYE BA DE'I KHYAD PAR GYI CHOS YONGS 
data/alignment/reviews_c05/c5p78/proposal-inputs/evidence/5db16c3a4f28314f6359dcdb371b6488250cdff5048bbd6d345813204333a9fb.txt:3901: trailing whitespace.
+GNYIS PA NI CHOS KYI RGYAL PO GSHIN RJE DANG , KLU'I RGYAL PO NOR RGYAS KYI BU LA SOGS 
data/alignment/reviews_c05/c5p78/proposal-inputs/evidence/5db16c3a4f28314f6359dcdb371b6488250cdff5048bbd6d345813204333a9fb.txt:4147: trailing whitespace.
+,'KHOR LO'I DBYEN DE YANG SANGS RGYAS BZHUGS PAS 'DZAM BU'I GLING NA YOD KYI GLING GZHAN NA MED DO, , GANG ZAG NI DGE SLONG DGU LA SOGS PA YIN GYIS 'GRUB STE, DGE 'DUN NI DGE SLONG BZHI YAN CHAD YIN LA, DE SDE GNYIS DANG 'BYED PA PO LA YANG 
data/alignment/reviews_c05/c5p78/proposal-inputs/evidence/5db16c3a4f28314f6359dcdb371b6488250cdff5048bbd6d345813204333a9fb.txt:4252: trailing whitespace.
+,CI'I PHYIR PHA MA GSOD PA LA SOGS PA KHO NA LA MTSAMS MED KYI 'GYUR GYI, GZHAN BSAD PA LA SOGS PAS MIN ZHE NA, PHA MA BSAD PA NI MTSAMS MED PA YIN TE, DE 
data/alignment/reviews_c05/c5p78/proposal-inputs/evidence/5db16c3a4f28314f6359dcdb371b6488250cdff5048bbd6d345813204333a9fb.txt:4374: trailing whitespace.
+ DE BZHIN DU DGRA BCOM PA MA THOB PA LA MTSON BSNUN PA'I 'OG TU DGRA BCOM PA THOB PAR GYUR NAS, BSNUN PA DES DGRA BCOM PA DKRONGS PA LA'ANG MTSAMS MED PAR 
data/alignment/reviews_c05/c5p78/proposal-inputs/evidence/5db16c3a4f28314f6359dcdb371b6488250cdff5048bbd6d345813204333a9fb.txt:4491: trailing whitespace.
+,DBYE BA NI, BDAG GI DON GYI PHYIR SBYIN PA NA 'DOD PA LA 'DOD CHAGS DANG MA BRAL 
data/alignment/reviews_c05/c5p78/proposal-inputs/evidence/5db16c3a4f28314f6359dcdb371b6488250cdff5048bbd6d345813204333a9fb.txt:4680: trailing whitespace.
+,ZHES SBYIN PA BRGYAD GSUNGS PA'I NANG NAS NI BRGYAD PA SEMS KYI RGYAN LA SOGS PA'I PHYIR SBYIN PA MCHOG 
data/alignment/reviews_c05/c5p78/proposal-inputs/evidence/5db16c3a4f28314f6359dcdb371b6488250cdff5048bbd6d345813204333a9fb.txt:4757: trailing whitespace.
+ZHING GIS CHE BA NI PHAN 'DOGS PA DANG , GZHIS CHE BA NI LUS KYI LAS LA SROG GCOD PA DANG , NGAG GI LAS LA RDZUN DANG , YID KYI LAS LA LOG LTA CHE BA LA SOGS PA DANG , SROG GCOD PA'ANG CHEN PO NI DGRA BCOM PA GSOD PA LA SOGS PA STE, MNAR MED 
