master entries list 105634
entry schema {'tibetan': 'ཀ', 'wylie': 'ka', 'wylie_variants': ['ka'], 'tenses': None, 'sanskrit': '{LC}stambha; {LC}ka; {LC}śāli', 'hopkins_english': '{PH}[verbal suffix meaning “about to”]', 'hgm_gloss': ['the', 'all', 'practitioners of all', 'above'], 'hgm_evidence': {'tier': 'glossary', 'source': 'HTG2016'}, 'status': 'hgm-attested', 'pronunciation': 'ka', 'acip': 'KA', 'corpus_occurrences': {'courses': ['AK', 'C01', 'C02', 'C03', 'C04', 'C05', 'C06', 'C07', 'C08', 'C09', 'C10', 'C11', 'C12', 'C13', 'C14', 'C15', 'C16', 'C17', 'C18', 'DDA', 'DTE', 'EM', 'GIE', 'GK', 'ILL', 'MB2', 'P1', 'P10', 'P3', 'P5', 'P6', 'P7', 'P9', 'SOS', 'SPF', 'Sunlight', 'TCS01', 'TCS02', 'TCS03', 'TCS04Initiation', 'TCS04Mantras', 'TCS04PrayerBook', 'TCS05', 'TCS06', 'TCS07', 'TCS08PabongkaSadhana', 'TCS08ThousandAngels', 'TCS09', 'TCS10', 'TCS11', 'TCS12', 'TCS13', 'TCS14', 'TCS15', 'TCS16KaliWang', 'TCS16Reading', 'TCS17', 'TCS18Commentary'], 'n_segments': 1304}, 'hopkins_realigned': 'uma-v26', 'lc_merged': 'lc-v27'}
tshad 1 [{"hgm_gloss": ["what they cal", "distances", "measure", "length", "dimensions", "measurement", "size ... size", "what", "totally correct", "valid perceptions", "everything", "valid perception", "entire extent", "correct perception", "correctness", "measured"], "id": null}]
mtshungs 1 [{"hgm_gloss": ["equally", "parallel", "we could just as well", "same", "the same", "the same thing", "just the same", "the same as", "would be just the same", "equivalent", "exactly the same", "identical", "exactly the same!", "similar"], "id": null}]
tshad mtshungs 0 []
nges par 1 [{"hgm_gloss": ["definitely", "absolutely", "absolute certainty", "certainly", "ascertains correctly", "necessarily true", "must beyond doubt", "true", "necessarily", "really"], "id": null}]
dgos 1 [{"hgm_gloss": ["must", "should", "must be", "have to", "had", "must ... must", "you should", "necessary", "be forced", "is supposed to be", "need", "of course", "is necessary", "necessarily", "would have to be", "required", "is ... necessary", "would be", "would have", "must be present", "goal", "purpose", "would", "would have to"], "id": null}]
gsum 1 [{"hgm_gloss": ["three", "the three", "numbers", "\"three\"", "three agents", "(three", "three steps", "two", "three sections", "three-fold", "three types", "third", "three different", "three ... three ... three", "three divisions", "three ... three", "three different types", "three ways", "three parts", "practitioners of the three", "there"], "id": null}]
yod pa 1 [{"hgm_gloss": ["is", "be", "is had", "present", "be had", "with", "occurrences", "are", "have", "who are", "there are", "comes", "had", "has", "lies", "consisted", "living", "exist", "is equal to", "existed", "exists", "is true", "there is", "existence", "there exists", "was", "it is", "were", "could", "to exist", "could be", "actually do exist", "can ... could ... could", "do", "thing that exists", "does have", "there does exist", "being", "exists ... exist", "something which exists", "existing", "does exist", "do exist", "thinking that things exist", "relate", "does in fact exist", "exist ... they do", "do exist ... exist", "can ... be", "could ... exist", "it is true that", "would be", "having", "in truth exists", "apply", "did exist", "must be possible for there to be", "existing object", "actually exists", "to be", "possess", "do have", "do possess", "is found", "thing", "possesses", "is present"], "id": null}]
srid pa 1 [{"hgm_gloss": ["cyclic life", "life", "round", "the ripe force of deeds", "the birth", "the being", "types of lives", "being", "birth", "beings", "next life", "beings ... being", "lives", "possible", "births", "suffering life", "a rebirth", "taking births", "suffering existence", "cyclic existence", "possible for there to be", "suffering circle of life", "circle", "exist", "circle of life", "could ever be", "rebirth?", "ripened karma", "possibility", "to be", "existence", "ripe force of deeds"], "id": null}]
las 1 [{"hgm_gloss": ["deeds", "deed"], "id": null}]
dbang 1 [{"hgm_gloss": ["power", "powerful ... powerful", "the power", "force", "faculties", "powers", "varying capacities", "forces", "lord", "fact", "the fact", "sense powers", "sense power", "powerful", "physical faculty", "process", "forced", "physical faculties", "basis", "lords"], "id": null}]
dngos po 1 [{"hgm_gloss": ["things", "functional things", "functioning thing", "thing", "working things", "something", "something that functioned", "functional objects", "things that function", "thing that does function", "thing that did function", "thing which ... function", "working thing", "functioning", "things which function", "things which perform a function", "objects", "substances", "functional thing", "object", "functioning things", "nature of being a thing ... nature of being a thing", "phenomena", "things that perform a function", "acts", "put", "actually", "have any affect", "entities", "produced"], "id": null}]
tshad grub 1 [{"hgm_gloss": ["confirmed by a valid"], "id": null}]
tshad grub pa 1 [{"hgm_gloss": ["confirmed by a valid perception"], "id": null}]
bskyed 1 [{"hgm_gloss": ["seek", "make", "develops", "develop", "gives", "developed", "come to feel", "to develop", "enjoy", "achieve", "bear", "create", "make anything grow", "grow", "produce", "start to exist", "causes", "birth", "come", "raising"], "id": null}]
bskyed nus 0 []
nus 1 [{"hgm_gloss": ["able", "power", "be able to", "can", "ability", "could", "actually manage", "capable", "enable", "can gain the ability", "is possible", "capacity", "be", "possible"], "id": null}]
sngar 1 [{"hgm_gloss": ["above", "before", "already", "at some isolated instance in the past", "earlier", "prior", "just", "previous", "came before", "original", "finally", "previously ... previous"], "id": null}]
rigs pa 1 [{"hgm_gloss": ["it would be the right time", "reasons", "logic", "reasoning", "logical", "very right", "true", "postulate", "how to reason", "art of reasoning", "true reasoning", "reason", "reasonings", "logically", "reaching conclusions with reason", "proper", "sense", "point", "line of reasoning"], "id": null}]
'grub 1 [{"hgm_gloss": ["proves", "come", "established"], "id": null}]
snod 1 [{"hgm_gloss": ["pot", "vessel", "vessel's", "collections", "sections", "section", "places", "vessels"], "id": null}]
skye ba 1 [{"hgm_gloss": ["births", "lives", "form", "growing", "their births", "gain it", "be present", "developing", "to develop", "gain", "formation", "birth", "the births i have taken", "comes", "gaining", "occurs", "the lives", "beings", "life", "birth ... birth", "given rise", "created", "born", "rise", "start", "habit", "take birth", "can feel", "occur", "occur ... occur", "grow", "develop", "comes from", "comes up", "can occur", "arising", "could grow", "occurs ... occurs", "gets", "starts being", "grows up", "come", "start to be", "grows", "happens", "eventually grows into", "growth", "beginning", "grew", "get", "exists", "began", "arise", "that things can come", "they arise", "do they arise", "can come", "arises", "lifetimes", "rebirth", "begins", "stay", "producing", "starts becoming", "produces", "spirit", "comes forth", "rebirths", "start up", "taken"], "id": null}]
rnag 1 [{"hgm_gloss": ["blood and pus", "pus", "blood", "pus?"], "id": null}]
la sogs pa 1 [{"hgm_gloss": ["and others of the like", "like", "and all the rest", "or the like", "and so on", "any", "and the like", "in other", "various", "and other such things", "and the rest", "and such", "other types such as", "like a", "start with", "or other types of beings", "too", "and on and on", "anything else", "or other details", "whatever", "such as", "and the other", "or anything of the like", "and everything else", "and all other", "and other such", "and all the others as well", "and others as well", "or any of the rest", "and other", "and ... other", "works like", "nor by the rest", "and each of the others", "or such", "something else", "and others", "or whatever", "and so forth", "a number of", "such", "and other such objects", "other", "or more", "or however", "the like", "or even more", "or someone else", "and all the other pains"], "id": null}]
spyir 1 [{"hgm_gloss": ["generally", "can be", "in a general sense", "according to", "it is true that", "generally speaking", "general", "at all", "in general"], "id": null}]
go sa 1 [{"hgm_gloss": ["point in space", "space taken up", "space which they themselves occupy", "space they occupy", "space"], "id": null}]
'gog 1 [{"hgm_gloss": ["to stop", "refuting", "refute", "block", "deny", "cessation", "refutes", "prevented", "denial", "end"], "id": null}]
'gog nus 0 []
'gog byed 1 [{"hgm_gloss": ["to block", "used to deny", "position", "refutes", "block"], "id": null}]
bltas pa 1 [{"hgm_gloss": ["looks", "look", "looking", "is looked", "look upon", "look at", "looked upon"], "id": null}]
'gal 1 [{"hgm_gloss": ["transgressing", "contradict", "appears to contradict", "contradiction", "a contradiction of terms", "is at odds with", "contradicts", "contradictory", "apparent inconsistencies", "lacks", "contradict each other", "apparent contradictions", "mutually exclusive", "incompatible", "violates", "inconsistency"], "id": null}]
ri rab 1 [{"hgm_gloss": ["mount supreme", "ultimate mountain--mount supreme", "mountain at the center of the world", "central mountain of the world", "central mountain of the world ... central mountain of the world", "central mountain"], "id": null}]
gru bzhi 1 [{"hgm_gloss": ["square", "square in shape"], "id": null}]
zlum po 1 [{"hgm_gloss": ["round", "circular outline", "circle", "around", "round in shape"], "id": null}]
phan tshun 1 [{"hgm_gloss": ["each other ... each other ... each other", "each other", "side by side"], "id": null}]
gcig 1 [{"hgm_gloss": ["one and only", "one", "single", "someone", "period of 24 hours", "a single", "a certain", "a single being", "a specific", "one ... alone", "a measure", "also", "same", "another", "the same as", "be present with", "a", "exactly the same", "possess", "singular", "one thing", "are one", "an", "there exists no difference", "single thing", "particular"], "id": null}]
gnyis ka 1 [{"hgm_gloss": ["both", "both of us", "two", "simultaneous", "the two", "neither", "both ... together", "both situations", "both ... at the same time", "both the above", "both of the above", "simultaneously"], "id": null}]
lcags gong 0 []
dmar 'bar ba 1 [{"hgm_gloss": ["red-hot"], "id": null}]
tsha ba 1 [{"hgm_gloss": ["heat", "hot"], "id": null}]
lcags sngags 0 []
sngags 1 [{"hgm_gloss": ["secret word", "magic words", "special incantations", "incantations", "secret", "mantra", "word", "way of the secret word", "secret way"], "id": null}]
btab pa 1 [{"hgm_gloss": ["made", "planting", "given", "has used", "used", "represent", "has ... used", "triggered"], "id": null}]
lag pa 1 [{"hgm_gloss": ["hands", "arms", "a limb", "hand"], "id": null}]
reg pa 1 [{"hgm_gloss": ["contact", "grasp", "touch", "touches", "find", "mental function"], "id": null}]
myong ba 1 [{"hgm_gloss": ["fluency", "enjoying", "experience", "undergo", "experiencer", "experiences", "experienced", "felt", "feels", "taste", "experience)", "achieve", "undergoing", "accustomed"], "id": null}]
reg bya 1 [{"hgm_gloss": ["tangibles", "feel", "sensation", "physical sensations"], "id": null}]
rgyal ba dge 'dun grub 1 [{"hgm_gloss": ["gyalwa gendun drup, his holiness the first dalai lama (1391-1474)", "his holiness the first dalai lama, gendun drup (1391-1474)", "first dalai lama", "gyalwa gendun drup, his holiness the first dalai lama"], "id": null}]
rgyal ba 1 [{"hgm_gloss": ["Victor", "the Victors"], "id": null}]
dge 'dun grub 1 [{"hgm_gloss": ["gendun drup, his holiness the first dalai lama (1391-1474)"], "id": null}]
brtsoms pa 1 [{"hgm_gloss": ["compose", "written", "composed", "selections"], "id": null}]
brtsom pa 1 [{"hgm_gloss": null, "id": null}]
mdzod 1 [{"hgm_gloss": ["try", "treasure", "treasure house of knowledge (the abhidharmakosha)", "treasure house", "e house", "treasure house of knowledge (abhidharmakosha)", "abhidharmakosha", "treasure house of knowledge"], "id": null}]
mdzod Tik 0 []
Tik 1 [{"hgm_gloss": ["commentary"], "id": null}]
thar lam gsal byed 1 [{"hgm_gloss": ["light on the path to freedom", "light for the path to freedom", "illumination of the path to freedom"], "id": null}]
thar lam 1 [{"hgm_gloss": ["path to freedom"], "id": null}]
thar 1 [{"hgm_gloss": ["freedom", "to unshackle", "can free", "freed", "unshackle"], "id": null}]
lam 1 [{"hgm_gloss": ["paths", "path", "travelling", "or", "the paths", "the path", "road", "act", "path knowledge", "ways", "stage", "course", "way"], "id": null}]
gsal byed 1 [{"hgm_gloss": ["light", "illuminate", "illuminates", "illumination"], "id": null}]
rtsa ba 1 [{"hgm_gloss": ["root", "very root", "roots", "the very root", "principles", "very roots", "core", "store", "very foundation", "original", "original statement", "1283 root text", "root text", "1659 root text", "major point", "'root'", "most basic", "basic"], "id": null}]
dang bcas pa 1 [{"hgm_gloss": ["and", "with", "serve as his attendants", "includes", "along with", "come with", "'s", "possess ... have ... are", "from the point of view of", "involve", "and ... of", "are", "involving", "including as it does", "one still has", "establishes", "involves", "has", "through", "also", "and with", "include", "possessing", "inhabitants"], "id": null}]
query wylie las kyi dbang gis 40 [('C03', 437), ('C05', 239), ('C05', 274), ('C05', 279), ('C05', 290), ('C05', 295), ('C05', 297), ('C05', 313), ('C08', 130), ('C08', 211), ('C09', 225), ('C09', 241), ('C12', 175), ('C15', 419), ('C15', 424), ('C15', 435), ('C15', 440), ('C15', 442), ('C15', 458), ('C16', 816), ('C16', 850), ('C17', 306), ('C17', 526), ('C18', 283), ('C18', 1134), ('EM', 684), ('ILL', 409), ('ILL', 413), ('ILL', 415), ('ILL', 2340), ('ILL', 2343), ('ILL', 2684), ('P1', 80), ('P7', 28), ('P7', 34), ('P7', 36), ('P7', 38), ('P7', 48), ('SSL', 128), ('SSL', 174)]
query wylie tshad grub 12 [('C05', 281), ('C05', 285), ('C05', 313), ('C15', 426), ('C15', 430), ('C15', 458), ('C16', 850), ('C18', 1134), ('DDA', 164), ('P7', 30), ('P7', 31), ('P7', 48)]
query wylie go sa 'gog 8 [('C05', 285), ('C05', 286), ('C05', 314), ('C15', 430), ('C15', 431), ('C15', 459), ('C16', 851), ('P7', 49)]
query wylie lcags sngags 7 [('C05', 270), ('C05', 314), ('C15', 415), ('C15', 459), ('C16', 851), ('C18', 1129), ('P7', 49)]
query wylie brtsoms pa'i mdzod 6 [('C05', 28), ('C05', 146), ('C05', 315), ('C05', 378), ('C05', 412), ('C05', 468)]
query english Illumination of the Path to Freedom 22 [('C05', 22), ('C05', 23), ('C05', 28), ('C05', 146), ('C05', 315), ('C05', 378), ('C05', 412), ('C05', 468), ('C08', 22), ('C08', 39), ('C08', 132), ('C08', 177), ('C08', 245), ('C08', 271), ('C16', 678), ('C17', 308), ('C17', 336), ('Sunlight', 979), ('TITLS', 1072), ('TITLS', 1084), ('TITLS', 2055), ('TITLS', 2075)]
query english Again consider this same situation. 5 [('C05', 313), ('C15', 458), ('C16', 850), ('C18', 1134), ('P7', 48)]
query english Generally speaking, each of the three objects mentioned 4 [('C05', 314), ('C15', 459), ('C16', 851), ('P7', 49)]
query english Black, White, and Other Deeds Defined 1 [('C05', 315)]
exact rows 313 [('C05', 313), ('C15', 458), ('C16', 850), ('C18', 1134)]
exact rows 314 [('C05', 314), ('C15', 459), ('C16', 851)]
exact rows 315 [('C05', 315)]
register schema list 194
master absence check field names ['tibetan', 'wylie', 'wylie_variants', 'tenses', 'sanskrit', 'hopkins_english', 'hgm_gloss', 'hgm_evidence', 'status', 'pronunciation', 'acip', 'corpus_occurrences', 'hopkins_realigned', 'lc_merged']
