{
  "status": "FINAL_GENERATION_COMPLETE",
  "counts": {
    "277": {
      "spans": 61,
      "nulls": 6,
      "d5_nonnull": 39,
      "depths": {
        "3": 5,
        "5": 43,
        "6": 13,
        "7": 0
      },
      "original_dispositions": 111,
      "errata": 0
    },
    "278": {
      "spans": 21,
      "nulls": 0,
      "d5_nonnull": 14,
      "depths": {
        "3": 1,
        "5": 14,
        "6": 6,
        "7": 0
      },
      "original_dispositions": 40,
      "errata": 0
    },
    "279": {
      "spans": 64,
      "nulls": 2,
      "d5_nonnull": 41,
      "depths": {
        "3": 5,
        "5": 41,
        "6": 14,
        "7": 4
      },
      "original_dispositions": 120,
      "errata": 0
    }
  },
  "copy": {
    "original_records": 618,
    "distinct_copies": 370,
    "new_copies": 12
  }
}
