292 {'spans': 33, 'nulls': 3, 'd5': 20, 'd7': 0, 'd3': 7, 'd6': 6, 'errata': 0} metadata discrepancies []
q1 [0, 17] de ltar ma yin na => [0, 25] If this were not the case
w2 [18, 23] gzugs => [59, 63] form
w3 [24, 34] la sogs pa => [64, 78] and other such
w4 [37, 47] skye mched => [79, 118] doorways through which perceptions grow
p5 [48, 53] rnams => None None
q6 [54, 61] med par => [119, 143] do not even exist at all
p7 [62, 66] thal => [36, 53] would have to say
w8 [68, 70] de => [215, 219] they
w9 [71, 74] yod => [220, 225] exist
w10 [79, 83] ston => [204, 209] state
w11 [89, 92] mdo => [191, 197] sutras
q12 [93, 102] drang don => [243, 268] do not mean what they say
w13 [103, 116] dgongs pa can => [295, 304] interpret
w14 [121, 124] mdo => [230, 236] sutras
p15 [134, 139] phyir => [150, 157] Because
q16 [141, 149] der thal => [343, 373] this too is certainly the case
w17 [151, 161] nyi shu pa => [405, 418] Twenty Verses
w18 [164, 174] rang 'grel => [383, 397] autocommentary
q19 [180, 191] de bzhin du => [432, 447] In the same way
w20 [192, 206] bcom ldan 'das => [467, 484] victorious Buddha
w21 [211, 216] gzugs => [504, 508] form
w22 [217, 227] la sogs pa => [509, 523] and other such
w23 [230, 240] skye mched => [524, 543] doors of perception
w24 [241, 244] yod => [547, 552] exist
w25 [249, 258] gsungs pa => [494, 498] says
q26 [276, 293] 'dul ba'i skye bo => [706, 715] disciples
q27 [296, 303] ched du => [687, 705] for the benefit of
w28 [308, 312] bka' => [578, 582] word
p29 [316, 318] ni => None None
w30 [319, 332] dgongs pa can => [596, 607] interpreted
p31 [339, 343] zhes => None None
w32 [344, 353] gsungs pa => [419, 425] states
p33 [356, 361] phyir => [375, 378] for
293 {'spans': 31, 'nulls': 0, 'd5': 19, 'd7': 6, 'd3': 4, 'd6': 2, 'errata': 0} metadata discrepancies []
q1 [0, 10] byas pa la => [0, 19] In response to this
q2 [11, 20] kho na re => [20, 39] someone might claim
w3 [22, 27] skyon => [52, 59] problem
w4 [28, 31] med => [49, 51] no
w5 [36, 48] phyi rol don => [186, 199] outer objects
m6 [36, 44] phyi rol => [186, 191] outer
m7 [45, 48] don => [192, 199] objects
w8 [52, 59] grub pa => [174, 182] existing
w9 [62, 67] gzugs => [125, 129] form
w10 [68, 72] sogs => [130, 141] and similar
w11 [73, 83] skye mched => [142, 161] doors of perception
w12 [92, 96] ston => [117, 124] explain
w13 [102, 105] mdo => [104, 110] sutras
w14 [106, 115] drang don => [216, 228] figuratively
q15 [116, 129] dgongs pa can => [234, 285] must be interpreted to establish their true meaning
w16 [139, 142] don => [65, 70] point
w17 [167, 171] lung => [326, 335] statement
w18 [172, 179] snga ma => [317, 325] original
w19 [182, 185] don => [302, 309] meaning
w20 [191, 199] mtshungs => [353, 357] same
w21 [204, 216] phyi rol don => [447, 459] outer object
m22 [204, 212] phyi rol => [447, 452] outer
m23 [213, 216] don => [453, 459] object
w24 [220, 227] grub pa => [434, 440] exists
w25 [230, 240] rnag khrag => [414, 427] pus and blood
m26 [230, 234] rnag => [414, 417] pus
m27 [235, 240] khrag => [422, 427] blood
p28 [241, 243] gi => [411, 413] of
w29 [244, 252] thigs pa => [406, 410] drop
p30 [258, 262] yang => [399, 403] even
q31 [263, 266] med => [384, 398] does not exist
294 {'spans': 45, 'nulls': 2, 'd5': 26, 'd7': 8, 'd3': 1, 'd6': 10, 'errata': 0} metadata discrepancies []
p1 [0, 4] yang => [0, 9] Yet again
w2 [14, 22] yi dvags => [79, 94] craving spirits
p3 [23, 27] kyis => None None
w4 [28, 37] chu klung => [111, 125] river of water
m5 [28, 31] chu => [120, 125] water
m6 [32, 37] klung => [111, 116] river
p7 [38, 40] la => [106, 108] at
w8 [41, 49] bltas pa => [100, 105] looks
w9 [61, 70] chu klung => [148, 156] riverbed
w10 [71, 80] bskams pa => [144, 147] dry
w11 [84, 93] tshad mar => [158, 167] genuinely
w12 [109, 117] mig shes => [131, 135] sees
p13 [118, 122] dang => [172, 174] Or
w14 [125, 137] 'bras bu can => [209, 226] loaded with fruit
m15 [125, 133] 'bras bu => [221, 226] fruit
m16 [134, 137] can => [209, 220] loaded with
w17 [142, 149] ljon pa => [204, 208] tree
p18 [150, 152] la => [199, 201] at
w19 [153, 161] bltas pa => [193, 198] looks
q20 [173, 188] 'bras bu med pa => [243, 265] nothing but bare limbs
w21 [192, 201] tshad mar => [267, 276] genuinely
w22 [217, 225] mig shes => [232, 236] sees
w23 [226, 234] tshad ma => [345, 361] valid perception
p24 [243, 247] thal => [335, 339] must
w25 [249, 256] 'gro ba => [409, 415] beings
w26 [257, 261] gsum => [393, 398] three
p27 [262, 266] gyis => None None
w28 [267, 272] brlan => [453, 456] wet
p29 [273, 278] zhing => [457, 460] and
w30 [279, 287] gsher ba => [461, 468] flowing
w31 [288, 295] phor pa => [429, 434] glass
w32 [296, 300] gang => [435, 439] full
p33 [301, 303] la => [424, 426] at
w34 [304, 312] bltas pa => [416, 423] looking
w35 [324, 334] rnag khrag => [492, 505] pus and blood
m36 [324, 328] rnag => [492, 495] pus
m37 [329, 334] khrag => [500, 505] blood
w38 [335, 348] dngos gnas pa => [510, 516] actual
w39 [352, 361] tshad mar => [585, 592] genuine
w40 [372, 380] yi dvags => [566, 580] craving spirit
w41 [385, 393] mig shes => [598, 618] visual consciousness
m42 [385, 388] mig => [598, 604] visual
m43 [389, 393] shes => [605, 618] consciousness
w44 [394, 402] tshad ma => [625, 641] valid perception
p45 [412, 417] phyir => [363, 366] Why
