ZHEN 3118 sgra ji bzhin par zhen pa ["taken to mean exactly what they say"]
ZHEN 3913 mngon par zhen pa ["belief", "imagine", "interpreted"]
ZHEN 4478 chu zheng ["length"]
ZHEN 4479 chu zheng gab ["proportioned like the branches"]
ZHEN 9180 bdag 'dzin gyi zhen yul ["argument concerning the refutations"]
ZHEN 11932 phyin ci log tu zhen pa ["only through our projections"]
ZHEN 13862 ma zhen ["attachment"]
ZHEN 13863 ma zhen pa ["learning contemplation and meditation"]
ZHEN 16273 zhen ["give up"]
ZHEN 16275 zhen pa ["craving", "desire (contextually)"]
ZHEN 16277 zhen pa med ["believe"]
ZHEN 16279 zhen yul ["grasp"]
ZHEN 16543 bzhengs te ["body of illusion"]
ZHEN 16544 bzhengs pa ["body of illusion"]
ZHEN 22597 mngon zhen ["believe"]
ZHEN 23724 'dod zhen ["desire for things"]
ZHEN 23947 snang zhen ["believe that they really exist", "seeing and believing"]
REGISTER TYPE <class 'list'>
PARALLELS [('C05:295', 'C15:440', {'acip': True, 'wylie': True, 'english': True}), ('C05:295', 'P7:36', {'acip': False, 'wylie': False, 'english': True}), ('C05:296', 'C15:441', {'acip': True, 'wylie': True, 'english': True}), ('C05:296', 'P7:37', {'acip': False, 'wylie': False, 'english': True}), ('C05:297', 'C15:442', {'acip': True, 'wylie': True, 'english': True}), ('C05:297', 'P7:38', {'acip': False, 'wylie': False, 'english': True})]
ARCHIVE 9 PHYSICAL C15 6
