{
  "baseline_commit": "499e907929f9bd74396a20319f6cf448ad3b5510",
  "page": "c5p81",
  "segments": [
    241,
    242,
    243
  ],
  "prior_links_retained": 43966,
  "added_links": 98,
  "added_by_segment": {
    "241": 51,
    "242": 8,
    "243": 39
  },
  "reviewed_analyst_spans": 95,
  "full_links": 44064,
  "null_exponents": 11877,
  "evidence_headwords": 7020,
  "evidence_pairs": 15246,
  "prior_notes_trees_evidence_and_acip_retained": true,
  "prior_csv_rows_retained": 22007,
  "current_csv_rows": 22049,
  "prior_csv_content_and_references_retained": true,
  "csv_acip_enrichments_from_newly_banked_source": [],
  "source_hashes_unchanged": true,
  "review_tuples_and_source_ranges_match": true,
  "navigation_targets_exist": true,
  "rendering_verified": false
}
